Archive member included to satisfy reference by file (symbol)

c:/program files/microchip/xc8/v3.00/avr/bin/../lib/gcc/avr/5.4.0/avr5\libgcc.a(_copy_data.o)
                              build/ISP/debug/main.o (__do_copy_data)
c:/program files/microchip/xc8/v3.00/avr/bin/../lib/gcc/avr/5.4.0/../../../../avr/lib/avr5\libc.a(exit.o)
                              C:/Program Files/Microchip/MPLABX/v6.20/packs/Microchip/ATmega_DFP/3.1.264/xc8/avr/lib/avr5/crtatmega328pb.o (exit)
c:/program files/microchip/xc8/v3.00/avr/bin/../lib/gcc/avr/5.4.0/../../../../avr/lib/avr5\libc.a(__sio_printf_dosux.o)
                              build/ISP/debug/main.o (_printf_cdopsuxX)
c:/program files/microchip/xc8/v3.00/avr/bin/../lib/gcc/avr/5.4.0/../../../../avr/lib/avr5\libc.a(__sio_printf_doux.o)
                              build/ISP/debug/main.o (_printf_cdopuxX)
c:/program files/microchip/xc8/v3.00/avr/bin/../lib/gcc/avr/5.4.0/../../../../avr/lib/avr5\libc.a(__sio_sprintf_doux.o)
                              build/ISP/debug/main.o (_sprintf_cdopuxX)
c:/program files/microchip/xc8/v3.00/avr/bin/../lib/gcc/avr/5.4.0/../../../../avr/lib/avr5\libc.a(__fmt_d.o)
                              c:/program files/microchip/xc8/v3.00/avr/bin/../lib/gcc/avr/5.4.0/../../../../avr/lib/avr5\libc.a(__sio_printf_dosux.o) (__fmt_d_needed)
c:/program files/microchip/xc8/v3.00/avr/bin/../lib/gcc/avr/5.4.0/../../../../avr/lib/avr5\libc.a(__fmt_o.o)
                              c:/program files/microchip/xc8/v3.00/avr/bin/../lib/gcc/avr/5.4.0/../../../../avr/lib/avr5\libc.a(__sio_printf_dosux.o) (__fmt_o_needed)
c:/program files/microchip/xc8/v3.00/avr/bin/../lib/gcc/avr/5.4.0/../../../../avr/lib/avr5\libc.a(__fmt_s.o)
                              c:/program files/microchip/xc8/v3.00/avr/bin/../lib/gcc/avr/5.4.0/../../../../avr/lib/avr5\libc.a(__sio_printf_dosux.o) (__fmt_s_needed)
c:/program files/microchip/xc8/v3.00/avr/bin/../lib/gcc/avr/5.4.0/../../../../avr/lib/avr5\libc.a(__fmt_u.o)
                              c:/program files/microchip/xc8/v3.00/avr/bin/../lib/gcc/avr/5.4.0/../../../../avr/lib/avr5\libc.a(__fmt_d.o) (__cvt_u)
c:/program files/microchip/xc8/v3.00/avr/bin/../lib/gcc/avr/5.4.0/../../../../avr/lib/avr5\libc.a(__fmt_x.o)
                              c:/program files/microchip/xc8/v3.00/avr/bin/../lib/gcc/avr/5.4.0/../../../../avr/lib/avr5\libc.a(__sio_printf_dosux.o) (__fmt_x_needed)
c:/program files/microchip/xc8/v3.00/avr/bin/../lib/gcc/avr/5.4.0/../../../../avr/lib/avr5\libc.a(__pop_int.o)
                              c:/program files/microchip/xc8/v3.00/avr/bin/../lib/gcc/avr/5.4.0/../../../../avr/lib/avr5\libc.a(__sio_printf_dosux.o) (__pop_int_needed)
c:/program files/microchip/xc8/v3.00/avr/bin/../lib/gcc/avr/5.4.0/../../../../avr/lib/avr5\libc.a(__printf_core.o)
                              c:/program files/microchip/xc8/v3.00/avr/bin/../lib/gcc/avr/5.4.0/../../../../avr/lib/avr5\libc.a(__fmt_d.o) (__pad)
c:/program files/microchip/xc8/v3.00/avr/bin/../lib/gcc/avr/5.4.0/../../../../avr/lib/avr5\libc.a(fputc.o)
                              c:/program files/microchip/xc8/v3.00/avr/bin/../lib/gcc/avr/5.4.0/../../../../avr/lib/avr5\libc.a(__printf_core.o) (fputc)
c:/program files/microchip/xc8/v3.00/avr/bin/../lib/gcc/avr/5.4.0/../../../../avr/lib/avr5\libc.a(puts.o)
                              build/ISP/debug/main.o (puts)
c:/program files/microchip/xc8/v3.00/avr/bin/../lib/gcc/avr/5.4.0/../../../../avr/lib/avr5\libc.a(stdout.o)
                              build/ISP/debug/UART.o (_stdout)
c:/program files/microchip/xc8/v3.00/avr/bin/../lib/gcc/avr/5.4.0/../../../../avr/lib/avr5\libc.a(strlen.o)
                              c:/program files/microchip/xc8/v3.00/avr/bin/../lib/gcc/avr/5.4.0/../../../../avr/lib/avr5\libc.a(__fmt_s.o) (strlen)
c:/program files/microchip/xc8/v3.00/avr/bin/../lib/gcc/avr/5.4.0/../../../../avr/lib/avr5\libc.a(tolower.o)
                              c:/program files/microchip/xc8/v3.00/avr/bin/../lib/gcc/avr/5.4.0/../../../../avr/lib/avr5\libc.a(__printf_core.o) (tolower)
c:/program files/microchip/xc8/v3.00/avr/bin/../lib/gcc/avr/5.4.0/../../../../avr/lib/avr5\libc.a(toupper.o)
                              c:/program files/microchip/xc8/v3.00/avr/bin/../lib/gcc/avr/5.4.0/../../../../avr/lib/avr5\libc.a(__fmt_x.o) (toupper)
c:/program files/microchip/xc8/v3.00/avr/bin/../lib/gcc/avr/5.4.0/../../../../avr/lib/avr5\libc.a(errno.o)
                              c:/program files/microchip/xc8/v3.00/avr/bin/../lib/gcc/avr/5.4.0/../../../../avr/lib/avr5\libc.a(__printf_core.o) (__errno_val)
c:/program files/microchip/xc8/v3.00/avr/bin/../lib/gcc/avr/5.4.0/../../../../avr/lib/avr5\libc.a(_Exit.o)
                              c:/program files/microchip/xc8/v3.00/avr/bin/../lib/gcc/avr/5.4.0/../../../../avr/lib/avr5\libc.a(exit.o) (_Exit)
c:/program files/microchip/xc8/v3.00/avr/bin/../lib/gcc/avr/5.4.0/../../../../avr/lib/avr5\libc.a(__int_vfprintf.o)
                              c:/program files/microchip/xc8/v3.00/avr/bin/../lib/gcc/avr/5.4.0/../../../../avr/lib/avr5\libc.a(__sio_printf_dosux.o) (__vfprintf)
c:/program files/microchip/xc8/v3.00/avr/bin/../lib/gcc/avr/5.4.0/../../../../avr/lib/avr5\libc.a(__int_vsprintf.o)
                              c:/program files/microchip/xc8/v3.00/avr/bin/../lib/gcc/avr/5.4.0/../../../../avr/lib/avr5\libc.a(__sio_sprintf_doux.o) (__vsprintf)
c:/program files/microchip/xc8/v3.00/avr/bin/../lib/gcc/avr/5.4.0/../../../../avr/lib/avr5\libc.a(__int_vsnprintf.o)
                              c:/program files/microchip/xc8/v3.00/avr/bin/../lib/gcc/avr/5.4.0/../../../../avr/lib/avr5\libc.a(__int_vsprintf.o) (__vsnprintf)
c:/program files/microchip/xc8/v3.00/avr/bin/../lib/gcc/avr/5.4.0/../../../../avr/lib/avr5\libc.a(fputs.o)
                              c:/program files/microchip/xc8/v3.00/avr/bin/../lib/gcc/avr/5.4.0/../../../../avr/lib/avr5\libc.a(puts.o) (fputs)
c:/program files/microchip/xc8/v3.00/avr/bin/../lib/gcc/avr/5.4.0/avr5\libgcc.a(_udivmodsi4.o)
                              c:/program files/microchip/xc8/v3.00/avr/bin/../lib/gcc/avr/5.4.0/../../../../avr/lib/avr5\libc.a(__fmt_u.o) (__udivmodsi4)
c:/program files/microchip/xc8/v3.00/avr/bin/../lib/gcc/avr/5.4.0/avr5\libgcc.a(_exit.o)
                              c:/program files/microchip/xc8/v3.00/avr/bin/../lib/gcc/avr/5.4.0/../../../../avr/lib/avr5\libc.a(_Exit.o) (_exit)
c:/program files/microchip/xc8/v3.00/avr/bin/../lib/gcc/avr/5.4.0/avr5\libgcc.a(_prologue.o)
                              c:/program files/microchip/xc8/v3.00/avr/bin/../lib/gcc/avr/5.4.0/../../../../avr/lib/avr5\libc.a(__sio_printf_dosux.o) (__prologue_saves__)
c:/program files/microchip/xc8/v3.00/avr/bin/../lib/gcc/avr/5.4.0/avr5\libgcc.a(_epilogue.o)
                              c:/program files/microchip/xc8/v3.00/avr/bin/../lib/gcc/avr/5.4.0/../../../../avr/lib/avr5\libc.a(__sio_printf_dosux.o) (__epilogue_restores__)

Allocating common symbols
Common symbol       size              file

__stdout_used       0x2               c:/program files/microchip/xc8/v3.00/avr/bin/../lib/gcc/avr/5.4.0/../../../../avr/lib/avr5\libc.a(stdout.o)
__errno_val         0x2               c:/program files/microchip/xc8/v3.00/avr/bin/../lib/gcc/avr/5.4.0/../../../../avr/lib/avr5\libc.a(errno.o)

Discarded input sections

 .data          0x0000000000000000        0x0 C:/Program Files/Microchip/MPLABX/v6.20/packs/Microchip/ATmega_DFP/3.1.264/xc8/avr/lib/avr5/crtatmega328pb.o
 .bss           0x0000000000000000        0x0 C:/Program Files/Microchip/MPLABX/v6.20/packs/Microchip/ATmega_DFP/3.1.264/xc8/avr/lib/avr5/crtatmega328pb.o
 .text          0x0000000000000000        0x0 build/ISP/debug/main.o
 .data          0x0000000000000000        0x0 build/ISP/debug/main.o
 .bss           0x0000000000000000        0x0 build/ISP/debug/main.o
 .text.TreatUartReceivedCharAccordingToState
                0x0000000000000000        0x2 build/ISP/debug/main.o
 .text.ReceiveTimeoutValueErrorTest
                0x0000000000000000        0x8 build/ISP/debug/main.o
 .text.ReceiveTimerSecondsValue
                0x0000000000000000       0x18 build/ISP/debug/main.o
 .text.ExternalInterruptFunction_0
                0x0000000000000000       0x24 build/ISP/debug/main.o
 .text.ReceiveTimeOutValueCounterInit
                0x0000000000000000       0x3e build/ISP/debug/main.o
 .text.PrintDisplayCodeOnUART
                0x0000000000000000       0x56 build/ISP/debug/main.o
 .text.TestI2CDisplayStatus
                0x0000000000000000        0x8 build/ISP/debug/main.o
 .text.setup    0x0000000000000000      0x18c build/ISP/debug/main.o
 .data.test.2863
                0x0000000000000000        0x1 build/ISP/debug/main.o
 .bss.NumberOfExternalInterruptsOnPin0FromCallback
                0x0000000000000000        0x2 build/ISP/debug/main.o
 .bss.DisplayErrorTestTimeout
                0x0000000000000000        0x1 build/ISP/debug/main.o
 .bss.DisplayStartUpWaitTime
                0x0000000000000000        0x1 build/ISP/debug/main.o
 .bss.I2CDisplayErrorFound
                0x0000000000000000        0x1 build/ISP/debug/main.o
 .bss.I2CDisplayStatus
                0x0000000000000000        0x1 build/ISP/debug/main.o
 .data.I2CAddress
                0x0000000000000000        0x1 build/ISP/debug/main.o
 .bss.ThisExternalInterruptLockoutTimeStruct
                0x0000000000000000        0x4 build/ISP/debug/main.o
 .bss.ThisDisplayTimeSetupTimeStruct
                0x0000000000000000        0x4 build/ISP/debug/main.o
 .bss.ThisAddressStruct
                0x0000000000000000       0x15 build/ISP/debug/main.o
 .data.StateMachineState
                0x0000000000000000        0x1 build/ISP/debug/main.o
 .bss.GoBackToInitStateOnTypeErrorsInRAM
                0x0000000000000000        0x1 build/ISP/debug/main.o
 .bss.ExternalInterruptLockoutTimeInRAM
                0x0000000000000000        0x1 build/ISP/debug/main.o
 .bss.DisplaySetupTimeInRAM
                0x0000000000000000        0x1 build/ISP/debug/main.o
 .text          0x0000000000000000        0x0 build/ISP/debug/ssd1306.o
 .data          0x0000000000000000        0x0 build/ISP/debug/ssd1306.o
 .bss           0x0000000000000000        0x0 build/ISP/debug/ssd1306.o
 .text.SSD1306_Init
                0x0000000000000000       0xae build/ISP/debug/ssd1306.o
 .text.SSD1306_NormalScreen
                0x0000000000000000       0x24 build/ISP/debug/ssd1306.o
 .text.SSD1306_InverseScreen
                0x0000000000000000       0x24 build/ISP/debug/ssd1306.o
 .text.SSD1306_ClearScreen
                0x0000000000000000       0x7e build/ISP/debug/ssd1306.o
 .text.SSD1306_ClearPage
                0x0000000000000000       0x82 build/ISP/debug/ssd1306.o
 .text.SSD1306_ClearPageFromToEnd
                0x0000000000000000       0xbe build/ISP/debug/ssd1306.o
 .text.SSD1306_DrawLineVertical
                0x0000000000000000       0xaa build/ISP/debug/ssd1306.o
 .text.SSD1306_DrawLineHorizontal
                0x0000000000000000       0xc8 build/ISP/debug/ssd1306.o
 .text.SSD1306_HorizontalScroll
                0x0000000000000000       0x6a build/ISP/debug/ssd1306.o
 .text.SSD1306_HorizontalScrollStop
                0x0000000000000000       0x22 build/ISP/debug/ssd1306.o
 progmem.data.INIT_SSD1306
                0x0000000000000000       0x2c build/ISP/debug/ssd1306.o
 .text          0x0000000000000000        0x0 build/ISP/debug/twi.o
 .data          0x0000000000000000        0x0 build/ISP/debug/twi.o
 .bss           0x0000000000000000        0x0 build/ISP/debug/twi.o
 .text.TWI_Init
                0x0000000000000000       0x18 build/ISP/debug/twi.o
 .text.TWI_MR_Send_SLAR
                0x0000000000000000       0x36 build/ISP/debug/twi.o
 .text          0x0000000000000000        0x0 build/ISP/debug/Timer.o
 .data          0x0000000000000000        0x0 build/ISP/debug/Timer.o
 .bss           0x0000000000000000        0x0 build/ISP/debug/Timer.o
 .text.GetBitValuesForClockSelect
                0x0000000000000000       0x52 build/ISP/debug/Timer.o
 .rodata.Timer_PrescalerBitValues
                0x0000000000000000       0x14 build/ISP/debug/Timer.o
 .debug_info    0x0000000000000000      0x330 build/ISP/debug/Timer.o
 .debug_abbrev  0x0000000000000000       0x90 build/ISP/debug/Timer.o
 .debug_loc     0x0000000000000000      0x13c build/ISP/debug/Timer.o
 .debug_aranges
                0x0000000000000000       0x20 build/ISP/debug/Timer.o
 .debug_ranges  0x0000000000000000       0x10 build/ISP/debug/Timer.o
 .debug_line    0x0000000000000000       0xa1 build/ISP/debug/Timer.o
 .debug_str     0x0000000000000000        0x0 build/ISP/debug/Timer.o
 .comment       0x0000000000000000       0x30 build/ISP/debug/Timer.o
 .debug_frame   0x0000000000000000       0x24 build/ISP/debug/Timer.o
 .text          0x0000000000000000        0x0 build/ISP/debug/Timer0.o
 .data          0x0000000000000000        0x0 build/ISP/debug/Timer0.o
 .bss           0x0000000000000000        0x0 build/ISP/debug/Timer0.o
 .text.Setup_Timer0_Overflow_Interrupt
                0x0000000000000000       0x4a build/ISP/debug/Timer0.o
 .text.Enable_Timer0_Overflow_Interrupt
                0x0000000000000000        0xc build/ISP/debug/Timer0.o
 .text.Disable_Timer0_Overflow_Interrupt
                0x0000000000000000        0xc build/ISP/debug/Timer0.o
 .text          0x0000000000000000        0x0 build/ISP/debug/UART.o
 .data          0x0000000000000000        0x0 build/ISP/debug/UART.o
 .bss           0x0000000000000000        0x0 build/ISP/debug/UART.o
 .text.uart_putch
                0x0000000000000000       0x14 build/ISP/debug/UART.o
 .text.SetupUARTFunctionCallbackPointer
                0x0000000000000000        0xa build/ISP/debug/UART.o
 .text.SetupOutputStreamToUart
                0x0000000000000000       0x12 build/ISP/debug/UART.o
 .text.RS232Init
                0x0000000000000000       0x20 build/ISP/debug/UART.o
 .text.Enable_UART_Receive_Interrupt
                0x0000000000000000        0xc build/ISP/debug/UART.o
 .text.Disable_UART_Receive_Interupt
                0x0000000000000000        0xc build/ISP/debug/UART.o
 .data.uart_output
                0x0000000000000000       0x10 build/ISP/debug/UART.o
 .text          0x0000000000000000        0x0 build/ISP/debug/ExternalInterrupt.o
 .data          0x0000000000000000        0x0 build/ISP/debug/ExternalInterrupt.o
 .bss           0x0000000000000000        0x0 build/ISP/debug/ExternalInterrupt.o
 .text.AttachAndEnableExternalInterrupt
                0x0000000000000000       0x70 build/ISP/debug/ExternalInterrupt.o
 .text.DetachAndDisableExternalInterrupt
                0x0000000000000000       0x52 build/ISP/debug/ExternalInterrupt.o
 .text          0x0000000000000000        0x0 c:/program files/microchip/xc8/v3.00/avr/bin/../lib/gcc/avr/5.4.0/avr5\libgcc.a(_copy_data.o)
 .data          0x0000000000000000        0x0 c:/program files/microchip/xc8/v3.00/avr/bin/../lib/gcc/avr/5.4.0/avr5\libgcc.a(_copy_data.o)
 .bss           0x0000000000000000        0x0 c:/program files/microchip/xc8/v3.00/avr/bin/../lib/gcc/avr/5.4.0/avr5\libgcc.a(_copy_data.o)
 .text.libgcc.mul
                0x0000000000000000        0x0 c:/program files/microchip/xc8/v3.00/avr/bin/../lib/gcc/avr/5.4.0/avr5\libgcc.a(_copy_data.o)
 .text.libgcc.div
                0x0000000000000000        0x0 c:/program files/microchip/xc8/v3.00/avr/bin/../lib/gcc/avr/5.4.0/avr5\libgcc.a(_copy_data.o)
 .text.libgcc   0x0000000000000000        0x0 c:/program files/microchip/xc8/v3.00/avr/bin/../lib/gcc/avr/5.4.0/avr5\libgcc.a(_copy_data.o)
 .text.libgcc.prologue
                0x0000000000000000        0x0 c:/program files/microchip/xc8/v3.00/avr/bin/../lib/gcc/avr/5.4.0/avr5\libgcc.a(_copy_data.o)
 .text.libgcc.builtins
                0x0000000000000000        0x0 c:/program files/microchip/xc8/v3.00/avr/bin/../lib/gcc/avr/5.4.0/avr5\libgcc.a(_copy_data.o)
 .text.libgcc.fmul
                0x0000000000000000        0x0 c:/program files/microchip/xc8/v3.00/avr/bin/../lib/gcc/avr/5.4.0/avr5\libgcc.a(_copy_data.o)
 .text.libgcc.fixed
                0x0000000000000000        0x0 c:/program files/microchip/xc8/v3.00/avr/bin/../lib/gcc/avr/5.4.0/avr5\libgcc.a(_copy_data.o)
 .text          0x0000000000000000        0x0 c:/program files/microchip/xc8/v3.00/avr/bin/../lib/gcc/avr/5.4.0/../../../../avr/lib/avr5\libc.a(exit.o)
 .data          0x0000000000000000        0x0 c:/program files/microchip/xc8/v3.00/avr/bin/../lib/gcc/avr/5.4.0/../../../../avr/lib/avr5\libc.a(exit.o)
 .bss           0x0000000000000000        0x0 c:/program files/microchip/xc8/v3.00/avr/bin/../lib/gcc/avr/5.4.0/../../../../avr/lib/avr5\libc.a(exit.o)
 .stack.descriptors
                0x0000000000000000       0x73 c:/program files/microchip/xc8/v3.00/avr/bin/../lib/gcc/avr/5.4.0/../../../../avr/lib/avr5\libc.a(exit.o)
 .text          0x0000000000000000        0x0 c:/program files/microchip/xc8/v3.00/avr/bin/../lib/gcc/avr/5.4.0/../../../../avr/lib/avr5\libc.a(__sio_printf_dosux.o)
 .data          0x0000000000000000        0x0 c:/program files/microchip/xc8/v3.00/avr/bin/../lib/gcc/avr/5.4.0/../../../../avr/lib/avr5\libc.a(__sio_printf_dosux.o)
 .bss           0x0000000000000000        0x0 c:/program files/microchip/xc8/v3.00/avr/bin/../lib/gcc/avr/5.4.0/../../../../avr/lib/avr5\libc.a(__sio_printf_dosux.o)
 .stack.descriptors
                0x0000000000000000       0x3b c:/program files/microchip/xc8/v3.00/avr/bin/../lib/gcc/avr/5.4.0/../../../../avr/lib/avr5\libc.a(__sio_printf_dosux.o)
 .text.__sio_printf_dosux
                0x0000000000000000       0x1a c:/program files/microchip/xc8/v3.00/avr/bin/../lib/gcc/avr/5.4.0/../../../../avr/lib/avr5\libc.a(__sio_printf_dosux.o)
 .text          0x0000000000000000        0x0 c:/program files/microchip/xc8/v3.00/avr/bin/../lib/gcc/avr/5.4.0/../../../../avr/lib/avr5\libc.a(__sio_printf_doux.o)
 .data          0x0000000000000000        0x0 c:/program files/microchip/xc8/v3.00/avr/bin/../lib/gcc/avr/5.4.0/../../../../avr/lib/avr5\libc.a(__sio_printf_doux.o)
 .bss           0x0000000000000000        0x0 c:/program files/microchip/xc8/v3.00/avr/bin/../lib/gcc/avr/5.4.0/../../../../avr/lib/avr5\libc.a(__sio_printf_doux.o)
 .stack.descriptors
                0x0000000000000000       0x3a c:/program files/microchip/xc8/v3.00/avr/bin/../lib/gcc/avr/5.4.0/../../../../avr/lib/avr5\libc.a(__sio_printf_doux.o)
 .text.__wrap_printf
                0x0000000000000000       0x30 c:/program files/microchip/xc8/v3.00/avr/bin/../lib/gcc/avr/5.4.0/../../../../avr/lib/avr5\libc.a(__sio_printf_doux.o)
 .text.__sio_printf_doux
                0x0000000000000000       0x1a c:/program files/microchip/xc8/v3.00/avr/bin/../lib/gcc/avr/5.4.0/../../../../avr/lib/avr5\libc.a(__sio_printf_doux.o)
 .comment       0x0000000000000000       0x2d c:/program files/microchip/xc8/v3.00/avr/bin/../lib/gcc/avr/5.4.0/../../../../avr/lib/avr5\libc.a(__sio_printf_doux.o)
 .stack.descriptors.hdr
                0x0000000000000000        0xe c:/program files/microchip/xc8/v3.00/avr/bin/../lib/gcc/avr/5.4.0/../../../../avr/lib/avr5\libc.a(__sio_printf_doux.o)
 .note.GNU-stack
                0x0000000000000000        0x0 c:/program files/microchip/xc8/v3.00/avr/bin/../lib/gcc/avr/5.4.0/../../../../avr/lib/avr5\libc.a(__sio_printf_doux.o)
 .text          0x0000000000000000        0x0 c:/program files/microchip/xc8/v3.00/avr/bin/../lib/gcc/avr/5.4.0/../../../../avr/lib/avr5\libc.a(__sio_sprintf_doux.o)
 .data          0x0000000000000000        0x0 c:/program files/microchip/xc8/v3.00/avr/bin/../lib/gcc/avr/5.4.0/../../../../avr/lib/avr5\libc.a(__sio_sprintf_doux.o)
 .bss           0x0000000000000000        0x0 c:/program files/microchip/xc8/v3.00/avr/bin/../lib/gcc/avr/5.4.0/../../../../avr/lib/avr5\libc.a(__sio_sprintf_doux.o)
 .stack.descriptors
                0x0000000000000000       0x3c c:/program files/microchip/xc8/v3.00/avr/bin/../lib/gcc/avr/5.4.0/../../../../avr/lib/avr5\libc.a(__sio_sprintf_doux.o)
 .text.__sio_sprintf_doux
                0x0000000000000000       0x1a c:/program files/microchip/xc8/v3.00/avr/bin/../lib/gcc/avr/5.4.0/../../../../avr/lib/avr5\libc.a(__sio_sprintf_doux.o)
 .text          0x0000000000000000        0x0 c:/program files/microchip/xc8/v3.00/avr/bin/../lib/gcc/avr/5.4.0/../../../../avr/lib/avr5\libc.a(__fmt_d.o)
 .data          0x0000000000000000        0x0 c:/program files/microchip/xc8/v3.00/avr/bin/../lib/gcc/avr/5.4.0/../../../../avr/lib/avr5\libc.a(__fmt_d.o)
 .bss           0x0000000000000000        0x0 c:/program files/microchip/xc8/v3.00/avr/bin/../lib/gcc/avr/5.4.0/../../../../avr/lib/avr5\libc.a(__fmt_d.o)
 .stack.descriptors
                0x0000000000000000       0x15 c:/program files/microchip/xc8/v3.00/avr/bin/../lib/gcc/avr/5.4.0/../../../../avr/lib/avr5\libc.a(__fmt_d.o)
 .text          0x0000000000000000        0x0 c:/program files/microchip/xc8/v3.00/avr/bin/../lib/gcc/avr/5.4.0/../../../../avr/lib/avr5\libc.a(__fmt_o.o)
 .data          0x0000000000000000        0x0 c:/program files/microchip/xc8/v3.00/avr/bin/../lib/gcc/avr/5.4.0/../../../../avr/lib/avr5\libc.a(__fmt_o.o)
 .bss           0x0000000000000000        0x0 c:/program files/microchip/xc8/v3.00/avr/bin/../lib/gcc/avr/5.4.0/../../../../avr/lib/avr5\libc.a(__fmt_o.o)
 .stack.descriptors
                0x0000000000000000       0x15 c:/program files/microchip/xc8/v3.00/avr/bin/../lib/gcc/avr/5.4.0/../../../../avr/lib/avr5\libc.a(__fmt_o.o)
 .text          0x0000000000000000        0x0 c:/program files/microchip/xc8/v3.00/avr/bin/../lib/gcc/avr/5.4.0/../../../../avr/lib/avr5\libc.a(__fmt_s.o)
 .data          0x0000000000000000        0x0 c:/program files/microchip/xc8/v3.00/avr/bin/../lib/gcc/avr/5.4.0/../../../../avr/lib/avr5\libc.a(__fmt_s.o)
 .bss           0x0000000000000000        0x0 c:/program files/microchip/xc8/v3.00/avr/bin/../lib/gcc/avr/5.4.0/../../../../avr/lib/avr5\libc.a(__fmt_s.o)
 .stack.descriptors
                0x0000000000000000       0x15 c:/program files/microchip/xc8/v3.00/avr/bin/../lib/gcc/avr/5.4.0/../../../../avr/lib/avr5\libc.a(__fmt_s.o)
 .text          0x0000000000000000        0x0 c:/program files/microchip/xc8/v3.00/avr/bin/../lib/gcc/avr/5.4.0/../../../../avr/lib/avr5\libc.a(__fmt_u.o)
 .data          0x0000000000000000        0x0 c:/program files/microchip/xc8/v3.00/avr/bin/../lib/gcc/avr/5.4.0/../../../../avr/lib/avr5\libc.a(__fmt_u.o)
 .bss           0x0000000000000000        0x0 c:/program files/microchip/xc8/v3.00/avr/bin/../lib/gcc/avr/5.4.0/../../../../avr/lib/avr5\libc.a(__fmt_u.o)
 .stack.descriptors
                0x0000000000000000       0x2a c:/program files/microchip/xc8/v3.00/avr/bin/../lib/gcc/avr/5.4.0/../../../../avr/lib/avr5\libc.a(__fmt_u.o)
 .text          0x0000000000000000        0x0 c:/program files/microchip/xc8/v3.00/avr/bin/../lib/gcc/avr/5.4.0/../../../../avr/lib/avr5\libc.a(__fmt_x.o)
 .data          0x0000000000000000        0x0 c:/program files/microchip/xc8/v3.00/avr/bin/../lib/gcc/avr/5.4.0/../../../../avr/lib/avr5\libc.a(__fmt_x.o)
 .bss           0x0000000000000000        0x0 c:/program files/microchip/xc8/v3.00/avr/bin/../lib/gcc/avr/5.4.0/../../../../avr/lib/avr5\libc.a(__fmt_x.o)
 .stack.descriptors
                0x0000000000000000       0x15 c:/program files/microchip/xc8/v3.00/avr/bin/../lib/gcc/avr/5.4.0/../../../../avr/lib/avr5\libc.a(__fmt_x.o)
 .text          0x0000000000000000        0x0 c:/program files/microchip/xc8/v3.00/avr/bin/../lib/gcc/avr/5.4.0/../../../../avr/lib/avr5\libc.a(__pop_int.o)
 .data          0x0000000000000000        0x0 c:/program files/microchip/xc8/v3.00/avr/bin/../lib/gcc/avr/5.4.0/../../../../avr/lib/avr5\libc.a(__pop_int.o)
 .bss           0x0000000000000000        0x0 c:/program files/microchip/xc8/v3.00/avr/bin/../lib/gcc/avr/5.4.0/../../../../avr/lib/avr5\libc.a(__pop_int.o)
 .stack.descriptors
                0x0000000000000000       0x17 c:/program files/microchip/xc8/v3.00/avr/bin/../lib/gcc/avr/5.4.0/../../../../avr/lib/avr5\libc.a(__pop_int.o)
 .text          0x0000000000000000        0x0 c:/program files/microchip/xc8/v3.00/avr/bin/../lib/gcc/avr/5.4.0/../../../../avr/lib/avr5\libc.a(__printf_core.o)
 .data          0x0000000000000000        0x0 c:/program files/microchip/xc8/v3.00/avr/bin/../lib/gcc/avr/5.4.0/../../../../avr/lib/avr5\libc.a(__printf_core.o)
 .bss           0x0000000000000000        0x0 c:/program files/microchip/xc8/v3.00/avr/bin/../lib/gcc/avr/5.4.0/../../../../avr/lib/avr5\libc.a(__printf_core.o)
 .stack.descriptors
                0x0000000000000000       0x91 c:/program files/microchip/xc8/v3.00/avr/bin/../lib/gcc/avr/5.4.0/../../../../avr/lib/avr5\libc.a(__printf_core.o)
 .text          0x0000000000000000        0x0 c:/program files/microchip/xc8/v3.00/avr/bin/../lib/gcc/avr/5.4.0/../../../../avr/lib/avr5\libc.a(fputc.o)
 .data          0x0000000000000000        0x0 c:/program files/microchip/xc8/v3.00/avr/bin/../lib/gcc/avr/5.4.0/../../../../avr/lib/avr5\libc.a(fputc.o)
 .bss           0x0000000000000000        0x0 c:/program files/microchip/xc8/v3.00/avr/bin/../lib/gcc/avr/5.4.0/../../../../avr/lib/avr5\libc.a(fputc.o)
 .stack.descriptors
                0x0000000000000000       0x13 c:/program files/microchip/xc8/v3.00/avr/bin/../lib/gcc/avr/5.4.0/../../../../avr/lib/avr5\libc.a(fputc.o)
 .text          0x0000000000000000        0x0 c:/program files/microchip/xc8/v3.00/avr/bin/../lib/gcc/avr/5.4.0/../../../../avr/lib/avr5\libc.a(puts.o)
 .data          0x0000000000000000        0x0 c:/program files/microchip/xc8/v3.00/avr/bin/../lib/gcc/avr/5.4.0/../../../../avr/lib/avr5\libc.a(puts.o)
 .bss           0x0000000000000000        0x0 c:/program files/microchip/xc8/v3.00/avr/bin/../lib/gcc/avr/5.4.0/../../../../avr/lib/avr5\libc.a(puts.o)
 .stack.descriptors
                0x0000000000000000       0x12 c:/program files/microchip/xc8/v3.00/avr/bin/../lib/gcc/avr/5.4.0/../../../../avr/lib/avr5\libc.a(puts.o)
 .text.puts     0x0000000000000000       0x12 c:/program files/microchip/xc8/v3.00/avr/bin/../lib/gcc/avr/5.4.0/../../../../avr/lib/avr5\libc.a(puts.o)
 .comment       0x0000000000000000       0x2d c:/program files/microchip/xc8/v3.00/avr/bin/../lib/gcc/avr/5.4.0/../../../../avr/lib/avr5\libc.a(puts.o)
 .stack.descriptors.hdr
                0x0000000000000000        0xe c:/program files/microchip/xc8/v3.00/avr/bin/../lib/gcc/avr/5.4.0/../../../../avr/lib/avr5\libc.a(puts.o)
 .note.GNU-stack
                0x0000000000000000        0x0 c:/program files/microchip/xc8/v3.00/avr/bin/../lib/gcc/avr/5.4.0/../../../../avr/lib/avr5\libc.a(puts.o)
 .text          0x0000000000000000        0x0 c:/program files/microchip/xc8/v3.00/avr/bin/../lib/gcc/avr/5.4.0/../../../../avr/lib/avr5\libc.a(stdout.o)
 .data          0x0000000000000000        0x0 c:/program files/microchip/xc8/v3.00/avr/bin/../lib/gcc/avr/5.4.0/../../../../avr/lib/avr5\libc.a(stdout.o)
 .bss           0x0000000000000000        0x0 c:/program files/microchip/xc8/v3.00/avr/bin/../lib/gcc/avr/5.4.0/../../../../avr/lib/avr5\libc.a(stdout.o)
 .stack.descriptors
                0x0000000000000000       0x1b c:/program files/microchip/xc8/v3.00/avr/bin/../lib/gcc/avr/5.4.0/../../../../avr/lib/avr5\libc.a(stdout.o)
 .text.__init_stdout
                0x0000000000000000       0x1e c:/program files/microchip/xc8/v3.00/avr/bin/../lib/gcc/avr/5.4.0/../../../../avr/lib/avr5\libc.a(stdout.o)
 .data.f        0x0000000000000000       0x10 c:/program files/microchip/xc8/v3.00/avr/bin/../lib/gcc/avr/5.4.0/../../../../avr/lib/avr5\libc.a(stdout.o)
 COMMON         0x0000000000000000        0x2 c:/program files/microchip/xc8/v3.00/avr/bin/../lib/gcc/avr/5.4.0/../../../../avr/lib/avr5\libc.a(stdout.o)
 .text          0x0000000000000000        0x0 c:/program files/microchip/xc8/v3.00/avr/bin/../lib/gcc/avr/5.4.0/../../../../avr/lib/avr5\libc.a(strlen.o)
 .data          0x0000000000000000        0x0 c:/program files/microchip/xc8/v3.00/avr/bin/../lib/gcc/avr/5.4.0/../../../../avr/lib/avr5\libc.a(strlen.o)
 .bss           0x0000000000000000        0x0 c:/program files/microchip/xc8/v3.00/avr/bin/../lib/gcc/avr/5.4.0/../../../../avr/lib/avr5\libc.a(strlen.o)
 .stack.descriptors
                0x0000000000000000       0x14 c:/program files/microchip/xc8/v3.00/avr/bin/../lib/gcc/avr/5.4.0/../../../../avr/lib/avr5\libc.a(strlen.o)
 .text          0x0000000000000000        0x0 c:/program files/microchip/xc8/v3.00/avr/bin/../lib/gcc/avr/5.4.0/../../../../avr/lib/avr5\libc.a(tolower.o)
 .data          0x0000000000000000        0x0 c:/program files/microchip/xc8/v3.00/avr/bin/../lib/gcc/avr/5.4.0/../../../../avr/lib/avr5\libc.a(tolower.o)
 .bss           0x0000000000000000        0x0 c:/program files/microchip/xc8/v3.00/avr/bin/../lib/gcc/avr/5.4.0/../../../../avr/lib/avr5\libc.a(tolower.o)
 .stack.descriptors
                0x0000000000000000       0x2e c:/program files/microchip/xc8/v3.00/avr/bin/../lib/gcc/avr/5.4.0/../../../../avr/lib/avr5\libc.a(tolower.o)
 .text.__tolower_l
                0x0000000000000000        0x6 c:/program files/microchip/xc8/v3.00/avr/bin/../lib/gcc/avr/5.4.0/../../../../avr/lib/avr5\libc.a(tolower.o)
 .text          0x0000000000000000        0x0 c:/program files/microchip/xc8/v3.00/avr/bin/../lib/gcc/avr/5.4.0/../../../../avr/lib/avr5\libc.a(toupper.o)
 .data          0x0000000000000000        0x0 c:/program files/microchip/xc8/v3.00/avr/bin/../lib/gcc/avr/5.4.0/../../../../avr/lib/avr5\libc.a(toupper.o)
 .bss           0x0000000000000000        0x0 c:/program files/microchip/xc8/v3.00/avr/bin/../lib/gcc/avr/5.4.0/../../../../avr/lib/avr5\libc.a(toupper.o)
 .stack.descriptors
                0x0000000000000000       0x2e c:/program files/microchip/xc8/v3.00/avr/bin/../lib/gcc/avr/5.4.0/../../../../avr/lib/avr5\libc.a(toupper.o)
 .text.__toupper_l
                0x0000000000000000        0x6 c:/program files/microchip/xc8/v3.00/avr/bin/../lib/gcc/avr/5.4.0/../../../../avr/lib/avr5\libc.a(toupper.o)
 .text          0x0000000000000000        0x0 c:/program files/microchip/xc8/v3.00/avr/bin/../lib/gcc/avr/5.4.0/../../../../avr/lib/avr5\libc.a(errno.o)
 .data          0x0000000000000000        0x0 c:/program files/microchip/xc8/v3.00/avr/bin/../lib/gcc/avr/5.4.0/../../../../avr/lib/avr5\libc.a(errno.o)
 .bss           0x0000000000000000        0x0 c:/program files/microchip/xc8/v3.00/avr/bin/../lib/gcc/avr/5.4.0/../../../../avr/lib/avr5\libc.a(errno.o)
 .text          0x0000000000000000        0x0 c:/program files/microchip/xc8/v3.00/avr/bin/../lib/gcc/avr/5.4.0/../../../../avr/lib/avr5\libc.a(_Exit.o)
 .data          0x0000000000000000        0x0 c:/program files/microchip/xc8/v3.00/avr/bin/../lib/gcc/avr/5.4.0/../../../../avr/lib/avr5\libc.a(_Exit.o)
 .bss           0x0000000000000000        0x0 c:/program files/microchip/xc8/v3.00/avr/bin/../lib/gcc/avr/5.4.0/../../../../avr/lib/avr5\libc.a(_Exit.o)
 .stack.descriptors
                0x0000000000000000       0x13 c:/program files/microchip/xc8/v3.00/avr/bin/../lib/gcc/avr/5.4.0/../../../../avr/lib/avr5\libc.a(_Exit.o)
 .text          0x0000000000000000        0x0 c:/program files/microchip/xc8/v3.00/avr/bin/../lib/gcc/avr/5.4.0/../../../../avr/lib/avr5\libc.a(__int_vfprintf.o)
 .data          0x0000000000000000        0x0 c:/program files/microchip/xc8/v3.00/avr/bin/../lib/gcc/avr/5.4.0/../../../../avr/lib/avr5\libc.a(__int_vfprintf.o)
 .bss           0x0000000000000000        0x0 c:/program files/microchip/xc8/v3.00/avr/bin/../lib/gcc/avr/5.4.0/../../../../avr/lib/avr5\libc.a(__int_vfprintf.o)
 .stack.descriptors
                0x0000000000000000       0x18 c:/program files/microchip/xc8/v3.00/avr/bin/../lib/gcc/avr/5.4.0/../../../../avr/lib/avr5\libc.a(__int_vfprintf.o)
 .text          0x0000000000000000        0x0 c:/program files/microchip/xc8/v3.00/avr/bin/../lib/gcc/avr/5.4.0/../../../../avr/lib/avr5\libc.a(__int_vsprintf.o)
 .data          0x0000000000000000        0x0 c:/program files/microchip/xc8/v3.00/avr/bin/../lib/gcc/avr/5.4.0/../../../../avr/lib/avr5\libc.a(__int_vsprintf.o)
 .bss           0x0000000000000000        0x0 c:/program files/microchip/xc8/v3.00/avr/bin/../lib/gcc/avr/5.4.0/../../../../avr/lib/avr5\libc.a(__int_vsprintf.o)
 .stack.descriptors
                0x0000000000000000       0x18 c:/program files/microchip/xc8/v3.00/avr/bin/../lib/gcc/avr/5.4.0/../../../../avr/lib/avr5\libc.a(__int_vsprintf.o)
 .text          0x0000000000000000        0x0 c:/program files/microchip/xc8/v3.00/avr/bin/../lib/gcc/avr/5.4.0/../../../../avr/lib/avr5\libc.a(__int_vsnprintf.o)
 .data          0x0000000000000000        0x0 c:/program files/microchip/xc8/v3.00/avr/bin/../lib/gcc/avr/5.4.0/../../../../avr/lib/avr5\libc.a(__int_vsnprintf.o)
 .bss           0x0000000000000000        0x0 c:/program files/microchip/xc8/v3.00/avr/bin/../lib/gcc/avr/5.4.0/../../../../avr/lib/avr5\libc.a(__int_vsnprintf.o)
 .stack.descriptors
                0x0000000000000000       0x19 c:/program files/microchip/xc8/v3.00/avr/bin/../lib/gcc/avr/5.4.0/../../../../avr/lib/avr5\libc.a(__int_vsnprintf.o)
 .text          0x0000000000000000        0x0 c:/program files/microchip/xc8/v3.00/avr/bin/../lib/gcc/avr/5.4.0/../../../../avr/lib/avr5\libc.a(fputs.o)
 .data          0x0000000000000000        0x0 c:/program files/microchip/xc8/v3.00/avr/bin/../lib/gcc/avr/5.4.0/../../../../avr/lib/avr5\libc.a(fputs.o)
 .bss           0x0000000000000000        0x0 c:/program files/microchip/xc8/v3.00/avr/bin/../lib/gcc/avr/5.4.0/../../../../avr/lib/avr5\libc.a(fputs.o)
 .stack.descriptors
                0x0000000000000000       0x13 c:/program files/microchip/xc8/v3.00/avr/bin/../lib/gcc/avr/5.4.0/../../../../avr/lib/avr5\libc.a(fputs.o)
 .text.fputs    0x0000000000000000       0x64 c:/program files/microchip/xc8/v3.00/avr/bin/../lib/gcc/avr/5.4.0/../../../../avr/lib/avr5\libc.a(fputs.o)
 .comment       0x0000000000000000       0x2d c:/program files/microchip/xc8/v3.00/avr/bin/../lib/gcc/avr/5.4.0/../../../../avr/lib/avr5\libc.a(fputs.o)
 .stack.descriptors.hdr
                0x0000000000000000        0xe c:/program files/microchip/xc8/v3.00/avr/bin/../lib/gcc/avr/5.4.0/../../../../avr/lib/avr5\libc.a(fputs.o)
 .note.GNU-stack
                0x0000000000000000        0x0 c:/program files/microchip/xc8/v3.00/avr/bin/../lib/gcc/avr/5.4.0/../../../../avr/lib/avr5\libc.a(fputs.o)
 .text          0x0000000000000000        0x0 c:/program files/microchip/xc8/v3.00/avr/bin/../lib/gcc/avr/5.4.0/avr5\libgcc.a(_udivmodsi4.o)
 .data          0x0000000000000000        0x0 c:/program files/microchip/xc8/v3.00/avr/bin/../lib/gcc/avr/5.4.0/avr5\libgcc.a(_udivmodsi4.o)
 .bss           0x0000000000000000        0x0 c:/program files/microchip/xc8/v3.00/avr/bin/../lib/gcc/avr/5.4.0/avr5\libgcc.a(_udivmodsi4.o)
 .text.libgcc.mul
                0x0000000000000000        0x0 c:/program files/microchip/xc8/v3.00/avr/bin/../lib/gcc/avr/5.4.0/avr5\libgcc.a(_udivmodsi4.o)
 .stack.descriptors
                0x0000000000000000       0x1a c:/program files/microchip/xc8/v3.00/avr/bin/../lib/gcc/avr/5.4.0/avr5\libgcc.a(_udivmodsi4.o)
 .text.libgcc   0x0000000000000000        0x0 c:/program files/microchip/xc8/v3.00/avr/bin/../lib/gcc/avr/5.4.0/avr5\libgcc.a(_udivmodsi4.o)
 .text.libgcc.prologue
                0x0000000000000000        0x0 c:/program files/microchip/xc8/v3.00/avr/bin/../lib/gcc/avr/5.4.0/avr5\libgcc.a(_udivmodsi4.o)
 .text.libgcc.builtins
                0x0000000000000000        0x0 c:/program files/microchip/xc8/v3.00/avr/bin/../lib/gcc/avr/5.4.0/avr5\libgcc.a(_udivmodsi4.o)
 .text.libgcc.fmul
                0x0000000000000000        0x0 c:/program files/microchip/xc8/v3.00/avr/bin/../lib/gcc/avr/5.4.0/avr5\libgcc.a(_udivmodsi4.o)
 .text.libgcc.fixed
                0x0000000000000000        0x0 c:/program files/microchip/xc8/v3.00/avr/bin/../lib/gcc/avr/5.4.0/avr5\libgcc.a(_udivmodsi4.o)
 .text          0x0000000000000000        0x0 c:/program files/microchip/xc8/v3.00/avr/bin/../lib/gcc/avr/5.4.0/avr5\libgcc.a(_exit.o)
 .data          0x0000000000000000        0x0 c:/program files/microchip/xc8/v3.00/avr/bin/../lib/gcc/avr/5.4.0/avr5\libgcc.a(_exit.o)
 .bss           0x0000000000000000        0x0 c:/program files/microchip/xc8/v3.00/avr/bin/../lib/gcc/avr/5.4.0/avr5\libgcc.a(_exit.o)
 .text.libgcc.mul
                0x0000000000000000        0x0 c:/program files/microchip/xc8/v3.00/avr/bin/../lib/gcc/avr/5.4.0/avr5\libgcc.a(_exit.o)
 .text.libgcc.div
                0x0000000000000000        0x0 c:/program files/microchip/xc8/v3.00/avr/bin/../lib/gcc/avr/5.4.0/avr5\libgcc.a(_exit.o)
 .text.libgcc   0x0000000000000000        0x0 c:/program files/microchip/xc8/v3.00/avr/bin/../lib/gcc/avr/5.4.0/avr5\libgcc.a(_exit.o)
 .text.libgcc.prologue
                0x0000000000000000        0x0 c:/program files/microchip/xc8/v3.00/avr/bin/../lib/gcc/avr/5.4.0/avr5\libgcc.a(_exit.o)
 .stack.descriptors
                0x0000000000000000       0x13 c:/program files/microchip/xc8/v3.00/avr/bin/../lib/gcc/avr/5.4.0/avr5\libgcc.a(_exit.o)
 .text.libgcc.builtins
                0x0000000000000000        0x0 c:/program files/microchip/xc8/v3.00/avr/bin/../lib/gcc/avr/5.4.0/avr5\libgcc.a(_exit.o)
 .text.libgcc.fmul
                0x0000000000000000        0x0 c:/program files/microchip/xc8/v3.00/avr/bin/../lib/gcc/avr/5.4.0/avr5\libgcc.a(_exit.o)
 .text.libgcc.fixed
                0x0000000000000000        0x0 c:/program files/microchip/xc8/v3.00/avr/bin/../lib/gcc/avr/5.4.0/avr5\libgcc.a(_exit.o)
 .text          0x0000000000000000        0x0 c:/program files/microchip/xc8/v3.00/avr/bin/../lib/gcc/avr/5.4.0/avr5\libgcc.a(_prologue.o)
 .data          0x0000000000000000        0x0 c:/program files/microchip/xc8/v3.00/avr/bin/../lib/gcc/avr/5.4.0/avr5\libgcc.a(_prologue.o)
 .bss           0x0000000000000000        0x0 c:/program files/microchip/xc8/v3.00/avr/bin/../lib/gcc/avr/5.4.0/avr5\libgcc.a(_prologue.o)
 .text.libgcc.mul
                0x0000000000000000        0x0 c:/program files/microchip/xc8/v3.00/avr/bin/../lib/gcc/avr/5.4.0/avr5\libgcc.a(_prologue.o)
 .text.libgcc.div
                0x0000000000000000        0x0 c:/program files/microchip/xc8/v3.00/avr/bin/../lib/gcc/avr/5.4.0/avr5\libgcc.a(_prologue.o)
 .text.libgcc   0x0000000000000000        0x0 c:/program files/microchip/xc8/v3.00/avr/bin/../lib/gcc/avr/5.4.0/avr5\libgcc.a(_prologue.o)
 .text.libgcc.builtins
                0x0000000000000000        0x0 c:/program files/microchip/xc8/v3.00/avr/bin/../lib/gcc/avr/5.4.0/avr5\libgcc.a(_prologue.o)
 .text.libgcc.fmul
                0x0000000000000000        0x0 c:/program files/microchip/xc8/v3.00/avr/bin/../lib/gcc/avr/5.4.0/avr5\libgcc.a(_prologue.o)
 .text.libgcc.fixed
                0x0000000000000000        0x0 c:/program files/microchip/xc8/v3.00/avr/bin/../lib/gcc/avr/5.4.0/avr5\libgcc.a(_prologue.o)
 .text          0x0000000000000000        0x0 c:/program files/microchip/xc8/v3.00/avr/bin/../lib/gcc/avr/5.4.0/avr5\libgcc.a(_epilogue.o)
 .data          0x0000000000000000        0x0 c:/program files/microchip/xc8/v3.00/avr/bin/../lib/gcc/avr/5.4.0/avr5\libgcc.a(_epilogue.o)
 .bss           0x0000000000000000        0x0 c:/program files/microchip/xc8/v3.00/avr/bin/../lib/gcc/avr/5.4.0/avr5\libgcc.a(_epilogue.o)
 .text.libgcc.mul
                0x0000000000000000        0x0 c:/program files/microchip/xc8/v3.00/avr/bin/../lib/gcc/avr/5.4.0/avr5\libgcc.a(_epilogue.o)
 .text.libgcc.div
                0x0000000000000000        0x0 c:/program files/microchip/xc8/v3.00/avr/bin/../lib/gcc/avr/5.4.0/avr5\libgcc.a(_epilogue.o)
 .text.libgcc   0x0000000000000000        0x0 c:/program files/microchip/xc8/v3.00/avr/bin/../lib/gcc/avr/5.4.0/avr5\libgcc.a(_epilogue.o)
 .text.libgcc.builtins
                0x0000000000000000        0x0 c:/program files/microchip/xc8/v3.00/avr/bin/../lib/gcc/avr/5.4.0/avr5\libgcc.a(_epilogue.o)
 .text.libgcc.fmul
                0x0000000000000000        0x0 c:/program files/microchip/xc8/v3.00/avr/bin/../lib/gcc/avr/5.4.0/avr5\libgcc.a(_epilogue.o)
 .text.libgcc.fixed
                0x0000000000000000        0x0 c:/program files/microchip/xc8/v3.00/avr/bin/../lib/gcc/avr/5.4.0/avr5\libgcc.a(_epilogue.o)

Memory Configuration

Name             Origin             Length             Attributes
text             0x0000000000000000 0x0000000000008000 xr
data             0x0000000000800100 0x0000000000000800 rw !x
eeprom           0x0000000000810000 0x0000000000000400 rw !x
fuse             0x0000000000820000 0x0000000000000003 rw !x
lock             0x0000000000830000 0x0000000000000400 rw !x
signature        0x0000000000840000 0x0000000000000400 rw !x
user_signatures  0x0000000000850000 0x0000000000000400 rw !x
bootrow          0x0000000000860000 0x0000000000000400 rw !x
*default*        0x0000000000000000 0xffffffffffffffff

Linker script and memory map

Address of section .data set to 0x800100
LOAD C:/Program Files/Microchip/MPLABX/v6.20/packs/Microchip/ATmega_DFP/3.1.264/xc8/avr/lib/avr5/crtatmega328pb.o
                0x0000000000000001                __MPLAB_BUILD = 0x1
LOAD build/ISP/debug/main.o
LOAD build/ISP/debug/ssd1306.o
LOAD build/ISP/debug/twi.o
LOAD build/ISP/debug/Timer.o
LOAD build/ISP/debug/Timer0.o
LOAD build/ISP/debug/UART.o
LOAD build/ISP/debug/ExternalInterrupt.o
START GROUP
LOAD c:/program files/microchip/xc8/v3.00/avr/bin/../lib/gcc/avr/5.4.0/../../../../avr/lib/avr5\libm.a
END GROUP
                0x0000000000000001                __MPLAB_DEBUG = 0x1
                0x0000000000000001                __DEBUG = 0x1
START GROUP
LOAD c:/program files/microchip/xc8/v3.00/avr/bin/../lib/gcc/avr/5.4.0/avr5\libgcc.a
LOAD c:/program files/microchip/xc8/v3.00/avr/bin/../lib/gcc/avr/5.4.0/../../../../avr/lib/avr5\libm.a
LOAD c:/program files/microchip/xc8/v3.00/avr/bin/../lib/gcc/avr/5.4.0/../../../../avr/lib/avr5\libc.a
LOAD C:/Program Files/Microchip/MPLABX/v6.20/packs/Microchip/ATmega_DFP/3.1.264/xc8/avr/lib/avr5\libatmega328pb.a
END GROUP
                [0x0000000000000000]                __TEXT_REGION_ORIGIN__ = DEFINED (__TEXT_REGION_ORIGIN__)?__TEXT_REGION_ORIGIN__:0x0
                [0x0000000000800100]                __DATA_REGION_ORIGIN__ = DEFINED (__DATA_REGION_ORIGIN__)?__DATA_REGION_ORIGIN__:0x800060
                [0x0000000000008000]                __TEXT_REGION_LENGTH__ = DEFINED (__TEXT_REGION_LENGTH__)?__TEXT_REGION_LENGTH__:0x20000
                [0x0000000000000800]                __DATA_REGION_LENGTH__ = DEFINED (__DATA_REGION_LENGTH__)?__DATA_REGION_LENGTH__:0xffa0
                [0x0000000000000400]                __EEPROM_REGION_LENGTH__ = DEFINED (__EEPROM_REGION_LENGTH__)?__EEPROM_REGION_LENGTH__:0x10000
                [0x0000000000000003]                __FUSE_REGION_LENGTH__ = DEFINED (__FUSE_REGION_LENGTH__)?__FUSE_REGION_LENGTH__:0x400
                0x0000000000000400                __LOCK_REGION_LENGTH__ = DEFINED (__LOCK_REGION_LENGTH__)?__LOCK_REGION_LENGTH__:0x400
                0x0000000000000400                __SIGNATURE_REGION_LENGTH__ = DEFINED (__SIGNATURE_REGION_LENGTH__)?__SIGNATURE_REGION_LENGTH__:0x400
                0x0000000000000400                __USER_SIGNATURE_REGION_LENGTH__ = DEFINED (__USER_SIGNATURE_REGION_LENGTH__)?__USER_SIGNATURE_REGION_LENGTH__:0x400
                0x0000000000000400                __BOOTROW_REGION_LENGTH__ = DEFINED (__BOOTROW_REGION_LENGTH__)?__BOOTROW_REGION_LENGTH__:0x400

.hash
 *(.hash)

.dynsym
 *(.dynsym)

.dynstr
 *(.dynstr)

.gnu.version
 *(.gnu.version)

.gnu.version_d
 *(.gnu.version_d)

.gnu.version_r
 *(.gnu.version_r)

.rel.init
 *(.rel.init)

.rela.init
 *(.rela.init)

.rel.text
 *(.rel.text)
 *(.rel.text.*)
 *(.rel.gnu.linkonce.t*)

.rela.text
 *(.rela.text)
 *(.rela.text.*)
 *(.rela.gnu.linkonce.t*)

.rel.fini
 *(.rel.fini)

.rela.fini
 *(.rela.fini)

.rel.rodata
 *(.rel.rodata)
 *(.rel.rodata.*)
 *(.rel.gnu.linkonce.r*)

.rela.rodata
 *(.rela.rodata)
 *(.rela.rodata.*)
 *(.rela.gnu.linkonce.r*)

.rel.data
 *(.rel.data)
 *(.rel.data.*)
 *(.rel.gnu.linkonce.d*)

.rela.data
 *(.rela.data)
 *(.rela.data.*)
 *(.rela.gnu.linkonce.d*)

.rel.ctors
 *(.rel.ctors)

.rela.ctors
 *(.rela.ctors)

.rel.dtors
 *(.rel.dtors)

.rela.dtors
 *(.rela.dtors)

.rel.got
 *(.rel.got)

.rela.got
 *(.rela.got)

.rel.bss
 *(.rel.bss)

.rela.bss
 *(.rela.bss)

.rel.plt
 *(.rel.plt)

.rela.plt
 *(.rela.plt)

.text           0x0000000000000000      0x132
 *(.vectors)
 .vectors       0x0000000000000000       0xb4 C:/Program Files/Microchip/MPLABX/v6.20/packs/Microchip/ATmega_DFP/3.1.264/xc8/avr/lib/avr5/crtatmega328pb.o
                0x0000000000000000                __vector_default
                0x0000000000000000                __vectors
 *(.vectors)
 *(.progmem.gcc*)
 *(.dinit)
 .dinit         0x00000000000000b4       0x29 data_init
                0x00000000000000de                . = ALIGN (0x2)
 *fill*         0x00000000000000dd        0x1 
                0x00000000000000de                __trampolines_start = .
 *(.trampolines)
 .trampolines   0x00000000000000de        0x0 linker stubs
 *(.trampolines*)
                0x00000000000000de                __trampolines_end = .
 *libprintf_flt.a:*(.progmem.data)
 *libc.a:*(.progmem.data)
                0x00000000000000de                . = ALIGN (0x2)
 *(.jumptables)
 *(.jumptables*)
 *(.lowtext)
 *(.lowtext*)
                0x00000000000000de                __ctors_start = .
 *(.ctors)
                0x00000000000000de                __ctors_end = .
                0x00000000000000de                __dtors_start = .
 *(.dtors)
                0x00000000000000de                __dtors_end = .
 SORT(*)(.ctors)
 SORT(*)(.dtors)
 *(.init0)
 .init0         0x00000000000000de        0x0 C:/Program Files/Microchip/MPLABX/v6.20/packs/Microchip/ATmega_DFP/3.1.264/xc8/avr/lib/avr5/crtatmega328pb.o
                0x00000000000000de                __init
 *(.init0)
 *(.init1)
 *(.init1)
 *(.init2)
 .init2         0x00000000000000de        0xc C:/Program Files/Microchip/MPLABX/v6.20/packs/Microchip/ATmega_DFP/3.1.264/xc8/avr/lib/avr5/crtatmega328pb.o
 *(.init2)
 *(.init3)
 *(.init3)
 *(.init4)
 .init4         0x00000000000000ea       0x3c c:/program files/microchip/xc8/v3.00/avr/bin/../lib/gcc/avr/5.4.0/avr5\libgcc.a(_copy_data.o)
                0x00000000000000ea                __do_copy_data
                0x0000000000000118                __do_clear_bss
 *(.init4)
 *(.init5)
 *(.init5)
 *(.init6)
 *(.init6)
 *(.init7)
 *(.init7)
 *(.init8)
 *(.init8)
 *(.init9)
 .init9         0x0000000000000126        0x8 C:/Program Files/Microchip/MPLABX/v6.20/packs/Microchip/ATmega_DFP/3.1.264/xc8/avr/lib/avr5/crtatmega328pb.o
 *(.init9)
                0x000000000000012e                . = ALIGN (0x2)
 *(.fini9)
 .fini9         0x000000000000012e        0x0 c:/program files/microchip/xc8/v3.00/avr/bin/../lib/gcc/avr/5.4.0/avr5\libgcc.a(_exit.o)
                0x000000000000012e                _exit
 *(.fini9)
 *(.fini8)
 *(.fini8)
 *(.fini7)
 *(.fini7)
 *(.fini6)
 *(.fini6)
 *(.fini5)
 *(.fini5)
 *(.fini4)
 *(.fini4)
 *(.fini3)
 *(.fini3)
 *(.fini2)
 *(.fini2)
 *(.fini1)
 *(.fini1)
 *(.fini0)
 .fini0         0x000000000000012e        0x4 c:/program files/microchip/xc8/v3.00/avr/bin/../lib/gcc/avr/5.4.0/avr5\libgcc.a(_exit.o)
 *(.fini0)
                0x0000000000000132                _etext = .

.data           0x0000000000800100        0x0 load address 0x0000000000000132
                [!provide]                        PROVIDE (__data_start, .)
 *(.gnu.linkonce.d*)
 *(.gnu.linkonce.r*)
                0x0000000000800100                . = ALIGN (0x2)
                0x0000000000800100                _edata = .
                [!provide]                        PROVIDE (__data_end, .)

.bss            0x0000000000800100        0x2
                [!provide]                        PROVIDE (__bss_start, .)
 *(COMMON)
 COMMON         0x0000000000800100        0x2 c:/program files/microchip/xc8/v3.00/avr/bin/../lib/gcc/avr/5.4.0/../../../../avr/lib/avr5\libc.a(errno.o)
                0x0000000000800100                __errno_val
                [!provide]                        PROVIDE (__bss_end, .)
                0x0000000000000132                __data_load_start = LOADADDR (.data)
                0x0000000000000132                __data_load_end = (__data_load_start + SIZEOF (.data))

.noinit         0x0000000000800102        0x0
                [!provide]                        PROVIDE (__noinit_start, .)
 *(.noinit*)
                [!provide]                        PROVIDE (__noinit_end, .)
                0x0000000000800102                _end = .

.eeprom         0x0000000000810000        0x0
 *(.eeprom*)
                0x0000000000810000                __eeprom_end = .

.fuse
 *(.fuse)
 *(.lfuse)
 *(.hfuse)
 *(.efuse)

.lock
 *(.lock*)

.signature
 *(.signature*)

.user_signatures
 *(.user_signatures*)

.bootrow
 *(.bootrow*)

.stab
 *(.stab)

.stabstr
 *(.stabstr)

.stab.excl
 *(.stab.excl)

.stab.exclstr
 *(.stab.exclstr)

.stab.index
 *(.stab.index)

.stab.indexstr
 *(.stab.indexstr)

.comment        0x0000000000000000       0x5b
 *(.comment)
 .comment       0x0000000000000000       0x2f build/ISP/debug/main.o
                                         0x30 (size before relaxing)
 .comment       0x000000000000002f       0x30 build/ISP/debug/ssd1306.o
 .comment       0x000000000000002f       0x30 build/ISP/debug/twi.o
 .comment       0x000000000000002f       0x30 build/ISP/debug/Timer0.o
 .comment       0x000000000000002f       0x30 build/ISP/debug/UART.o
 .comment       0x000000000000002f       0x30 build/ISP/debug/ExternalInterrupt.o
 .comment       0x000000000000002f       0x2c c:/program files/microchip/xc8/v3.00/avr/bin/../lib/gcc/avr/5.4.0/../../../../avr/lib/avr5\libc.a(exit.o)
                                         0x2d (size before relaxing)
 .comment       0x000000000000005b       0x2d c:/program files/microchip/xc8/v3.00/avr/bin/../lib/gcc/avr/5.4.0/../../../../avr/lib/avr5\libc.a(__sio_printf_dosux.o)
 .comment       0x000000000000005b       0x2d c:/program files/microchip/xc8/v3.00/avr/bin/../lib/gcc/avr/5.4.0/../../../../avr/lib/avr5\libc.a(__sio_sprintf_doux.o)
 .comment       0x000000000000005b       0x2d c:/program files/microchip/xc8/v3.00/avr/bin/../lib/gcc/avr/5.4.0/../../../../avr/lib/avr5\libc.a(__fmt_d.o)
 .comment       0x000000000000005b       0x2d c:/program files/microchip/xc8/v3.00/avr/bin/../lib/gcc/avr/5.4.0/../../../../avr/lib/avr5\libc.a(__fmt_o.o)
 .comment       0x000000000000005b       0x2d c:/program files/microchip/xc8/v3.00/avr/bin/../lib/gcc/avr/5.4.0/../../../../avr/lib/avr5\libc.a(__fmt_s.o)
 .comment       0x000000000000005b       0x2d c:/program files/microchip/xc8/v3.00/avr/bin/../lib/gcc/avr/5.4.0/../../../../avr/lib/avr5\libc.a(__fmt_u.o)
 .comment       0x000000000000005b       0x2d c:/program files/microchip/xc8/v3.00/avr/bin/../lib/gcc/avr/5.4.0/../../../../avr/lib/avr5\libc.a(__fmt_x.o)
 .comment       0x000000000000005b       0x2d c:/program files/microchip/xc8/v3.00/avr/bin/../lib/gcc/avr/5.4.0/../../../../avr/lib/avr5\libc.a(__pop_int.o)
 .comment       0x000000000000005b       0x2d c:/program files/microchip/xc8/v3.00/avr/bin/../lib/gcc/avr/5.4.0/../../../../avr/lib/avr5\libc.a(__printf_core.o)
 .comment       0x000000000000005b       0x2d c:/program files/microchip/xc8/v3.00/avr/bin/../lib/gcc/avr/5.4.0/../../../../avr/lib/avr5\libc.a(fputc.o)
 .comment       0x000000000000005b       0x2d c:/program files/microchip/xc8/v3.00/avr/bin/../lib/gcc/avr/5.4.0/../../../../avr/lib/avr5\libc.a(stdout.o)
 .comment       0x000000000000005b       0x2d c:/program files/microchip/xc8/v3.00/avr/bin/../lib/gcc/avr/5.4.0/../../../../avr/lib/avr5\libc.a(strlen.o)
 .comment       0x000000000000005b       0x2d c:/program files/microchip/xc8/v3.00/avr/bin/../lib/gcc/avr/5.4.0/../../../../avr/lib/avr5\libc.a(tolower.o)
 .comment       0x000000000000005b       0x2d c:/program files/microchip/xc8/v3.00/avr/bin/../lib/gcc/avr/5.4.0/../../../../avr/lib/avr5\libc.a(toupper.o)
 .comment       0x000000000000005b       0x2d c:/program files/microchip/xc8/v3.00/avr/bin/../lib/gcc/avr/5.4.0/../../../../avr/lib/avr5\libc.a(errno.o)
 .comment       0x000000000000005b       0x2d c:/program files/microchip/xc8/v3.00/avr/bin/../lib/gcc/avr/5.4.0/../../../../avr/lib/avr5\libc.a(_Exit.o)
 .comment       0x000000000000005b       0x2d c:/program files/microchip/xc8/v3.00/avr/bin/../lib/gcc/avr/5.4.0/../../../../avr/lib/avr5\libc.a(__int_vfprintf.o)
 .comment       0x000000000000005b       0x2d c:/program files/microchip/xc8/v3.00/avr/bin/../lib/gcc/avr/5.4.0/../../../../avr/lib/avr5\libc.a(__int_vsprintf.o)
 .comment       0x000000000000005b       0x2d c:/program files/microchip/xc8/v3.00/avr/bin/../lib/gcc/avr/5.4.0/../../../../avr/lib/avr5\libc.a(__int_vsnprintf.o)

.stack.descriptors.hdr
                0x0000000000000000      0x134
 .stack.descriptors.hdr
                0x0000000000000000        0xe c:/program files/microchip/xc8/v3.00/avr/bin/../lib/gcc/avr/5.4.0/../../../../avr/lib/avr5\libc.a(exit.o)
 .stack.descriptors.hdr
                0x000000000000000e        0xe c:/program files/microchip/xc8/v3.00/avr/bin/../lib/gcc/avr/5.4.0/../../../../avr/lib/avr5\libc.a(__sio_printf_dosux.o)
 .stack.descriptors.hdr
                0x000000000000001c        0xe c:/program files/microchip/xc8/v3.00/avr/bin/../lib/gcc/avr/5.4.0/../../../../avr/lib/avr5\libc.a(__sio_sprintf_doux.o)
 .stack.descriptors.hdr
                0x000000000000002a        0xe c:/program files/microchip/xc8/v3.00/avr/bin/../lib/gcc/avr/5.4.0/../../../../avr/lib/avr5\libc.a(__fmt_d.o)
 .stack.descriptors.hdr
                0x0000000000000038        0xe c:/program files/microchip/xc8/v3.00/avr/bin/../lib/gcc/avr/5.4.0/../../../../avr/lib/avr5\libc.a(__fmt_o.o)
 .stack.descriptors.hdr
                0x0000000000000046        0xe c:/program files/microchip/xc8/v3.00/avr/bin/../lib/gcc/avr/5.4.0/../../../../avr/lib/avr5\libc.a(__fmt_s.o)
 .stack.descriptors.hdr
                0x0000000000000054        0xe c:/program files/microchip/xc8/v3.00/avr/bin/../lib/gcc/avr/5.4.0/../../../../avr/lib/avr5\libc.a(__fmt_u.o)
 .stack.descriptors.hdr
                0x0000000000000062        0xe c:/program files/microchip/xc8/v3.00/avr/bin/../lib/gcc/avr/5.4.0/../../../../avr/lib/avr5\libc.a(__fmt_x.o)
 .stack.descriptors.hdr
                0x0000000000000070        0xe c:/program files/microchip/xc8/v3.00/avr/bin/../lib/gcc/avr/5.4.0/../../../../avr/lib/avr5\libc.a(__pop_int.o)
 .stack.descriptors.hdr
                0x000000000000007e        0xe c:/program files/microchip/xc8/v3.00/avr/bin/../lib/gcc/avr/5.4.0/../../../../avr/lib/avr5\libc.a(__printf_core.o)
 .stack.descriptors.hdr
                0x000000000000008c        0xe c:/program files/microchip/xc8/v3.00/avr/bin/../lib/gcc/avr/5.4.0/../../../../avr/lib/avr5\libc.a(fputc.o)
 .stack.descriptors.hdr
                0x000000000000009a        0xe c:/program files/microchip/xc8/v3.00/avr/bin/../lib/gcc/avr/5.4.0/../../../../avr/lib/avr5\libc.a(stdout.o)
 .stack.descriptors.hdr
                0x00000000000000a8        0xe c:/program files/microchip/xc8/v3.00/avr/bin/../lib/gcc/avr/5.4.0/../../../../avr/lib/avr5\libc.a(strlen.o)
 .stack.descriptors.hdr
                0x00000000000000b6        0xe c:/program files/microchip/xc8/v3.00/avr/bin/../lib/gcc/avr/5.4.0/../../../../avr/lib/avr5\libc.a(tolower.o)
 .stack.descriptors.hdr
                0x00000000000000c4        0xe c:/program files/microchip/xc8/v3.00/avr/bin/../lib/gcc/avr/5.4.0/../../../../avr/lib/avr5\libc.a(toupper.o)
 .stack.descriptors.hdr
                0x00000000000000d2        0xe c:/program files/microchip/xc8/v3.00/avr/bin/../lib/gcc/avr/5.4.0/../../../../avr/lib/avr5\libc.a(errno.o)
 .stack.descriptors.hdr
                0x00000000000000e0        0xe c:/program files/microchip/xc8/v3.00/avr/bin/../lib/gcc/avr/5.4.0/../../../../avr/lib/avr5\libc.a(_Exit.o)
 .stack.descriptors.hdr
                0x00000000000000ee        0xe c:/program files/microchip/xc8/v3.00/avr/bin/../lib/gcc/avr/5.4.0/../../../../avr/lib/avr5\libc.a(__int_vfprintf.o)
 .stack.descriptors.hdr
                0x00000000000000fc        0xe c:/program files/microchip/xc8/v3.00/avr/bin/../lib/gcc/avr/5.4.0/../../../../avr/lib/avr5\libc.a(__int_vsprintf.o)
 .stack.descriptors.hdr
                0x000000000000010a        0xe c:/program files/microchip/xc8/v3.00/avr/bin/../lib/gcc/avr/5.4.0/../../../../avr/lib/avr5\libc.a(__int_vsnprintf.o)
 .stack.descriptors.hdr
                0x0000000000000118        0xe c:/program files/microchip/xc8/v3.00/avr/bin/../lib/gcc/avr/5.4.0/avr5\libgcc.a(_udivmodsi4.o)
 .stack.descriptors.hdr
                0x0000000000000126        0xe c:/program files/microchip/xc8/v3.00/avr/bin/../lib/gcc/avr/5.4.0/avr5\libgcc.a(_exit.o)

.note.GNU-stack
                0x0000000000000000        0x0
 .note.GNU-stack
                0x0000000000000000        0x0 c:/program files/microchip/xc8/v3.00/avr/bin/../lib/gcc/avr/5.4.0/../../../../avr/lib/avr5\libc.a(exit.o)
 .note.GNU-stack
                0x0000000000000000        0x0 c:/program files/microchip/xc8/v3.00/avr/bin/../lib/gcc/avr/5.4.0/../../../../avr/lib/avr5\libc.a(__sio_printf_dosux.o)
 .note.GNU-stack
                0x0000000000000000        0x0 c:/program files/microchip/xc8/v3.00/avr/bin/../lib/gcc/avr/5.4.0/../../../../avr/lib/avr5\libc.a(__sio_sprintf_doux.o)
 .note.GNU-stack
                0x0000000000000000        0x0 c:/program files/microchip/xc8/v3.00/avr/bin/../lib/gcc/avr/5.4.0/../../../../avr/lib/avr5\libc.a(__fmt_d.o)
 .note.GNU-stack
                0x0000000000000000        0x0 c:/program files/microchip/xc8/v3.00/avr/bin/../lib/gcc/avr/5.4.0/../../../../avr/lib/avr5\libc.a(__fmt_o.o)
 .note.GNU-stack
                0x0000000000000000        0x0 c:/program files/microchip/xc8/v3.00/avr/bin/../lib/gcc/avr/5.4.0/../../../../avr/lib/avr5\libc.a(__fmt_s.o)
 .note.GNU-stack
                0x0000000000000000        0x0 c:/program files/microchip/xc8/v3.00/avr/bin/../lib/gcc/avr/5.4.0/../../../../avr/lib/avr5\libc.a(__fmt_u.o)
 .note.GNU-stack
                0x0000000000000000        0x0 c:/program files/microchip/xc8/v3.00/avr/bin/../lib/gcc/avr/5.4.0/../../../../avr/lib/avr5\libc.a(__fmt_x.o)
 .note.GNU-stack
                0x0000000000000000        0x0 c:/program files/microchip/xc8/v3.00/avr/bin/../lib/gcc/avr/5.4.0/../../../../avr/lib/avr5\libc.a(__pop_int.o)
 .note.GNU-stack
                0x0000000000000000        0x0 c:/program files/microchip/xc8/v3.00/avr/bin/../lib/gcc/avr/5.4.0/../../../../avr/lib/avr5\libc.a(__printf_core.o)
 .note.GNU-stack
                0x0000000000000000        0x0 c:/program files/microchip/xc8/v3.00/avr/bin/../lib/gcc/avr/5.4.0/../../../../avr/lib/avr5\libc.a(fputc.o)
 .note.GNU-stack
                0x0000000000000000        0x0 c:/program files/microchip/xc8/v3.00/avr/bin/../lib/gcc/avr/5.4.0/../../../../avr/lib/avr5\libc.a(stdout.o)
 .note.GNU-stack
                0x0000000000000000        0x0 c:/program files/microchip/xc8/v3.00/avr/bin/../lib/gcc/avr/5.4.0/../../../../avr/lib/avr5\libc.a(strlen.o)
 .note.GNU-stack
                0x0000000000000000        0x0 c:/program files/microchip/xc8/v3.00/avr/bin/../lib/gcc/avr/5.4.0/../../../../avr/lib/avr5\libc.a(tolower.o)
 .note.GNU-stack
                0x0000000000000000        0x0 c:/program files/microchip/xc8/v3.00/avr/bin/../lib/gcc/avr/5.4.0/../../../../avr/lib/avr5\libc.a(toupper.o)
 .note.GNU-stack
                0x0000000000000000        0x0 c:/program files/microchip/xc8/v3.00/avr/bin/../lib/gcc/avr/5.4.0/../../../../avr/lib/avr5\libc.a(errno.o)
 .note.GNU-stack
                0x0000000000000000        0x0 c:/program files/microchip/xc8/v3.00/avr/bin/../lib/gcc/avr/5.4.0/../../../../avr/lib/avr5\libc.a(_Exit.o)
 .note.GNU-stack
                0x0000000000000000        0x0 c:/program files/microchip/xc8/v3.00/avr/bin/../lib/gcc/avr/5.4.0/../../../../avr/lib/avr5\libc.a(__int_vfprintf.o)
 .note.GNU-stack
                0x0000000000000000        0x0 c:/program files/microchip/xc8/v3.00/avr/bin/../lib/gcc/avr/5.4.0/../../../../avr/lib/avr5\libc.a(__int_vsprintf.o)
 .note.GNU-stack
                0x0000000000000000        0x0 c:/program files/microchip/xc8/v3.00/avr/bin/../lib/gcc/avr/5.4.0/../../../../avr/lib/avr5\libc.a(__int_vsnprintf.o)

.note.gnu.build-id
 *(.note.gnu.build-id)

.debug
 *(.debug)

.line
 *(.line)

.debug_srcinfo
 *(.debug_srcinfo)

.debug_sfnames
 *(.debug_sfnames)

.debug_aranges  0x0000000000000000      0x218
 *(.debug_aranges)
 .debug_aranges
                0x0000000000000000       0x68 build/ISP/debug/main.o
 .debug_aranges
                0x0000000000000068       0xa0 build/ISP/debug/ssd1306.o
 .debug_aranges
                0x0000000000000108       0x48 build/ISP/debug/twi.o
 .debug_aranges
                0x0000000000000150       0x38 build/ISP/debug/Timer0.o
 .debug_aranges
                0x0000000000000188       0x50 build/ISP/debug/UART.o
 .debug_aranges
                0x00000000000001d8       0x40 build/ISP/debug/ExternalInterrupt.o

.debug_pubnames
 *(.debug_pubnames)

.debug_info     0x0000000000000000     0x41b7
 *(.debug_info .gnu.linkonce.wi.*)
 .debug_info    0x0000000000000000      0x8ea C:/Program Files/Microchip/MPLABX/v6.20/packs/Microchip/ATmega_DFP/3.1.264/xc8/avr/lib/avr5/crtatmega328pb.o
 .debug_info    0x00000000000008ea     0x11e3 build/ISP/debug/main.o
 .debug_info    0x0000000000001acd     0x1379 build/ISP/debug/ssd1306.o
 .debug_info    0x0000000000002e46      0x3ba build/ISP/debug/twi.o
 .debug_info    0x0000000000003200      0x47f build/ISP/debug/Timer0.o
 .debug_info    0x000000000000367f      0x599 build/ISP/debug/UART.o
 .debug_info    0x0000000000003c18      0x59f build/ISP/debug/ExternalInterrupt.o

.debug_abbrev   0x0000000000000000     0x109e
 *(.debug_abbrev)
 .debug_abbrev  0x0000000000000000      0x86e C:/Program Files/Microchip/MPLABX/v6.20/packs/Microchip/ATmega_DFP/3.1.264/xc8/avr/lib/avr5/crtatmega328pb.o
 .debug_abbrev  0x000000000000086e      0x1de build/ISP/debug/main.o
 .debug_abbrev  0x0000000000000a4c      0x222 build/ISP/debug/ssd1306.o
 .debug_abbrev  0x0000000000000c6e       0x89 build/ISP/debug/twi.o
 .debug_abbrev  0x0000000000000cf7       0xe3 build/ISP/debug/Timer0.o
 .debug_abbrev  0x0000000000000dda      0x18a build/ISP/debug/UART.o
 .debug_abbrev  0x0000000000000f64      0x13a build/ISP/debug/ExternalInterrupt.o

.debug_line     0x0000000000000000     0x140b
 *(.debug_line .debug_line.* .debug_line_end)
 .debug_line    0x0000000000000000      0x1a6 C:/Program Files/Microchip/MPLABX/v6.20/packs/Microchip/ATmega_DFP/3.1.264/xc8/avr/lib/avr5/crtatmega328pb.o
 .debug_line    0x00000000000001a6      0x396 build/ISP/debug/main.o
 .debug_line    0x000000000000053c      0x871 build/ISP/debug/ssd1306.o
 .debug_line    0x0000000000000dad      0x1e7 build/ISP/debug/twi.o
 .debug_line    0x0000000000000f94      0x133 build/ISP/debug/Timer0.o
 .debug_line    0x00000000000010c7      0x1ad build/ISP/debug/UART.o
 .debug_line    0x0000000000001274      0x197 build/ISP/debug/ExternalInterrupt.o

.debug_frame    0x0000000000000000      0x664
 *(.debug_frame)
 .debug_frame   0x0000000000000000      0x158 build/ISP/debug/main.o
 .debug_frame   0x0000000000000158      0x218 build/ISP/debug/ssd1306.o
 .debug_frame   0x0000000000000370       0x74 build/ISP/debug/twi.o
 .debug_frame   0x00000000000003e4       0xb0 build/ISP/debug/Timer0.o
 .debug_frame   0x0000000000000494       0xdc build/ISP/debug/UART.o
 .debug_frame   0x0000000000000570       0xf4 build/ISP/debug/ExternalInterrupt.o

.debug_str      0x0000000000000000      0x50f
 *(.debug_str)
 .debug_str     0x0000000000000000      0x318 C:/Program Files/Microchip/MPLABX/v6.20/packs/Microchip/ATmega_DFP/3.1.264/xc8/avr/lib/avr5/crtatmega328pb.o
 .debug_str     0x0000000000000318      0x13a build/ISP/debug/main.o
 .debug_str     0x0000000000000452       0x62 build/ISP/debug/ssd1306.o
 .debug_str     0x00000000000004b4        0x8 build/ISP/debug/twi.o
 .debug_str     0x00000000000004bc       0x1b build/ISP/debug/Timer0.o
 .debug_str     0x00000000000004d7        0x0 build/ISP/debug/UART.o
 .debug_str     0x00000000000004d7       0x38 build/ISP/debug/ExternalInterrupt.o

.debug_loc      0x0000000000000000     0x14be
 *(.debug_loc)
 .debug_loc     0x0000000000000000       0xfb build/ISP/debug/main.o
 .debug_loc     0x00000000000000fb     0x10f6 build/ISP/debug/ssd1306.o
 .debug_loc     0x00000000000011f1      0x147 build/ISP/debug/twi.o
 .debug_loc     0x0000000000001338       0x6e build/ISP/debug/Timer0.o
 .debug_loc     0x00000000000013a6       0x3e build/ISP/debug/UART.o
 .debug_loc     0x00000000000013e4       0xda build/ISP/debug/ExternalInterrupt.o

.debug_macinfo
 *(.debug_macinfo)

.debug_weaknames
 *(.debug_weaknames)

.debug_funcnames
 *(.debug_funcnames)

.debug_typenames
 *(.debug_typenames)

.debug_varnames
 *(.debug_varnames)

.debug_pubtypes
 *(.debug_pubtypes)

.debug_ranges   0x0000000000000000      0x1d0
 *(.debug_ranges)
 .debug_ranges  0x0000000000000000       0x58 build/ISP/debug/main.o
 .debug_ranges  0x0000000000000058       0xa8 build/ISP/debug/ssd1306.o
 .debug_ranges  0x0000000000000100       0x38 build/ISP/debug/twi.o
 .debug_ranges  0x0000000000000138       0x28 build/ISP/debug/Timer0.o
 .debug_ranges  0x0000000000000160       0x40 build/ISP/debug/UART.o
 .debug_ranges  0x00000000000001a0       0x30 build/ISP/debug/ExternalInterrupt.o

.debug_macro
 *(.debug_macro)
OUTPUT(dist/ISP/debug/DisplayTest.X.debug.elf elf32-avr)
LOAD linker stubs
LOAD data_init

.note.gnu.avr.deviceinfo
                0x0000000000000000       0x40
 .note.gnu.avr.deviceinfo
                0x0000000000000000       0x40 C:/Program Files/Microchip/MPLABX/v6.20/packs/Microchip/ATmega_DFP/3.1.264/xc8/avr/lib/avr5/crtatmega328pb.o

.bss.InterruptCounterString
                0x000000000080036d        0x6
 .bss.InterruptCounterString
                0x000000000080036d        0x6 build/ISP/debug/main.o
                0x000000000080036d                InterruptCounterString

.bss.TimerCounterString
                0x0000000000800373        0x6
 .bss.TimerCounterString
                0x0000000000800373        0x6 build/ISP/debug/main.o
                0x0000000000800373                TimerCounterString

.bss.NumberOfExternalInterruptsOnPin0
                0x0000000000800387        0x2
 .bss.NumberOfExternalInterruptsOnPin0
                0x0000000000800387        0x2 build/ISP/debug/main.o

.bss.NumberOfTimerInterrupts
                0x000000000080037f        0x4
 .bss.NumberOfTimerInterrupts
                0x000000000080037f        0x4 build/ISP/debug/main.o

.bss.I2CDisplayStatusOperation
                0x0000000000800399        0x1
 .bss.I2CDisplayStatusOperation
                0x0000000000800399        0x1 build/ISP/debug/main.o

.bss.PrintOutInfo
                0x000000000080039a        0x1
 .bss.PrintOutInfo
                0x000000000080039a        0x1 build/ISP/debug/main.o

.bss._indexPage
                0x0000000000800389        0x2
 .bss._indexPage
                0x0000000000800389        0x2 build/ISP/debug/ssd1306.o
                0x0000000000800389                _indexPage

.bss._indexCol  0x000000000080038b        0x2
 .bss._indexCol
                0x000000000080038b        0x2 build/ISP/debug/ssd1306.o
                0x000000000080038b                _indexCol

.bss.NumberOfTimer0OverflowInterrupts
                0x0000000000800383        0x4
 .bss.NumberOfTimer0OverflowInterrupts
                0x0000000000800383        0x4 build/ISP/debug/Timer0.o

.bss.Callback_Function_Pointer
                0x000000000080038d        0x2
 .bss.Callback_Function_Pointer
                0x000000000080038d        0x2 build/ISP/debug/Timer0.o

.bss.Timer0OverflowCounter
                0x000000000080038f        0x2
 .bss.Timer0OverflowCounter
                0x000000000080038f        0x2 build/ISP/debug/Timer0.o

.bss.Timer0OverflowValue
                0x0000000000800391        0x2
 .bss.Timer0OverflowValue
                0x0000000000800391        0x2 build/ISP/debug/Timer0.o

.bss.Callback_Function_Pointer
                0x0000000000800393        0x2
 .bss.Callback_Function_Pointer
                0x0000000000800393        0x2 build/ISP/debug/UART.o

.bss.__stdout   0x0000000000800397        0x2
 .bss.__stdout  0x0000000000800397        0x2 c:/program files/microchip/xc8/v3.00/avr/bin/../lib/gcc/avr/5.4.0/../../../../avr/lib/avr5\libc.a(stdout.o)

progmem.data.FONTS
                0x0000000000000132      0x1e0
 progmem.data.FONTS
                0x0000000000000132      0x1e0 build/ISP/debug/ssd1306.o

.text.vfpfcnvrt
                0x0000000000000312      0x3fc
 .text.vfpfcnvrt
                0x0000000000000312      0x3fc c:/program files/microchip/xc8/v3.00/avr/bin/../lib/gcc/avr/5.4.0/../../../../avr/lib/avr5\libc.a(__printf_core.o)
                0x0000000000000312                vfpfcnvrt

.text.__fmt_x   0x000000000000070e      0x1dc
 .text.__fmt_x  0x000000000000070e      0x1dc c:/program files/microchip/xc8/v3.00/avr/bin/../lib/gcc/avr/5.4.0/../../../../avr/lib/avr5\libc.a(__fmt_x.o)
                0x000000000000070e                __fmt_x_needed
                0x000000000000070e                __fmt_x

.text.SSD1306_DrawChar
                0x00000000000008ea      0x14c
 .text.SSD1306_DrawChar
                0x00000000000008ea      0x14c build/ISP/debug/ssd1306.o
                0x00000000000008ea                SSD1306_DrawChar

.text.main      0x0000000000000a36       0xea
 .text.main     0x0000000000000a36       0xea build/ISP/debug/main.o
                0x0000000000000a36                main

.text.__fmt_d   0x0000000000000b20       0xe4
 .text.__fmt_d  0x0000000000000b20       0xe4 c:/program files/microchip/xc8/v3.00/avr/bin/../lib/gcc/avr/5.4.0/../../../../avr/lib/avr5\libc.a(__fmt_d.o)
                0x0000000000000b20                __fmt_d
                0x0000000000000b20                __fmt_d_needed

.text.__pop_int
                0x0000000000000c04       0xd0
 .text.__pop_int
                0x0000000000000c04       0xd0 c:/program files/microchip/xc8/v3.00/avr/bin/../lib/gcc/avr/5.4.0/../../../../avr/lib/avr5\libc.a(__pop_int.o)
                0x0000000000000c04                __pop_int_needed
                0x0000000000000c04                __pop_int

.text.__cvt_u   0x0000000000000cd4       0xca
 .text.__cvt_u  0x0000000000000cd4       0xca c:/program files/microchip/xc8/v3.00/avr/bin/../lib/gcc/avr/5.4.0/../../../../avr/lib/avr5\libc.a(__fmt_u.o)
                0x0000000000000cd4                __cvt_u

.text.__vector_16
                0x0000000000000d9e       0xb4
 .text.__vector_16
                0x0000000000000d9e       0xb4 build/ISP/debug/Timer0.o
                0x0000000000000d9e                __vector_16

.text.__fmt_o   0x0000000000000e52       0xb2
 .text.__fmt_o  0x0000000000000e52       0xb2 c:/program files/microchip/xc8/v3.00/avr/bin/../lib/gcc/avr/5.4.0/../../../../avr/lib/avr5\libc.a(__fmt_o.o)
                0x0000000000000e52                __fmt_o
                0x0000000000000e52                __fmt_o_needed

.text.fputc     0x0000000000000f04       0x98
 .text.fputc    0x0000000000000f04       0x98 c:/program files/microchip/xc8/v3.00/avr/bin/../lib/gcc/avr/5.4.0/../../../../avr/lib/avr5\libc.a(fputc.o)
                0x0000000000000f04                fputc
                0x0000000000000f04                putc

.text.__fmt_u   0x0000000000000f9c       0x8e
 .text.__fmt_u  0x0000000000000f9c       0x8e c:/program files/microchip/xc8/v3.00/avr/bin/../lib/gcc/avr/5.4.0/../../../../avr/lib/avr5\libc.a(__fmt_u.o)
                0x0000000000000f9c                __fmt_u_needed
                0x0000000000000f9c                __fmt_u

.text.SSD1306_SetWindow
                0x000000000000102a       0x82
 .text.SSD1306_SetWindow
                0x000000000000102a       0x82 build/ISP/debug/ssd1306.o
                0x000000000000102a                SSD1306_SetWindow

.text.__printf_core
                0x00000000000010ac       0x78
 .text.__printf_core
                0x00000000000010ac       0x78 c:/program files/microchip/xc8/v3.00/avr/bin/../lib/gcc/avr/5.4.0/../../../../avr/lib/avr5\libc.a(__printf_core.o)
                0x00000000000010ac                __printf_core

.text.__vsnprintf
                0x0000000000001124       0x74
 .text.__vsnprintf
                0x0000000000001124       0x74 c:/program files/microchip/xc8/v3.00/avr/bin/../lib/gcc/avr/5.4.0/../../../../avr/lib/avr5\libc.a(__int_vsnprintf.o)
                0x0000000000001124                __vsnprintf

.text.__pad     0x0000000000001198       0x72
 .text.__pad    0x0000000000001198       0x72 c:/program files/microchip/xc8/v3.00/avr/bin/../lib/gcc/avr/5.4.0/../../../../avr/lib/avr5\libc.a(__printf_core.o)
                0x0000000000001198                __pad

.text.__vector_2
                0x000000000000120a       0x6c
 .text.__vector_2
                0x000000000000120a       0x6c build/ISP/debug/ExternalInterrupt.o
                0x000000000000120a                __vector_2

.text.__vector_1
                0x0000000000001276       0x6a
 .text.__vector_1
                0x0000000000001276       0x6a build/ISP/debug/ExternalInterrupt.o
                0x0000000000001276                __vector_1

.text.__vector_18
                0x00000000000012e0       0x66
 .text.__vector_18
                0x00000000000012e0       0x66 build/ISP/debug/UART.o
                0x00000000000012e0                __vector_18

.text.read_prec_or_width
                0x0000000000001346       0x5c
 .text.read_prec_or_width
                0x0000000000001346       0x5c c:/program files/microchip/xc8/v3.00/avr/bin/../lib/gcc/avr/5.4.0/../../../../avr/lib/avr5\libc.a(__printf_core.o)

.text.__fmt_s   0x00000000000013a2       0x54
 .text.__fmt_s  0x00000000000013a2       0x54 c:/program files/microchip/xc8/v3.00/avr/bin/../lib/gcc/avr/5.4.0/../../../../avr/lib/avr5\libc.a(__fmt_s.o)
                0x00000000000013a2                __fmt_s
                0x00000000000013a2                __fmt_0_needed
                0x00000000000013a2                __fmt_s_needed

.text.TWI_MT_Start
                0x00000000000013f6       0x46
 .text.TWI_MT_Start
                0x00000000000013f6       0x46 build/ISP/debug/twi.o
                0x00000000000013f6                TWI_MT_Start

.text.SSD1306_UpdatePosition
                0x000000000000143c       0x44
 .text.SSD1306_UpdatePosition
                0x000000000000143c       0x44 build/ISP/debug/ssd1306.o
                0x000000000000143c                SSD1306_UpdatePosition

.text.libgcc.div
                0x0000000000001480       0x44
 .text.libgcc.div
                0x0000000000001480       0x44 c:/program files/microchip/xc8/v3.00/avr/bin/../lib/gcc/avr/5.4.0/avr5\libgcc.a(_udivmodsi4.o)
                0x0000000000001480                __udivmodsi4

.text.__fmt_state
                0x00000000000014c4       0x40
 .text.__fmt_state
                0x00000000000014c4       0x40 c:/program files/microchip/xc8/v3.00/avr/bin/../lib/gcc/avr/5.4.0/../../../../avr/lib/avr5\libc.a(__printf_core.o)
                0x00000000000014c4                __fmt_state

.text.__out     0x0000000000001504       0x3a
 .text.__out    0x0000000000001504       0x3a c:/program files/microchip/xc8/v3.00/avr/bin/../lib/gcc/avr/5.4.0/../../../../avr/lib/avr5\libc.a(__printf_core.o)
                0x0000000000001504                __out

.text.libgcc.prologue
                0x000000000000153e       0x38
 .text.libgcc.prologue
                0x000000000000153e       0x38 c:/program files/microchip/xc8/v3.00/avr/bin/../lib/gcc/avr/5.4.0/avr5\libgcc.a(_prologue.o)
                0x000000000000153e                __prologue_saves__

.text.SSD1306_DrawString
                0x0000000000001576       0x36
 .text.SSD1306_DrawString
                0x0000000000001576       0x36 build/ISP/debug/ssd1306.o
                0x0000000000001576                SSD1306_DrawString

.text.libgcc.prologue
                0x00000000000015ac       0x36
 .text.libgcc.prologue
                0x00000000000015ac       0x36 c:/program files/microchip/xc8/v3.00/avr/bin/../lib/gcc/avr/5.4.0/avr5\libgcc.a(_epilogue.o)
                0x00000000000015ac                __epilogue_restores__

.text.TWI_MT_Send_SLAW
                0x00000000000015e2       0x34
 .text.TWI_MT_Send_SLAW
                0x00000000000015e2       0x34 build/ISP/debug/twi.o
                0x00000000000015e2                TWI_MT_Send_SLAW

.text.TWI_MT_Send_Data
                0x0000000000001616       0x32
 .text.TWI_MT_Send_Data
                0x0000000000001616       0x32 build/ISP/debug/twi.o
                0x0000000000001616                TWI_MT_Send_Data

.text.__wrap_printf
                0x0000000000001648       0x30
 .text.__wrap_printf
                0x0000000000001648       0x30 c:/program files/microchip/xc8/v3.00/avr/bin/../lib/gcc/avr/5.4.0/../../../../avr/lib/avr5\libc.a(__sio_printf_dosux.o)
                0x0000000000001648                _printf_cdopsuxX

.text.__vfprintf
                0x0000000000001678       0x30
 .text.__vfprintf
                0x0000000000001678       0x30 c:/program files/microchip/xc8/v3.00/avr/bin/../lib/gcc/avr/5.4.0/../../../../avr/lib/avr5\libc.a(__int_vfprintf.o)
                0x0000000000001678                __vfprintf

.text.__wrap_sprintf
                0x00000000000016a8       0x24
 .text.__wrap_sprintf
                0x00000000000016a8       0x24 c:/program files/microchip/xc8/v3.00/avr/bin/../lib/gcc/avr/5.4.0/../../../../avr/lib/avr5\libc.a(__sio_sprintf_doux.o)
                0x00000000000016a8                _sprintf_cdopuxX

.text.strlen    0x00000000000016cc       0x1c
 .text.strlen   0x00000000000016cc       0x1c c:/program files/microchip/xc8/v3.00/avr/bin/../lib/gcc/avr/5.4.0/../../../../avr/lib/avr5\libc.a(strlen.o)
                0x00000000000016cc                strlen

.text.SSD1306_Send_Command
                0x00000000000016e8       0x18
 .text.SSD1306_Send_Command
                0x00000000000016e8       0x18 build/ISP/debug/ssd1306.o
                0x00000000000016e8                SSD1306_Send_Command

.text.SSD1306_Send_StartAndSLAW
                0x0000000000001700       0x16
 .text.SSD1306_Send_StartAndSLAW
                0x0000000000001700       0x16 build/ISP/debug/ssd1306.o
                0x0000000000001700                SSD1306_Send_StartAndSLAW

.text.exit      0x0000000000001716       0x16
 .text.exit     0x0000000000001716       0x16 c:/program files/microchip/xc8/v3.00/avr/bin/../lib/gcc/avr/5.4.0/../../../../avr/lib/avr5\libc.a(exit.o)
                0x0000000000001716                exit

.text.toupper   0x000000000000172c       0x12
 .text.toupper  0x000000000000172c       0x12 c:/program files/microchip/xc8/v3.00/avr/bin/../lib/gcc/avr/5.4.0/../../../../avr/lib/avr5\libc.a(toupper.o)
                0x000000000000172c                toupper

.text.tolower   0x000000000000173e       0x10
 .text.tolower  0x000000000000173e       0x10 c:/program files/microchip/xc8/v3.00/avr/bin/../lib/gcc/avr/5.4.0/../../../../avr/lib/avr5\libc.a(tolower.o)
                0x000000000000173e                tolower

.text.__vsprintf
                0x000000000000174e        0xe
 .text.__vsprintf
                0x000000000000174e        0xe c:/program files/microchip/xc8/v3.00/avr/bin/../lib/gcc/avr/5.4.0/../../../../avr/lib/avr5\libc.a(__int_vsprintf.o)
                0x000000000000174e                __vsprintf

.text.SSD1306_SetPosition
                0x000000000000175c        0xc
 .text.SSD1306_SetPosition
                0x000000000000175c        0xc build/ISP/debug/ssd1306.o
                0x000000000000175c                SSD1306_SetPosition

.text.TWI_Stop  0x0000000000001768        0x8
 .text.TWI_Stop
                0x0000000000001768        0x8 build/ISP/debug/twi.o
                0x0000000000001768                TWI_Stop

.text           0x0000000000001770        0x4
 .text          0x0000000000001770        0x4 C:/Program Files/Microchip/MPLABX/v6.20/packs/Microchip/ATmega_DFP/3.1.264/xc8/avr/lib/avr5/crtatmega328pb.o
                0x0000000000001770                __vector_38
                0x0000000000001770                __vector_22
                0x0000000000001770                __vector_28
                0x0000000000001770                __vector_32
                0x0000000000001770                __vector_34
                0x0000000000001770                __vector_12
                0x0000000000001770                __bad_interrupt
                0x0000000000001770                __vector_6
                0x0000000000001770                __vector_31
                0x0000000000001770                __vector_35
                0x0000000000001770                __vector_39
                0x0000000000001770                __vector_3
                0x0000000000001770                __vector_23
                0x0000000000001770                __vector_30
                0x0000000000001770                __vector_25
                0x0000000000001770                __vector_11
                0x0000000000001770                __vector_13
                0x0000000000001770                __vector_17
                0x0000000000001770                __vector_19
                0x0000000000001770                __vector_7
                0x0000000000001770                __vector_41
                0x0000000000001770                __vector_43
                0x0000000000001770                __vector_27
                0x0000000000001770                __vector_5
                0x0000000000001770                __vector_33
                0x0000000000001770                __vector_37
                0x0000000000001770                __vector_4
                0x0000000000001770                __vector_44
                0x0000000000001770                __vector_9
                0x0000000000001770                __vector_21
                0x0000000000001770                __vector_15
                0x0000000000001770                __vector_36
                0x0000000000001770                __vector_29
                0x0000000000001770                __vector_40
                0x0000000000001770                __vector_8
                0x0000000000001770                __vector_26
                0x0000000000001770                __vector_14
                0x0000000000001770                __vector_10
                0x0000000000001770                __vector_20
                0x0000000000001770                __vector_42

.text._Exit     0x0000000000001774        0x4
 .text._Exit    0x0000000000001774        0x4 c:/program files/microchip/xc8/v3.00/avr/bin/../lib/gcc/avr/5.4.0/../../../../avr/lib/avr5\libc.a(_Exit.o)
                0x0000000000001774                _Exit

.text.__vector_24
                0x0000000000001778        0x2
 .text.__vector_24
                0x0000000000001778        0x2 build/ISP/debug/main.o
                0x0000000000001778                __vector_24

.text.NoCallbackIsPerformedOnExternalInterrupt
                0x000000000000177a        0x2
 .text.NoCallbackIsPerformedOnExternalInterrupt
                0x000000000000177a        0x2 build/ISP/debug/ExternalInterrupt.o

.text.__dummy_fini
                0x000000000000177c        0x2
 .text.__dummy_fini
                0x000000000000177c        0x2 c:/program files/microchip/xc8/v3.00/avr/bin/../lib/gcc/avr/5.4.0/../../../../avr/lib/avr5\libc.a(exit.o)
                0x000000000000177c                _fini

.text.__dummy_funcs_on_exit
                0x000000000000177e        0x2
 .text.__dummy_funcs_on_exit
                0x000000000000177e        0x2 c:/program files/microchip/xc8/v3.00/avr/bin/../lib/gcc/avr/5.4.0/../../../../avr/lib/avr5\libc.a(exit.o)
                0x000000000000177e                __funcs_on_exit

.text.__dummy_simulator_exit
                0x0000000000001780        0x2
 .text.__dummy_simulator_exit
                0x0000000000001780        0x2 c:/program files/microchip/xc8/v3.00/avr/bin/../lib/gcc/avr/5.4.0/../../../../avr/lib/avr5\libc.a(exit.o)
                0x0000000000001780                __simulator_exit

.rodata         0x0000000000800102      0x246 load address 0x0000000000001782
 .rodata        0x0000000000800102      0x246 build/ISP/debug/main.o

.rodata.state_table
                0x0000000000800348       0x16 load address 0x00000000000019c8
 .rodata.state_table
                0x0000000000800348       0x16 c:/program files/microchip/xc8/v3.00/avr/bin/../lib/gcc/avr/5.4.0/../../../../avr/lib/avr5\libc.a(__printf_core.o)

.data.ExternalInterruptCallbackStructArray
                0x000000000080035e        0x8 load address 0x00000000000019de
 .data.ExternalInterruptCallbackStructArray
                0x000000000080035e        0x8 build/ISP/debug/ExternalInterrupt.o

.rodata.nuls.2781
                0x0000000000800366        0x7 load address 0x00000000000019e6
 .rodata.nuls.2781
                0x0000000000800366        0x7 c:/program files/microchip/xc8/v3.00/avr/bin/../lib/gcc/avr/5.4.0/../../../../avr/lib/avr5\libc.a(__fmt_s.o)

.rodata.nilstr.2962
                0x0000000000800379        0x6 load address 0x00000000000019ed
 .rodata.nilstr.2962
                0x0000000000800379        0x6 c:/program files/microchip/xc8/v3.00/avr/bin/../lib/gcc/avr/5.4.0/../../../../avr/lib/avr5\libc.a(__printf_core.o)

.data._stdout   0x0000000000800395        0x2 load address 0x00000000000019f3
 .data._stdout  0x0000000000800395        0x2 c:/program files/microchip/xc8/v3.00/avr/bin/../lib/gcc/avr/5.4.0/../../../../avr/lib/avr5\libc.a(stdout.o)
                0x0000000000800395                _stdout
