Archive member included to satisfy reference by file (symbol)

c:/program files/microchip/xc8/v3.00/avr/bin/../lib/gcc/avr/5.4.0/../../../../avr/lib/avr5\libm.a(cmpsf2.o)
                              build/DebugWire/debug/ssd1306.o (__ltsf2)
c:/program files/microchip/xc8/v3.00/avr/bin/../lib/gcc/avr/5.4.0/../../../../avr/lib/avr5\libm.a(fixunssfsi.o)
                              build/DebugWire/debug/ssd1306.o (__fixunssfsi)
c:/program files/microchip/xc8/v3.00/avr/bin/../lib/gcc/avr/5.4.0/../../../../avr/lib/avr5\libm.a(fp_cmp.o)
                              c:/program files/microchip/xc8/v3.00/avr/bin/../lib/gcc/avr/5.4.0/../../../../avr/lib/avr5\libm.a(cmpsf2.o) (__fp_cmp)
c:/program files/microchip/xc8/v3.00/avr/bin/../lib/gcc/avr/5.4.0/../../../../avr/lib/avr5\libm.a(fp_split3.o)
                              c:/program files/microchip/xc8/v3.00/avr/bin/../lib/gcc/avr/5.4.0/../../../../avr/lib/avr5\libm.a(fixunssfsi.o) (__fp_splitA)
c:/program files/microchip/xc8/v3.00/avr/bin/../lib/gcc/avr/5.4.0/../../../../avr/lib/avr5\libm.a(fp_zero.o)
                              c:/program files/microchip/xc8/v3.00/avr/bin/../lib/gcc/avr/5.4.0/../../../../avr/lib/avr5\libm.a(fixunssfsi.o) (__fp_zero)
c:/program files/microchip/xc8/v3.00/avr/bin/../lib/gcc/avr/5.4.0/../../../../avr/lib/avr5\libm.a(gesf2.o)
                              build/DebugWire/debug/ssd1306.o (__gtsf2)
c:/program files/microchip/xc8/v3.00/avr/bin/../lib/gcc/avr/5.4.0/../../../../avr/lib/avr5\libm.a(mulsf3.o)
                              build/DebugWire/debug/ssd1306.o (__mulsf3)
c:/program files/microchip/xc8/v3.00/avr/bin/../lib/gcc/avr/5.4.0/../../../../avr/lib/avr5\libm.a(mulsf3x.o)
                              c:/program files/microchip/xc8/v3.00/avr/bin/../lib/gcc/avr/5.4.0/../../../../avr/lib/avr5\libm.a(mulsf3.o) (__mulsf3x)
c:/program files/microchip/xc8/v3.00/avr/bin/../lib/gcc/avr/5.4.0/../../../../avr/lib/avr5\libm.a(fp_inf.o)
                              c:/program files/microchip/xc8/v3.00/avr/bin/../lib/gcc/avr/5.4.0/../../../../avr/lib/avr5\libm.a(mulsf3x.o) (__fp_inf)
c:/program files/microchip/xc8/v3.00/avr/bin/../lib/gcc/avr/5.4.0/../../../../avr/lib/avr5\libm.a(fp_nan.o)
                              c:/program files/microchip/xc8/v3.00/avr/bin/../lib/gcc/avr/5.4.0/../../../../avr/lib/avr5\libm.a(mulsf3x.o) (__fp_nan)
c:/program files/microchip/xc8/v3.00/avr/bin/../lib/gcc/avr/5.4.0/../../../../avr/lib/avr5\libm.a(fp_pscA.o)
                              c:/program files/microchip/xc8/v3.00/avr/bin/../lib/gcc/avr/5.4.0/../../../../avr/lib/avr5\libm.a(mulsf3x.o) (__fp_pscA)
c:/program files/microchip/xc8/v3.00/avr/bin/../lib/gcc/avr/5.4.0/../../../../avr/lib/avr5\libm.a(fp_pscB.o)
                              c:/program files/microchip/xc8/v3.00/avr/bin/../lib/gcc/avr/5.4.0/../../../../avr/lib/avr5\libm.a(mulsf3x.o) (__fp_pscB)
c:/program files/microchip/xc8/v3.00/avr/bin/../lib/gcc/avr/5.4.0/../../../../avr/lib/avr5\libm.a(fp_round.o)
                              c:/program files/microchip/xc8/v3.00/avr/bin/../lib/gcc/avr/5.4.0/../../../../avr/lib/avr5\libm.a(mulsf3.o) (__fp_round)
c:/program files/microchip/xc8/v3.00/avr/bin/../lib/gcc/avr/5.4.0/avr5\libgcc.a(_copy_data.o)
                              build/DebugWire/debug/main.o (__do_copy_data)
c:/program files/microchip/xc8/v3.00/avr/bin/../lib/gcc/avr/5.4.0/../../../../avr/lib/avr5\libc.a(exit.o)
                              C:/Program Files/Microchip/MPLABX/v6.20/packs/Microchip/ATmega_DFP/3.1.264/xc8/avr/lib/avr5/crtatmega328pb.o (exit)
c:/program files/microchip/xc8/v3.00/avr/bin/../lib/gcc/avr/5.4.0/../../../../avr/lib/avr5\libc.a(__sio_printf_dosux.o)
                              build/DebugWire/debug/main.o (_printf_cdopsuxX)
c:/program files/microchip/xc8/v3.00/avr/bin/../lib/gcc/avr/5.4.0/../../../../avr/lib/avr5\libc.a(__sio_printf_doux.o)
                              build/DebugWire/debug/main.o (_printf_cdopuxX)
c:/program files/microchip/xc8/v3.00/avr/bin/../lib/gcc/avr/5.4.0/../../../../avr/lib/avr5\libc.a(__sio_sprintf_doux.o)
                              build/DebugWire/debug/main.o (_sprintf_cdopuxX)
c:/program files/microchip/xc8/v3.00/avr/bin/../lib/gcc/avr/5.4.0/../../../../avr/lib/avr5\libc.a(__fmt_d.o)
                              c:/program files/microchip/xc8/v3.00/avr/bin/../lib/gcc/avr/5.4.0/../../../../avr/lib/avr5\libc.a(__sio_printf_dosux.o) (__fmt_d_needed)
c:/program files/microchip/xc8/v3.00/avr/bin/../lib/gcc/avr/5.4.0/../../../../avr/lib/avr5\libc.a(__fmt_o.o)
                              c:/program files/microchip/xc8/v3.00/avr/bin/../lib/gcc/avr/5.4.0/../../../../avr/lib/avr5\libc.a(__sio_printf_dosux.o) (__fmt_o_needed)
c:/program files/microchip/xc8/v3.00/avr/bin/../lib/gcc/avr/5.4.0/../../../../avr/lib/avr5\libc.a(__fmt_s.o)
                              c:/program files/microchip/xc8/v3.00/avr/bin/../lib/gcc/avr/5.4.0/../../../../avr/lib/avr5\libc.a(__sio_printf_dosux.o) (__fmt_s_needed)
[...]
Memory Configuration

Name             Origin             Length             Attributes
text             0x0000000000000000 0x0000000000008000 xr
data             0x0000000000800100 0x0000000000000800 rw !x
eeprom           0x0000000000810000 0x0000000000000400 rw !x
fuse             0x0000000000820000 0x0000000000000003 rw !x
lock             0x0000000000830000 0x0000000000000400 rw !x
signature        0x0000000000840000 0x0000000000000400 rw !x
user_signatures  0x0000000000850000 0x0000000000000400 rw !x
bootrow          0x0000000000860000 0x0000000000000400 rw !x
*default*        0x0000000000000000 0xffffffffffffffff

Linker script and memory map

Address of section .data set to 0x800100
LOAD C:/Program Files/Microchip/MPLABX/v6.20/packs/Microchip/ATmega_DFP/3.1.264/xc8/avr/lib/avr5/crtatmega328pb.o
                0x0000000000000001                __MPLAB_BUILD = 0x1
LOAD build/DebugWire/debug/main.o
LOAD build/DebugWire/debug/ssd1306.o
LOAD build/DebugWire/debug/twi.o
LOAD build/DebugWire/debug/Timer.o
LOAD build/DebugWire/debug/Timer0.o
LOAD build/DebugWire/debug/UART.o
LOAD build/DebugWire/debug/ExternalInterrupt.o
START GROUP
LOAD c:/program files/microchip/xc8/v3.00/avr/bin/../lib/gcc/avr/5.4.0/../../../../avr/lib/avr5\libm.a
END GROUP
                0x0000000000000001                __MPLAB_DEBUG = 0x1
                0x0000000000000001                __DEBUG = 0x1
START GROUP
LOAD c:/program files/microchip/xc8/v3.00/avr/bin/../lib/gcc/avr/5.4.0/avr5\libgcc.a
LOAD c:/program files/microchip/xc8/v3.00/avr/bin/../lib/gcc/avr/5.4.0/../../../../avr/lib/avr5\libm.a
LOAD c:/program files/microchip/xc8/v3.00/avr/bin/../lib/gcc/avr/5.4.0/../../../../avr/lib/avr5\libc.a
LOAD C:/Program Files/Microchip/MPLABX/v6.20/packs/Microchip/ATmega_DFP/3.1.264/xc8/avr/lib/avr5\libatmega328pb.a
END GROUP
                [0x0000000000000000]                __TEXT_REGION_ORIGIN__ = DEFINED (__TEXT_REGION_ORIGIN__)?__TEXT_REGION_ORIGIN__:0x0
                [0x0000000000800100]                __DATA_REGION_ORIGIN__ = DEFINED (__DATA_REGION_ORIGIN__)?__DATA_REGION_ORIGIN__:0x800060
                [0x0000000000008000]                __TEXT_REGION_LENGTH__ = DEFINED (__TEXT_REGION_LENGTH__)?__TEXT_REGION_LENGTH__:0x20000
                [0x0000000000000800]                __DATA_REGION_LENGTH__ = DEFINED (__DATA_REGION_LENGTH__)?__DATA_REGION_LENGTH__:0xffa0
                [0x0000000000000400]                __EEPROM_REGION_LENGTH__ = DEFINED (__EEPROM_REGION_LENGTH__)?__EEPROM_REGION_LENGTH__:0x10000
                [0x0000000000000003]                __FUSE_REGION_LENGTH__ = DEFINED (__FUSE_REGION_LENGTH__)?__FUSE_REGION_LENGTH__:0x400
                0x0000000000000400                __LOCK_REGION_LENGTH__ = DEFINED (__LOCK_REGION_LENGTH__)?__LOCK_REGION_LENGTH__:0x400
                0x0000000000000400                __SIGNATURE_REGION_LENGTH__ = DEFINED (__SIGNATURE_REGION_LENGTH__)?__SIGNATURE_REGION_LENGTH__:0x400
                0x0000000000000400                __USER_SIGNATURE_REGION_LENGTH__ = DEFINED (__USER_SIGNATURE_REGION_LENGTH__)?__USER_SIGNATURE_REGION_LENGTH__:0x400
                0x0000000000000400                __BOOTROW_REGION_LENGTH__ = DEFINED (__BOOTROW_REGION_LENGTH__)?__BOOTROW_REGION_LENGTH__:0x400

.hash
 *(.hash)

.dynsym
 *(.dynsym)

.dynstr
 *(.dynstr)

.gnu.version
 *(.gnu.version)

.gnu.version_d
 *(.gnu.version_d)

.gnu.version_r
 *(.gnu.version_r)

.rel.init
 *(.rel.init)

.rela.init
 *(.rela.init)

.rel.text
 *(.rel.text)
 *(.rel.text.*)
 *(.rel.gnu.linkonce.t*)

.rela.text
 *(.rela.text)
 *(.rela.text.*)
 *(.rela.gnu.linkonce.t*)

.rel.fini
 *(.rel.fini)

.rela.fini
 *(.rela.fini)

.rel.rodata
 *(.rel.rodata)
 *(.rel.rodata.*)
 *(.rel.gnu.linkonce.r*)

.rela.rodata
 *(.rela.rodata)
 *(.rela.rodata.*)
 *(.rela.gnu.linkonce.r*)

.rel.data
 *(.rel.data)
 *(.rel.data.*)
 *(.rel.gnu.linkonce.d*)

.rela.data
 *(.rela.data)
 *(.rela.data.*)
 *(.rela.gnu.linkonce.d*)

.rel.ctors
 *(.rel.ctors)

.rela.ctors
 *(.rela.ctors)

.rel.dtors
 *(.rel.dtors)

.rela.dtors
 *(.rela.dtors)

.rel.got
 *(.rel.got)

.rela.got
 *(.rela.got)

.rel.bss
 *(.rel.bss)

.rela.bss
 *(.rela.bss)

.rel.plt
 *(.rel.plt)

.rela.plt
 *(.rela.plt)

.text           0x0000000000000000      0x132
 *(.vectors)
 .vectors       0x0000000000000000       0xb4 C:/Program Files/Microchip/MPLABX/v6.20/packs/Microchip/ATmega_DFP/3.1.264/xc8/avr/lib/avr5/crtatmega328pb.o
                0x0000000000000000                __vector_default
                0x0000000000000000                __vectors
 *(.vectors)
 *(.progmem.gcc*)
 *(.dinit)
 .dinit         0x00000000000000b4       0x29 data_init
                0x00000000000000de                . = ALIGN (0x2)
 *fill*         0x00000000000000dd        0x1 
                0x00000000000000de                __trampolines_start = .
 *(.trampolines)
 .trampolines   0x00000000000000de        0x0 linker stubs
 *(.trampolines*)
                0x00000000000000de                __trampolines_end = .
 *libprintf_flt.a:*(.progmem.data)
 *libc.a:*(.progmem.data)
                0x00000000000000de                . = ALIGN (0x2)
 *(.jumptables)
 *(.jumptables*)
 *(.lowtext)
 *(.lowtext*)
                0x00000000000000de                __ctors_start = .
 *(.ctors)
                0x00000000000000de                __ctors_end = .
                0x00000000000000de                __dtors_start = .
 *(.dtors)
                0x00000000000000de                __dtors_end = .
 SORT(*)(.ctors)
 SORT(*)(.dtors)
 *(.init0)
 .init0         0x00000000000000de        0x0 C:/Program Files/Microchip/MPLABX/v6.20/packs/Microchip/ATmega_DFP/3.1.264/xc8/avr/lib/avr5/crtatmega328pb.o
                0x00000000000000de                __init
 *(.init0)
 *(.init1)
 *(.init1)
 *(.init2)
 .init2         0x00000000000000de        0xc C:/Program Files/Microchip/MPLABX/v6.20/packs/Microchip/ATmega_DFP/3.1.264/xc8/avr/lib/avr5/crtatmega328pb.o
 *(.init2)
 *(.init3)
 *(.init3)
 *(.init4)
 .init4         0x00000000000000ea       0x3c c:/program files/microchip/xc8/v3.00/avr/bin/../lib/gcc/avr/5.4.0/avr5\libgcc.a(_copy_data.o)
                0x00000000000000ea                __do_copy_data
                0x0000000000000118                __do_clear_bss
 *(.init4)
 *(.init5)
 *(.init5)
 *(.init6)
 *(.init6)
 *(.init7)
 *(.init7)
 *(.init8)
 *(.init8)
 *(.init9)
 .init9         0x0000000000000126        0x8 C:/Program Files/Microchip/MPLABX/v6.20/packs/Microchip/ATmega_DFP/3.1.264/xc8/avr/lib/avr5/crtatmega328pb.o
 *(.init9)
                0x000000000000012e                . = ALIGN (0x2)
 *(.fini9)
 .fini9         0x000000000000012e        0x0 c:/program files/microchip/xc8/v3.00/avr/bin/../lib/gcc/avr/5.4.0/avr5\libgcc.a(_exit.o)
                0x000000000000012e                _exit
 *(.fini9)
 *(.fini8)
 *(.fini8)
 *(.fini7)
 *(.fini7)
 *(.fini6)
 *(.fini6)
 *(.fini5)
 *(.fini5)
 *(.fini4)
 *(.fini4)
 *(.fini3)
 *(.fini3)
 *(.fini2)
 *(.fini2)
 *(.fini1)
 *(.fini1)
 *(.fini0)
 .fini0         0x000000000000012e        0x4 c:/program files/microchip/xc8/v3.00/avr/bin/../lib/gcc/avr/5.4.0/avr5\libgcc.a(_exit.o)
 *(.fini0)
                0x0000000000000132                _etext = .

.data           0x0000000000800100        0x0 load address 0x0000000000000132
                [!provide]                        PROVIDE (__data_start, .)
 *(.gnu.linkonce.d*)
 *(.gnu.linkonce.r*)
                0x0000000000800100                . = ALIGN (0x2)
                0x0000000000800100                _edata = .
                [!provide]                        PROVIDE (__data_end, .)

.bss            0x0000000000800100        0x2
                [!provide]                        PROVIDE (__bss_start, .)
 *(COMMON)
 COMMON         0x0000000000800100        0x2 c:/program files/microchip/xc8/v3.00/avr/bin/../lib/gcc/avr/5.4.0/../../../../avr/lib/avr5\libc.a(errno.o)
                0x0000000000800100                __errno_val
                [!provide]                        PROVIDE (__bss_end, .)
                0x0000000000000132                __data_load_start = LOADADDR (.data)
                0x0000000000000132                __data_load_end = (__data_load_start + SIZEOF (.data))

.noinit         0x0000000000800102        0x0
                [!provide]                        PROVIDE (__noinit_start, .)
 *(.noinit*)
                [!provide]                        PROVIDE (__noinit_end, .)
                0x0000000000800102                _end = .

.eeprom         0x0000000000810000        0x0
 *(.eeprom*)
                0x0000000000810000                __eeprom_end = .

.fuse
 *(.fuse)
 *(.lfuse)
 *(.hfuse)
 *(.efuse)

.lock
 *(.lock*)

.signature
 *(.signature*)

.user_signatures
 *(.user_signatures*)

.bootrow
 *(.bootrow*)

.stab
 *(.stab)

.stabstr
 *(.stabstr)

.stab.excl
 *(.stab.excl)

.stab.exclstr
 *(.stab.exclstr)

.stab.index
 *(.stab.index)

.stab.indexstr
 *(.stab.indexstr)

.comment        0x0000000000000000       0x5b
 *(.comment)
 .comment       0x0000000000000000       0x2f build/DebugWire/debug/main.o
                                         0x30 (size before relaxing)
 .comment       0x000000000000002f       0x30 build/DebugWire/debug/ssd1306.o
 .comment       0x000000000000002f       0x30 build/DebugWire/debug/twi.o
 .comment       0x000000000000002f       0x30 build/DebugWire/debug/Timer0.o
 .comment       0x000000000000002f       0x30 build/DebugWire/debug/UART.o
 .comment       0x000000000000002f       0x30 build/DebugWire/debug/ExternalInterrupt.o
 .comment       0x000000000000002f       0x2c c:/program files/microchip/xc8/v3.00/avr/bin/../lib/gcc/avr/5.4.0/../../../../avr/lib/avr5\libc.a(exit.o)
                                         0x2d (size before relaxing)
 .comment       0x000000000000005b       0x2d c:/program files/microchip/xc8/v3.00/avr/bin/../lib/gcc/avr/5.4.0/../../../../avr/lib/avr5\libc.a(__sio_printf_dosux.o)
 .comment       0x000000000000005b       0x2d c:/program files/microchip/xc8/v3.00/avr/bin/../lib/gcc/avr/5.4.0/../../../../avr/lib/avr5\libc.a(__sio_sprintf_doux.o)
 .comment       0x000000000000005b       0x2d c:/program files/microchip/xc8/v3.00/avr/bin/../lib/gcc/avr/5.4.0/../../../../avr/lib/avr5\libc.a(__fmt_d.o)
 .comment       0x000000000000005b       0x2d c:/program files/microchip/xc8/v3.00/avr/bin/../lib/gcc/avr/5.4.0/../../../../avr/lib/avr5\libc.a(__fmt_o.o)
 .comment       0x000000000000005b       0x2d c:/program files/microchip/xc8/v3.00/avr/bin/../lib/gcc/avr/5.4.0/../../../../avr/lib/avr5\libc.a(__fmt_s.o)
 .comment       0x000000000000005b       0x2d c:/program files/microchip/xc8/v3.00/avr/bin/../lib/gcc/avr/5.4.0/../../../../avr/lib/avr5\libc.a(__fmt_u.o)
 .comment       0x000000000000005b       0x2d c:/program files/microchip/xc8/v3.00/avr/bin/../lib/gcc/avr/5.4.0/../../../../avr/lib/avr5\libc.a(__fmt_x.o)
 .comment       0x000000000000005b       0x2d c:/program files/microchip/xc8/v3.00/avr/bin/../lib/gcc/avr/5.4.0/../../../../avr/lib/avr5\libc.a(__pop_int.o)
 .comment       0x000000000000005b       0x2d c:/program files/microchip/xc8/v3.00/avr/bin/../lib/gcc/avr/5.4.0/../../../../avr/lib/avr5\libc.a(__printf_core.o)
 .comment       0x000000000000005b       0x2d c:/program files/microchip/xc8/v3.00/avr/bin/../lib/gcc/avr/5.4.0/../../../../avr/lib/avr5\libc.a(fputc.o)
 .comment       0x000000000000005b       0x2d c:/program files/microchip/xc8/v3.00/avr/bin/../lib/gcc/avr/5.4.0/../../../../avr/lib/avr5\libc.a(stdout.o)
 .comment       0x000000000000005b       0x2d c:/program files/microchip/xc8/v3.00/avr/bin/../lib/gcc/avr/5.4.0/../../../../avr/lib/avr5\libc.a(strlen.o)
 .comment       0x000000000000005b       0x2d c:/program files/microchip/xc8/v3.00/avr/bin/../lib/gcc/avr/5.4.0/../../../../avr/lib/avr5\libc.a(tolower.o)
 .comment       0x000000000000005b       0x2d c:/program files/microchip/xc8/v3.00/avr/bin/../lib/gcc/avr/5.4.0/../../../../avr/lib/avr5\libc.a(toupper.o)
 .comment       0x000000000000005b       0x2d c:/program files/microchip/xc8/v3.00/avr/bin/../lib/gcc/avr/5.4.0/../../../../avr/lib/avr5\libc.a(errno.o)
 .comment       0x000000000000005b       0x2d c:/program files/microchip/xc8/v3.00/avr/bin/../lib/gcc/avr/5.4.0/../../../../avr/lib/avr5\libc.a(_Exit.o)
 .comment       0x000000000000005b       0x2d c:/program files/microchip/xc8/v3.00/avr/bin/../lib/gcc/avr/5.4.0/../../../../avr/lib/avr5\libc.a(__int_vfprintf.o)
 .comment       0x000000000000005b       0x2d c:/program files/microchip/xc8/v3.00/avr/bin/../lib/gcc/avr/5.4.0/../../../../avr/lib/avr5\libc.a(__int_vsprintf.o)
 .comment       0x000000000000005b       0x2d c:/program files/microchip/xc8/v3.00/avr/bin/../lib/gcc/avr/5.4.0/../../../../avr/lib/avr5\libc.a(__int_vsnprintf.o)

.stack.descriptors.hdr
                0x0000000000000000      0x134
 .stack.descriptors.hdr
                0x0000000000000000        0xe c:/program files/microchip/xc8/v3.00/avr/bin/../lib/gcc/avr/5.4.0/../../../../avr/lib/avr5\libc.a(exit.o)
 .stack.descriptors.hdr
                0x000000000000000e        0xe c:/program files/microchip/xc8/v3.00/avr/bin/../lib/gcc/avr/5.4.0/../../../../avr/lib/avr5\libc.a(__sio_printf_dosux.o)
 .stack.descriptors.hdr
                0x000000000000001c        0xe c:/program files/microchip/xc8/v3.00/avr/bin/../lib/gcc/avr/5.4.0/../../../../avr/lib/avr5\libc.a(__sio_sprintf_doux.o)
 .stack.descriptors.hdr
                0x000000000000002a        0xe c:/program files/microchip/xc8/v3.00/avr/bin/../lib/gcc/avr/5.4.0/../../../../avr/lib/avr5\libc.a(__fmt_d.o)
 .stack.descriptors.hdr
                0x0000000000000038        0xe c:/program files/microchip/xc8/v3.00/avr/bin/../lib/gcc/avr/5.4.0/../../../../avr/lib/avr5\libc.a(__fmt_o.o)
 .stack.descriptors.hdr
                0x0000000000000046        0xe c:/program files/microchip/xc8/v3.00/avr/bin/../lib/gcc/avr/5.4.0/../../../../avr/lib/avr5\libc.a(__fmt_s.o)
 .stack.descriptors.hdr
                0x0000000000000054        0xe c:/program files/microchip/xc8/v3.00/avr/bin/../lib/gcc/avr/5.4.0/../../../../avr/lib/avr5\libc.a(__fmt_u.o)
 .stack.descriptors.hdr
                0x0000000000000062        0xe c:/program files/microchip/xc8/v3.00/avr/bin/../lib/gcc/avr/5.4.0/../../../../avr/lib/avr5\libc.a(__fmt_x.o)
 .stack.descriptors.hdr
                0x0000000000000070        0xe c:/program files/microchip/xc8/v3.00/avr/bin/../lib/gcc/avr/5.4.0/../../../../avr/lib/avr5\libc.a(__pop_int.o)
 .stack.descriptors.hdr
                0x000000000000007e        0xe c:/program files/microchip/xc8/v3.00/avr/bin/../lib/gcc/avr/5.4.0/../../../../avr/lib/avr5\libc.a(__printf_core.o)
 .stack.descriptors.hdr
                0x000000000000008c        0xe c:/program files/microchip/xc8/v3.00/avr/bin/../lib/gcc/avr/5.4.0/../../../../avr/lib/avr5\libc.a(fputc.o)
 .stack.descriptors.hdr
                0x000000000000009a        0xe c:/program files/microchip/xc8/v3.00/avr/bin/../lib/gcc/avr/5.4.0/../../../../avr/lib/avr5\libc.a(stdout.o)
 .stack.descriptors.hdr
                0x00000000000000a8        0xe c:/program files/microchip/xc8/v3.00/avr/bin/../lib/gcc/avr/5.4.0/../../../../avr/lib/avr5\libc.a(strlen.o)
 .stack.descriptors.hdr
                0x00000000000000b6        0xe c:/program files/microchip/xc8/v3.00/avr/bin/../lib/gcc/avr/5.4.0/../../../../avr/lib/avr5\libc.a(tolower.o)
 .stack.descriptors.hdr
                0x00000000000000c4        0xe c:/program files/microchip/xc8/v3.00/avr/bin/../lib/gcc/avr/5.4.0/../../../../avr/lib/avr5\libc.a(toupper.o)
 .stack.descriptors.hdr
                0x00000000000000d2        0xe c:/program files/microchip/xc8/v3.00/avr/bin/../lib/gcc/avr/5.4.0/../../../../avr/lib/avr5\libc.a(errno.o)
 .stack.descriptors.hdr
                0x00000000000000e0        0xe c:/program files/microchip/xc8/v3.00/avr/bin/../lib/gcc/avr/5.4.0/../../../../avr/lib/avr5\libc.a(_Exit.o)
 .stack.descriptors.hdr
                0x00000000000000ee        0xe c:/program files/microchip/xc8/v3.00/avr/bin/../lib/gcc/avr/5.4.0/../../../../avr/lib/avr5\libc.a(__int_vfprintf.o)
 .stack.descriptors.hdr
                0x00000000000000fc        0xe c:/program files/microchip/xc8/v3.00/avr/bin/../lib/gcc/avr/5.4.0/../../../../avr/lib/avr5\libc.a(__int_vsprintf.o)
 .stack.descriptors.hdr
                0x000000000000010a        0xe c:/program files/microchip/xc8/v3.00/avr/bin/../lib/gcc/avr/5.4.0/../../../../avr/lib/avr5\libc.a(__int_vsnprintf.o)
 .stack.descriptors.hdr
                0x0000000000000118        0xe c:/program files/microchip/xc8/v3.00/avr/bin/../lib/gcc/avr/5.4.0/avr5\libgcc.a(_udivmodsi4.o)
 .stack.descriptors.hdr
                0x0000000000000126        0xe c:/program files/microchip/xc8/v3.00/avr/bin/../lib/gcc/avr/5.4.0/avr5\libgcc.a(_exit.o)

.note.GNU-stack
                0x0000000000000000        0x0
 .note.GNU-stack
                0x0000000000000000        0x0 c:/program files/microchip/xc8/v3.00/avr/bin/../lib/gcc/avr/5.4.0/../../../../avr/lib/avr5\libc.a(exit.o)
 .note.GNU-stack
                0x0000000000000000        0x0 c:/program files/microchip/xc8/v3.00/avr/bin/../lib/gcc/avr/5.4.0/../../../../avr/lib/avr5\libc.a(__sio_printf_dosux.o)
 .note.GNU-stack
                0x0000000000000000        0x0 c:/program files/microchip/xc8/v3.00/avr/bin/../lib/gcc/avr/5.4.0/../../../../avr/lib/avr5\libc.a(__sio_sprintf_doux.o)
 .note.GNU-stack
                0x0000000000000000        0x0 c:/program files/microchip/xc8/v3.00/avr/bin/../lib/gcc/avr/5.4.0/../../../../avr/lib/avr5\libc.a(__fmt_d.o)
 .note.GNU-stack
                0x0000000000000000        0x0 c:/program files/microchip/xc8/v3.00/avr/bin/../lib/gcc/avr/5.4.0/../../../../avr/lib/avr5\libc.a(__fmt_o.o)
 .note.GNU-stack
                0x0000000000000000        0x0 c:/program files/microchip/xc8/v3.00/avr/bin/../lib/gcc/avr/5.4.0/../../../../avr/lib/avr5\libc.a(__fmt_s.o)
 .note.GNU-stack
                0x0000000000000000        0x0 c:/program files/microchip/xc8/v3.00/avr/bin/../lib/gcc/avr/5.4.0/../../../../avr/lib/avr5\libc.a(__fmt_u.o)
 .note.GNU-stack
                0x0000000000000000        0x0 c:/program files/microchip/xc8/v3.00/avr/bin/../lib/gcc/avr/5.4.0/../../../../avr/lib/avr5\libc.a(__fmt_x.o)
 .note.GNU-stack
                0x0000000000000000        0x0 c:/program files/microchip/xc8/v3.00/avr/bin/../lib/gcc/avr/5.4.0/../../../../avr/lib/avr5\libc.a(__pop_int.o)
 .note.GNU-stack
                0x0000000000000000        0x0 c:/program files/microchip/xc8/v3.00/avr/bin/../lib/gcc/avr/5.4.0/../../../../avr/lib/avr5\libc.a(__printf_core.o)
 .note.GNU-stack
                0x0000000000000000        0x0 c:/program files/microchip/xc8/v3.00/avr/bin/../lib/gcc/avr/5.4.0/../../../../avr/lib/avr5\libc.a(fputc.o)
 .note.GNU-stack
                0x0000000000000000        0x0 c:/program files/microchip/xc8/v3.00/avr/bin/../lib/gcc/avr/5.4.0/../../../../avr/lib/avr5\libc.a(stdout.o)
 .note.GNU-stack
                0x0000000000000000        0x0 c:/program files/microchip/xc8/v3.00/avr/bin/../lib/gcc/avr/5.4.0/../../../../avr/lib/avr5\libc.a(strlen.o)
 .note.GNU-stack
                0x0000000000000000        0x0 c:/program files/microchip/xc8/v3.00/avr/bin/../lib/gcc/avr/5.4.0/../../../../avr/lib/avr5\libc.a(tolower.o)
 .note.GNU-stack
                0x0000000000000000        0x0 c:/program files/microchip/xc8/v3.00/avr/bin/../lib/gcc/avr/5.4.0/../../../../avr/lib/avr5\libc.a(toupper.o)
 .note.GNU-stack
                0x0000000000000000        0x0 c:/program files/microchip/xc8/v3.00/avr/bin/../lib/gcc/avr/5.4.0/../../../../avr/lib/avr5\libc.a(errno.o)
 .note.GNU-stack
                0x0000000000000000        0x0 c:/program files/microchip/xc8/v3.00/avr/bin/../lib/gcc/avr/5.4.0/../../../../avr/lib/avr5\libc.a(_Exit.o)
 .note.GNU-stack
                0x0000000000000000        0x0 c:/program files/microchip/xc8/v3.00/avr/bin/../lib/gcc/avr/5.4.0/../../../../avr/lib/avr5\libc.a(__int_vfprintf.o)
 .note.GNU-stack
                0x0000000000000000        0x0 c:/program files/microchip/xc8/v3.00/avr/bin/../lib/gcc/avr/5.4.0/../../../../avr/lib/avr5\libc.a(__int_vsprintf.o)
 .note.GNU-stack
                0x0000000000000000        0x0 c:/program files/microchip/xc8/v3.00/avr/bin/../lib/gcc/avr/5.4.0/../../../../avr/lib/avr5\libc.a(__int_vsnprintf.o)

.note.gnu.build-id
 *(.note.gnu.build-id)

.debug
 *(.debug)

.line
 *(.line)

.debug_srcinfo
 *(.debug_srcinfo)

.debug_sfnames
 *(.debug_sfnames)

.debug_aranges  0x0000000000000000      0x218
 *(.debug_aranges)
 .debug_aranges
                0x0000000000000000       0x68 build/DebugWire/debug/main.o
 .debug_aranges
                0x0000000000000068       0xa0 build/DebugWire/debug/ssd1306.o
 .debug_aranges
                0x0000000000000108       0x48 build/DebugWire/debug/twi.o
 .debug_aranges
                0x0000000000000150       0x38 build/DebugWire/debug/Timer0.o
 .debug_aranges
                0x0000000000000188       0x50 build/DebugWire/debug/UART.o
 .debug_aranges
                0x00000000000001d8       0x40 build/DebugWire/debug/ExternalInterrupt.o

.debug_pubnames
 *(.debug_pubnames)

.debug_info     0x0000000000000000     0x34e5
 *(.debug_info .gnu.linkonce.wi.*)
 .debug_info    0x0000000000000000      0x8ea C:/Program Files/Microchip/MPLABX/v6.20/packs/Microchip/ATmega_DFP/3.1.264/xc8/avr/lib/avr5/crtatmega328pb.o
 .debug_info    0x00000000000008ea      0xca2 build/DebugWire/debug/main.o
 .debug_info    0x000000000000158c      0xc42 build/DebugWire/debug/ssd1306.o
 .debug_info    0x00000000000021ce      0x3b3 build/DebugWire/debug/twi.o
 .debug_info    0x0000000000002581      0x45b build/DebugWire/debug/Timer0.o
 .debug_info    0x00000000000029dc      0x575 build/DebugWire/debug/UART.o
 .debug_info    0x0000000000002f51      0x594 build/DebugWire/debug/ExternalInterrupt.o

.debug_abbrev   0x0000000000000000      0xf2b
 *(.debug_abbrev)
 .debug_abbrev  0x0000000000000000      0x86e C:/Program Files/Microchip/MPLABX/v6.20/packs/Microchip/ATmega_DFP/3.1.264/xc8/avr/lib/avr5/crtatmega328pb.o
 .debug_abbrev  0x000000000000086e      0x144 build/DebugWire/debug/main.o
 .debug_abbrev  0x00000000000009b2      0x19c build/DebugWire/debug/ssd1306.o
 .debug_abbrev  0x0000000000000b4e       0x89 build/DebugWire/debug/twi.o
 .debug_abbrev  0x0000000000000bd7       0xba build/DebugWire/debug/Timer0.o
 .debug_abbrev  0x0000000000000c91      0x17e build/DebugWire/debug/UART.o
 .debug_abbrev  0x0000000000000e0f      0x11c build/DebugWire/debug/ExternalInterrupt.o

.debug_line     0x0000000000000000     0x1735
 *(.debug_line .debug_line.* .debug_line_end)
 .debug_line    0x0000000000000000      0x1a6 C:/Program Files/Microchip/MPLABX/v6.20/packs/Microchip/ATmega_DFP/3.1.264/xc8/avr/lib/avr5/crtatmega328pb.o
 .debug_line    0x00000000000001a6      0x35a build/DebugWire/debug/main.o
 .debug_line    0x0000000000000500      0xb94 build/DebugWire/debug/ssd1306.o
 .debug_line    0x0000000000001094      0x1f3 build/DebugWire/debug/twi.o
 .debug_line    0x0000000000001287      0x134 build/DebugWire/debug/Timer0.o
 .debug_line    0x00000000000013bb      0x1d1 build/DebugWire/debug/UART.o
 .debug_line    0x000000000000158c      0x1a9 build/DebugWire/debug/ExternalInterrupt.o

.debug_frame    0x0000000000000000      0x7b4
 *(.debug_frame)
 .debug_frame   0x0000000000000000      0x15c build/DebugWire/debug/main.o
 .debug_frame   0x000000000000015c      0x234 build/DebugWire/debug/ssd1306.o
 .debug_frame   0x0000000000000390       0xd4 build/DebugWire/debug/twi.o
 .debug_frame   0x0000000000000464       0xd8 build/DebugWire/debug/Timer0.o
 .debug_frame   0x000000000000053c      0x13c build/DebugWire/debug/UART.o
 .debug_frame   0x0000000000000678      0x13c build/DebugWire/debug/ExternalInterrupt.o

.debug_str      0x0000000000000000      0x39e
 *(.debug_str)
 .debug_str     0x0000000000000000      0x318 C:/Program Files/Microchip/MPLABX/v6.20/packs/Microchip/ATmega_DFP/3.1.264/xc8/avr/lib/avr5/crtatmega328pb.o
 .debug_str     0x0000000000000318       0x25 build/DebugWire/debug/main.o
 .debug_str     0x000000000000033d       0x21 build/DebugWire/debug/ssd1306.o
 .debug_str     0x000000000000035e        0x8 build/DebugWire/debug/twi.o
 .debug_str     0x0000000000000366        0x0 build/DebugWire/debug/Timer0.o
 .debug_str     0x0000000000000366        0x0 build/DebugWire/debug/UART.o
 .debug_str     0x0000000000000366       0x38 build/DebugWire/debug/ExternalInterrupt.o

.debug_loc
 *(.debug_loc)

.debug_macinfo
 *(.debug_macinfo)

.debug_weaknames
 *(.debug_weaknames)

.debug_funcnames
 *(.debug_funcnames)

.debug_typenames
 *(.debug_typenames)

.debug_varnames
 *(.debug_varnames)

.debug_pubtypes
 *(.debug_pubtypes)

.debug_ranges   0x0000000000000000      0x1b8
 *(.debug_ranges)
 .debug_ranges  0x0000000000000000       0x58 build/DebugWire/debug/main.o
 .debug_ranges  0x0000000000000058       0x90 build/DebugWire/debug/ssd1306.o
 .debug_ranges  0x00000000000000e8       0x38 build/DebugWire/debug/twi.o
 .debug_ranges  0x0000000000000120       0x28 build/DebugWire/debug/Timer0.o
 .debug_ranges  0x0000000000000148       0x40 build/DebugWire/debug/UART.o
 .debug_ranges  0x0000000000000188       0x30 build/DebugWire/debug/ExternalInterrupt.o

.debug_macro
 *(.debug_macro)
OUTPUT(dist/DebugWire/debug/DisplayTest.X.debug.elf elf32-avr)
LOAD linker stubs
LOAD data_init

.note.gnu.avr.deviceinfo
                0x0000000000000000       0x40
 .note.gnu.avr.deviceinfo
                0x0000000000000000       0x40 C:/Program Files/Microchip/MPLABX/v6.20/packs/Microchip/ATmega_DFP/3.1.264/xc8/avr/lib/avr5/crtatmega328pb.o

.bss.PrintOutInfo
                0x0000000000800399        0x1
 .bss.PrintOutInfo
                0x0000000000800399        0x1 build/DebugWire/debug/main.o

.bss.I2CDisplayStatusOperation
                0x000000000080039a        0x1
 .bss.I2CDisplayStatusOperation
                0x000000000080039a        0x1 build/DebugWire/debug/main.o

.bss.NumberOfTimerInterrupts
                0x000000000080037f        0x4
 .bss.NumberOfTimerInterrupts
                0x000000000080037f        0x4 build/DebugWire/debug/main.o

.bss.NumberOfExternalInterruptsOnPin0
                0x0000000000800387        0x2
 .bss.NumberOfExternalInterruptsOnPin0
                0x0000000000800387        0x2 build/DebugWire/debug/main.o

.bss.TimerCounterString
                0x000000000080036d        0x6
 .bss.TimerCounterString
                0x000000000080036d        0x6 build/DebugWire/debug/main.o
                0x000000000080036d                TimerCounterString

.bss.InterruptCounterString
                0x0000000000800373        0x6
 .bss.InterruptCounterString
                0x0000000000800373        0x6 build/DebugWire/debug/main.o
                0x0000000000800373                InterruptCounterString

.bss._indexCol  0x0000000000800389        0x2
 .bss._indexCol
                0x0000000000800389        0x2 build/DebugWire/debug/ssd1306.o
                0x0000000000800389                _indexCol

.bss._indexPage
                0x000000000080038b        0x2
 .bss._indexPage
                0x000000000080038b        0x2 build/DebugWire/debug/ssd1306.o
                0x000000000080038b                _indexPage

.bss.Timer0OverflowValue
                0x000000000080038d        0x2
 .bss.Timer0OverflowValue
                0x000000000080038d        0x2 build/DebugWire/debug/Timer0.o

.bss.Timer0OverflowCounter
                0x000000000080038f        0x2
 .bss.Timer0OverflowCounter
                0x000000000080038f        0x2 build/DebugWire/debug/Timer0.o

.bss.Callback_Function_Pointer
                0x0000000000800391        0x2
 .bss.Callback_Function_Pointer
                0x0000000000800391        0x2 build/DebugWire/debug/Timer0.o

.bss.NumberOfTimer0OverflowInterrupts
                0x0000000000800383        0x4
 .bss.NumberOfTimer0OverflowInterrupts
                0x0000000000800383        0x4 build/DebugWire/debug/Timer0.o

.bss.Callback_Function_Pointer
                0x0000000000800393        0x2
 .bss.Callback_Function_Pointer
                0x0000000000800393        0x2 build/DebugWire/debug/UART.o

.bss.__stdout   0x0000000000800397        0x2
 .bss.__stdout  0x0000000000800397        0x2 c:/program files/microchip/xc8/v3.00/avr/bin/../lib/gcc/avr/5.4.0/../../../../avr/lib/avr5\libc.a(stdout.o)

progmem.data.FONTS
                0x0000000000000132      0x1e0
 progmem.data.FONTS
                0x0000000000000132      0x1e0 build/DebugWire/debug/ssd1306.o

.text.vfpfcnvrt
                0x0000000000000312      0x3fc
 .text.vfpfcnvrt
                0x0000000000000312      0x3fc c:/program files/microchip/xc8/v3.00/avr/bin/../lib/gcc/avr/5.4.0/../../../../avr/lib/avr5\libc.a(__printf_core.o)
                0x0000000000000312                vfpfcnvrt

.text.SSD1306_DrawChar
                0x000000000000070e      0x234
 .text.SSD1306_DrawChar
                0x000000000000070e      0x234 build/DebugWire/debug/ssd1306.o
                0x000000000000070e                SSD1306_DrawChar

.text.__fmt_x   0x0000000000000942      0x1dc
 .text.__fmt_x  0x0000000000000942      0x1dc c:/program files/microchip/xc8/v3.00/avr/bin/../lib/gcc/avr/5.4.0/../../../../avr/lib/avr5\libc.a(__fmt_x.o)
                0x0000000000000942                __fmt_x_needed
                0x0000000000000942                __fmt_x

.text.main      0x0000000000000b1e      0x136
 .text.main     0x0000000000000b1e      0x136 build/DebugWire/debug/main.o
                0x0000000000000b1e                main

.text.__fmt_d   0x0000000000000c54       0xe4
 .text.__fmt_d  0x0000000000000c54       0xe4 c:/program files/microchip/xc8/v3.00/avr/bin/../lib/gcc/avr/5.4.0/../../../../avr/lib/avr5\libc.a(__fmt_d.o)
                0x0000000000000c54                __fmt_d
                0x0000000000000c54                __fmt_d_needed

.text.__vector_16
                0x0000000000000d38       0xdc
 .text.__vector_16
                0x0000000000000d38       0xdc build/DebugWire/debug/Timer0.o
                0x0000000000000d38                __vector_16

.text.__pop_int
                0x0000000000000e14       0xd0
 .text.__pop_int
                0x0000000000000e14       0xd0 c:/program files/microchip/xc8/v3.00/avr/bin/../lib/gcc/avr/5.4.0/../../../../avr/lib/avr5\libc.a(__pop_int.o)
                0x0000000000000e14                __pop_int_needed
                0x0000000000000e14                __pop_int

.text.SSD1306_SetWindow
                0x0000000000000ee4       0xca
 .text.SSD1306_SetWindow
                0x0000000000000ee4       0xca build/DebugWire/debug/ssd1306.o
                0x0000000000000ee4                SSD1306_SetWindow

.text.__cvt_u   0x0000000000000fae       0xca
 .text.__cvt_u  0x0000000000000fae       0xca c:/program files/microchip/xc8/v3.00/avr/bin/../lib/gcc/avr/5.4.0/../../../../avr/lib/avr5\libc.a(__fmt_u.o)
                0x0000000000000fae                __cvt_u

.text.__fmt_o   0x0000000000001078       0xb2
 .text.__fmt_o  0x0000000000001078       0xb2 c:/program files/microchip/xc8/v3.00/avr/bin/../lib/gcc/avr/5.4.0/../../../../avr/lib/avr5\libc.a(__fmt_o.o)
                0x0000000000001078                __fmt_o
                0x0000000000001078                __fmt_o_needed

.text.fputc     0x000000000000112a       0x98
 .text.fputc    0x000000000000112a       0x98 c:/program files/microchip/xc8/v3.00/avr/bin/../lib/gcc/avr/5.4.0/../../../../avr/lib/avr5\libc.a(fputc.o)
                0x000000000000112a                fputc
                0x000000000000112a                putc

.text.__fmt_u   0x00000000000011c2       0x8e
 .text.__fmt_u  0x00000000000011c2       0x8e c:/program files/microchip/xc8/v3.00/avr/bin/../lib/gcc/avr/5.4.0/../../../../avr/lib/avr5\libc.a(__fmt_u.o)
                0x00000000000011c2                __fmt_u_needed
                0x00000000000011c2                __fmt_u

.text.TWI_MT_Start
                0x0000000000001250       0x8a
 .text.TWI_MT_Start
                0x0000000000001250       0x8a build/DebugWire/debug/twi.o
                0x0000000000001250                TWI_MT_Start

.text.SSD1306_UpdatePosition
                0x00000000000012da       0x7a
 .text.SSD1306_UpdatePosition
                0x00000000000012da       0x7a build/DebugWire/debug/ssd1306.o
                0x00000000000012da                SSD1306_UpdatePosition

.text.__vector_18
                0x0000000000001354       0x7a
 .text.__vector_18
                0x0000000000001354       0x7a build/DebugWire/debug/UART.o
                0x0000000000001354                __vector_18

.text.__vector_1
                0x00000000000013ce       0x78
 .text.__vector_1
                0x00000000000013ce       0x78 build/DebugWire/debug/ExternalInterrupt.o
                0x00000000000013ce                __vector_1

.text.__vector_2
                0x0000000000001446       0x78
 .text.__vector_2
                0x0000000000001446       0x78 build/DebugWire/debug/ExternalInterrupt.o
                0x0000000000001446                __vector_2

.text.__printf_core
                0x00000000000014be       0x78
 .text.__printf_core
                0x00000000000014be       0x78 c:/program files/microchip/xc8/v3.00/avr/bin/../lib/gcc/avr/5.4.0/../../../../avr/lib/avr5\libc.a(__printf_core.o)
                0x00000000000014be                __printf_core

.text.TWI_MT_Send_SLAW
                0x0000000000001536       0x76
 .text.TWI_MT_Send_SLAW
                0x0000000000001536       0x76 build/DebugWire/debug/twi.o
                0x0000000000001536                TWI_MT_Send_SLAW

.text.TWI_MT_Send_Data
                0x00000000000015ac       0x74
 .text.TWI_MT_Send_Data
                0x00000000000015ac       0x74 build/DebugWire/debug/twi.o
                0x00000000000015ac                TWI_MT_Send_Data

.text.__vsnprintf
                0x0000000000001620       0x74
 .text.__vsnprintf
                0x0000000000001620       0x74 c:/program files/microchip/xc8/v3.00/avr/bin/../lib/gcc/avr/5.4.0/../../../../avr/lib/avr5\libc.a(__int_vsnprintf.o)
                0x0000000000001620                __vsnprintf

.text.__pad     0x0000000000001694       0x72
 .text.__pad    0x0000000000001694       0x72 c:/program files/microchip/xc8/v3.00/avr/bin/../lib/gcc/avr/5.4.0/../../../../avr/lib/avr5\libc.a(__printf_core.o)
                0x0000000000001694                __pad

.text.read_prec_or_width
                0x0000000000001706       0x5c
 .text.read_prec_or_width
                0x0000000000001706       0x5c c:/program files/microchip/xc8/v3.00/avr/bin/../lib/gcc/avr/5.4.0/../../../../avr/lib/avr5\libc.a(__printf_core.o)

.text.SSD1306_DrawString
                0x0000000000001762       0x5a
 .text.SSD1306_DrawString
                0x0000000000001762       0x5a build/DebugWire/debug/ssd1306.o
                0x0000000000001762                SSD1306_DrawString

.text.__fmt_s   0x00000000000017bc       0x54
 .text.__fmt_s  0x00000000000017bc       0x54 c:/program files/microchip/xc8/v3.00/avr/bin/../lib/gcc/avr/5.4.0/../../../../avr/lib/avr5\libc.a(__fmt_s.o)
                0x00000000000017bc                __fmt_s
                0x00000000000017bc                __fmt_0_needed
                0x00000000000017bc                __fmt_s_needed

.text.SSD1306_SetPosition
                0x0000000000001810       0x48
 .text.SSD1306_SetPosition
                0x0000000000001810       0x48 build/DebugWire/debug/ssd1306.o
                0x0000000000001810                SSD1306_SetPosition

.text.libgcc.div
                0x0000000000001858       0x44
 .text.libgcc.div
                0x0000000000001858       0x44 c:/program files/microchip/xc8/v3.00/avr/bin/../lib/gcc/avr/5.4.0/avr5\libgcc.a(_udivmodsi4.o)
                0x0000000000001858                __udivmodsi4

.text.SSD1306_Send_Command
                0x000000000000189c       0x40
 .text.SSD1306_Send_Command
                0x000000000000189c       0x40 build/DebugWire/debug/ssd1306.o
                0x000000000000189c                SSD1306_Send_Command

.text.__fmt_state
                0x00000000000018dc       0x40
 .text.__fmt_state
                0x00000000000018dc       0x40 c:/program files/microchip/xc8/v3.00/avr/bin/../lib/gcc/avr/5.4.0/../../../../avr/lib/avr5\libc.a(__printf_core.o)
                0x00000000000018dc                __fmt_state

.text.SSD1306_Send_StartAndSLAW
                0x000000000000191c       0x3e
 .text.SSD1306_Send_StartAndSLAW
                0x000000000000191c       0x3e build/DebugWire/debug/ssd1306.o
                0x000000000000191c                SSD1306_Send_StartAndSLAW

.text.__out     0x000000000000195a       0x3a
 .text.__out    0x000000000000195a       0x3a c:/program files/microchip/xc8/v3.00/avr/bin/../lib/gcc/avr/5.4.0/../../../../avr/lib/avr5\libc.a(__printf_core.o)
                0x000000000000195a                __out

.text.libgcc.prologue
                0x0000000000001994       0x38
 .text.libgcc.prologue
                0x0000000000001994       0x38 c:/program files/microchip/xc8/v3.00/avr/bin/../lib/gcc/avr/5.4.0/avr5\libgcc.a(_prologue.o)
                0x0000000000001994                __prologue_saves__

.text.libgcc.prologue
                0x00000000000019cc       0x36
 .text.libgcc.prologue
                0x00000000000019cc       0x36 c:/program files/microchip/xc8/v3.00/avr/bin/../lib/gcc/avr/5.4.0/avr5\libgcc.a(_epilogue.o)
                0x00000000000019cc                __epilogue_restores__

.text.__wrap_printf
                0x0000000000001a02       0x30
 .text.__wrap_printf
                0x0000000000001a02       0x30 c:/program files/microchip/xc8/v3.00/avr/bin/../lib/gcc/avr/5.4.0/../../../../avr/lib/avr5\libc.a(__sio_printf_dosux.o)
                0x0000000000001a02                _printf_cdopsuxX

.text.__vfprintf
                0x0000000000001a32       0x30
 .text.__vfprintf
                0x0000000000001a32       0x30 c:/program files/microchip/xc8/v3.00/avr/bin/../lib/gcc/avr/5.4.0/../../../../avr/lib/avr5\libc.a(__int_vfprintf.o)
                0x0000000000001a32                __vfprintf

.text.__wrap_sprintf
                0x0000000000001a62       0x24
 .text.__wrap_sprintf
                0x0000000000001a62       0x24 c:/program files/microchip/xc8/v3.00/avr/bin/../lib/gcc/avr/5.4.0/../../../../avr/lib/avr5\libc.a(__sio_sprintf_doux.o)
                0x0000000000001a62                _sprintf_cdopuxX

.text.__vector_24
                0x0000000000001a86       0x22
 .text.__vector_24
                0x0000000000001a86       0x22 build/DebugWire/debug/main.o
                0x0000000000001a86                __vector_24

.text.strlen    0x0000000000001aa8       0x1c
 .text.strlen   0x0000000000001aa8       0x1c c:/program files/microchip/xc8/v3.00/avr/bin/../lib/gcc/avr/5.4.0/../../../../avr/lib/avr5\libc.a(strlen.o)
                0x0000000000001aa8                strlen

.text.TWI_Stop  0x0000000000001ac4       0x1a
 .text.TWI_Stop
                0x0000000000001ac4       0x1a build/DebugWire/debug/twi.o
                0x0000000000001ac4                TWI_Stop

.text.NoCallbackIsPerformedOnExternalInterrupt
                0x0000000000001ade       0x1a
 .text.NoCallbackIsPerformedOnExternalInterrupt
                0x0000000000001ade       0x1a build/DebugWire/debug/ExternalInterrupt.o

.text.exit      0x0000000000001af8       0x16
 .text.exit     0x0000000000001af8       0x16 c:/program files/microchip/xc8/v3.00/avr/bin/../lib/gcc/avr/5.4.0/../../../../avr/lib/avr5\libc.a(exit.o)
                0x0000000000001af8                exit

.text.toupper   0x0000000000001b0e       0x12
 .text.toupper  0x0000000000001b0e       0x12 c:/program files/microchip/xc8/v3.00/avr/bin/../lib/gcc/avr/5.4.0/../../../../avr/lib/avr5\libc.a(toupper.o)
                0x0000000000001b0e                toupper

.text.tolower   0x0000000000001b20       0x10
 .text.tolower  0x0000000000001b20       0x10 c:/program files/microchip/xc8/v3.00/avr/bin/../lib/gcc/avr/5.4.0/../../../../avr/lib/avr5\libc.a(tolower.o)
                0x0000000000001b20                tolower

.text.__vsprintf
                0x0000000000001b30        0xe
 .text.__vsprintf
                0x0000000000001b30        0xe c:/program files/microchip/xc8/v3.00/avr/bin/../lib/gcc/avr/5.4.0/../../../../avr/lib/avr5\libc.a(__int_vsprintf.o)
                0x0000000000001b30                __vsprintf

.text           0x0000000000001b3e        0x4
 .text          0x0000000000001b3e        0x4 C:/Program Files/Microchip/MPLABX/v6.20/packs/Microchip/ATmega_DFP/3.1.264/xc8/avr/lib/avr5/crtatmega328pb.o
                0x0000000000001b3e                __vector_38
                0x0000000000001b3e                __vector_22
                0x0000000000001b3e                __vector_28
                0x0000000000001b3e                __vector_32
                0x0000000000001b3e                __vector_34
                0x0000000000001b3e                __vector_12
                0x0000000000001b3e                __bad_interrupt
                0x0000000000001b3e                __vector_6
                0x0000000000001b3e                __vector_31
                0x0000000000001b3e                __vector_35
                0x0000000000001b3e                __vector_39
                0x0000000000001b3e                __vector_3
                0x0000000000001b3e                __vector_23
                0x0000000000001b3e                __vector_30
                0x0000000000001b3e                __vector_25
                0x0000000000001b3e                __vector_11
                0x0000000000001b3e                __vector_13
                0x0000000000001b3e                __vector_17
                0x0000000000001b3e                __vector_19
                0x0000000000001b3e                __vector_7
                0x0000000000001b3e                __vector_41
                0x0000000000001b3e                __vector_43
                0x0000000000001b3e                __vector_27
                0x0000000000001b3e                __vector_5
                0x0000000000001b3e                __vector_33
                0x0000000000001b3e                __vector_37
                0x0000000000001b3e                __vector_4
                0x0000000000001b3e                __vector_44
                0x0000000000001b3e                __vector_9
                0x0000000000001b3e                __vector_21
                0x0000000000001b3e                __vector_15
                0x0000000000001b3e                __vector_36
                0x0000000000001b3e                __vector_29
                0x0000000000001b3e                __vector_40
                0x0000000000001b3e                __vector_8
                0x0000000000001b3e                __vector_26
                0x0000000000001b3e                __vector_14
                0x0000000000001b3e                __vector_10
                0x0000000000001b3e                __vector_20
                0x0000000000001b3e                __vector_42

.text._Exit     0x0000000000001b42        0x4
 .text._Exit    0x0000000000001b42        0x4 c:/program files/microchip/xc8/v3.00/avr/bin/../lib/gcc/avr/5.4.0/../../../../avr/lib/avr5\libc.a(_Exit.o)
                0x0000000000001b42                _Exit

.text.__dummy_fini
                0x0000000000001b46        0x2
 .text.__dummy_fini
                0x0000000000001b46        0x2 c:/program files/microchip/xc8/v3.00/avr/bin/../lib/gcc/avr/5.4.0/../../../../avr/lib/avr5\libc.a(exit.o)
                0x0000000000001b46                _fini

.text.__dummy_funcs_on_exit
                0x0000000000001b48        0x2
 .text.__dummy_funcs_on_exit
                0x0000000000001b48        0x2 c:/program files/microchip/xc8/v3.00/avr/bin/../lib/gcc/avr/5.4.0/../../../../avr/lib/avr5\libc.a(exit.o)
                0x0000000000001b48                __funcs_on_exit

.text.__dummy_simulator_exit
                0x0000000000001b4a        0x2
 .text.__dummy_simulator_exit
                0x0000000000001b4a        0x2 c:/program files/microchip/xc8/v3.00/avr/bin/../lib/gcc/avr/5.4.0/../../../../avr/lib/avr5\libc.a(exit.o)
                0x0000000000001b4a                __simulator_exit

.rodata         0x0000000000800102      0x246 load address 0x0000000000001b4c
 .rodata        0x0000000000800102      0x246 build/DebugWire/debug/main.o

.rodata.state_table
                0x0000000000800348       0x16 load address 0x0000000000001d92
 .rodata.state_table
                0x0000000000800348       0x16 c:/program files/microchip/xc8/v3.00/avr/bin/../lib/gcc/avr/5.4.0/../../../../avr/lib/avr5\libc.a(__printf_core.o)

.data.ExternalInterruptCallbackStructArray
                0x000000000080035e        0x8 load address 0x0000000000001da8
 .data.ExternalInterruptCallbackStructArray
                0x000000000080035e        0x8 build/DebugWire/debug/ExternalInterrupt.o

.rodata.nuls.2781
                0x0000000000800366        0x7 load address 0x0000000000001db0
 .rodata.nuls.2781
                0x0000000000800366        0x7 c:/program files/microchip/xc8/v3.00/avr/bin/../lib/gcc/avr/5.4.0/../../../../avr/lib/avr5\libc.a(__fmt_s.o)

.rodata.nilstr.2962
                0x0000000000800379        0x6 load address 0x0000000000001db7
 .rodata.nilstr.2962
                0x0000000000800379        0x6 c:/program files/microchip/xc8/v3.00/avr/bin/../lib/gcc/avr/5.4.0/../../../../avr/lib/avr5\libc.a(__printf_core.o)

.data._stdout   0x0000000000800395        0x2 load address 0x0000000000001dbd
 .data._stdout  0x0000000000800395        0x2 c:/program files/microchip/xc8/v3.00/avr/bin/../lib/gcc/avr/5.4.0/../../../../avr/lib/avr5\libc.a(stdout.o)
                0x0000000000800395                _stdout
