Archive member included to satisfy reference by file (symbol)

c:/program files/microchip/xc8/v3.00/avr/bin/../lib/gcc/avr/5.4.0/../../../../avr/lib/avr5\libm.a(cmpsf2.o)
                              build/DebugWire/production/ssd1306.o (__ltsf2)
c:/program files/microchip/xc8/v3.00/avr/bin/../lib/gcc/avr/5.4.0/../../../../avr/lib/avr5\libm.a(fixunssfsi.o)
                              build/DebugWire/production/ssd1306.o (__fixunssfsi)
c:/program files/microchip/xc8/v3.00/avr/bin/../lib/gcc/avr/5.4.0/../../../../avr/lib/avr5\libm.a(fp_cmp.o)
                              c:/program files/microchip/xc8/v3.00/avr/bin/../lib/gcc/avr/5.4.0/../../../../avr/lib/avr5\libm.a(cmpsf2.o) (__fp_cmp)
c:/program files/microchip/xc8/v3.00/avr/bin/../lib/gcc/avr/5.4.0/../../../../avr/lib/avr5\libm.a(fp_split3.o)
                              c:/program files/microchip/xc8/v3.00/avr/bin/../lib/gcc/avr/5.4.0/../../../../avr/lib/avr5\libm.a(fixunssfsi.o) (__fp_splitA)
c:/program files/microchip/xc8/v3.00/avr/bin/../lib/gcc/avr/5.4.0/../../../../avr/lib/avr5\libm.a(fp_zero.o)
                              c:/program files/microchip/xc8/v3.00/avr/bin/../lib/gcc/avr/5.4.0/../../../../avr/lib/avr5\libm.a(fixunssfsi.o) (__fp_zero)
c:/program files/microchip/xc8/v3.00/avr/bin/../lib/gcc/avr/5.4.0/../../../../avr/lib/avr5\libm.a(gesf2.o)
                              build/DebugWire/production/ssd1306.o (__gtsf2)
c:/program files/microchip/xc8/v3.00/avr/bin/../lib/gcc/avr/5.4.0/../../../../avr/lib/avr5\libm.a(mulsf3.o)
                              build/DebugWire/production/ssd1306.o (__mulsf3)
c:/program files/microchip/xc8/v3.00/avr/bin/../lib/gcc/avr/5.4.0/../../../../avr/lib/avr5\libm.a(mulsf3x.o)
                              c:/program files/microchip/xc8/v3.00/avr/bin/../lib/gcc/avr/5.4.0/../../../../avr/lib/avr5\libm.a(mulsf3.o) (__mulsf3x)
c:/program files/microchip/xc8/v3.00/avr/bin/../lib/gcc/avr/5.4.0/../../../../avr/lib/avr5\libm.a(fp_inf.o)
                              c:/program files/microchip/xc8/v3.00/avr/bin/../lib/gcc/avr/5.4.0/../../../../avr/lib/avr5\libm.a(mulsf3x.o) (__fp_inf)
c:/program files/microchip/xc8/v3.00/avr/bin/../lib/gcc/avr/5.4.0/../../../../avr/lib/avr5\libm.a(fp_nan.o)
                              c:/program files/microchip/xc8/v3.00/avr/bin/../lib/gcc/avr/5.4.0/../../../../avr/lib/avr5\libm.a(mulsf3x.o) (__fp_nan)
c:/program files/microchip/xc8/v3.00/avr/bin/../lib/gcc/avr/5.4.0/../../../../avr/lib/avr5\libm.a(fp_pscA.o)
                              c:/program files/microchip/xc8/v3.00/avr/bin/../lib/gcc/avr/5.4.0/../../../../avr/lib/avr5\libm.a(mulsf3x.o) (__fp_pscA)
c:/program files/microchip/xc8/v3.00/avr/bin/../lib/gcc/avr/5.4.0/../../../../avr/lib/avr5\libm.a(fp_pscB.o)
                              c:/program files/microchip/xc8/v3.00/avr/bin/../lib/gcc/avr/5.4.0/../../../../avr/lib/avr5\libm.a(mulsf3x.o) (__fp_pscB)
c:/program files/microchip/xc8/v3.00/avr/bin/../lib/gcc/avr/5.4.0/../../../../avr/lib/avr5\libm.a(fp_round.o)
                              c:/program files/microchip/xc8/v3.00/avr/bin/../lib/gcc/avr/5.4.0/../../../../avr/lib/avr5\libm.a(mulsf3.o) (__fp_round)
c:/program files/microchip/xc8/v3.00/avr/bin/../lib/gcc/avr/5.4.0/avr5\libgcc.a(_copy_data.o)
                              build/DebugWire/production/main.o (__do_copy_data)
c:/program files/microchip/xc8/v3.00/avr/bin/../lib/gcc/avr/5.4.0/../../../../avr/lib/avr5\libc.a(exit.o)
                              C:/Program Files/Microchip/MPLABX/v6.20/packs/Microchip/ATmega_DFP/3.1.264/xc8/avr/lib/avr5/crtatmega328pb.o (exit)
c:/program files/microchip/xc8/v3.00/avr/bin/../lib/gcc/avr/5.4.0/../../../../avr/lib/avr5\libc.a(__sio_printf_dosux.o)
                              build/DebugWire/production/main.o (_printf_cdopsuxX)
c:/program files/microchip/xc8/v3.00/avr/bin/../lib/gcc/avr/5.4.0/../../../../avr/lib/avr5\libc.a(__sio_printf_doux.o)
                              build/DebugWire/production/main.o (_printf_cdopuxX)
c:/program files/microchip/xc8/v3.00/avr/bin/../lib/gcc/avr/5.4.0/../../../../avr/lib/avr5\libc.a(__sio_sprintf_doux.o)
                              build/DebugWire/production/main.o (_sprintf_cdopuxX)
c:/program files/microchip/xc8/v3.00/avr/bin/../lib/gcc/avr/5.4.0/../../../../avr/lib/avr5\libc.a(__fmt_d.o)
                              c:/program files/microchip/xc8/v3.00/avr/bin/../lib/gcc/avr/5.4.0/../../../../avr/lib/avr5\libc.a(__sio_printf_dosux.o) (__fmt_d_needed)
c:/program files/microchip/xc8/v3.00/avr/bin/../lib/gcc/avr/5.4.0/../../../../avr/lib/avr5\libc.a(__fmt_o.o)
                              c:/program files/microchip/xc8/v3.00/avr/bin/../lib/gcc/avr/5.4.0/../../../../avr/lib/avr5\libc.a(__sio_printf_dosux.o) (__fmt_o_needed)
c:/program files/microchip/xc8/v3.00/avr/bin/../lib/gcc/avr/5.4.0/../../../../avr/lib/avr5\libc.a(__fmt_s.o)
[...]
Memory Configuration

Name             Origin             Length             Attributes
text             0x0000000000000000 0x0000000000008000 xr
data             0x0000000000800100 0x0000000000000800 rw !x
eeprom           0x0000000000810000 0x0000000000000400 rw !x
fuse             0x0000000000820000 0x0000000000000003 rw !x
lock             0x0000000000830000 0x0000000000000400 rw !x
signature        0x0000000000840000 0x0000000000000400 rw !x
user_signatures  0x0000000000850000 0x0000000000000400 rw !x
bootrow          0x0000000000860000 0x0000000000000400 rw !x
*default*        0x0000000000000000 0xffffffffffffffff

Linker script and memory map

Address of section .data set to 0x800100
LOAD C:/Program Files/Microchip/MPLABX/v6.20/packs/Microchip/ATmega_DFP/3.1.264/xc8/avr/lib/avr5/crtatmega328pb.o
                0x0000000000000001                __MPLAB_BUILD = 0x1
LOAD build/DebugWire/production/main.o
LOAD build/DebugWire/production/ssd1306.o
LOAD build/DebugWire/production/twi.o
LOAD build/DebugWire/production/Timer.o
LOAD build/DebugWire/production/Timer0.o
LOAD build/DebugWire/production/UART.o
LOAD build/DebugWire/production/ExternalInterrupt.o
START GROUP
LOAD c:/program files/microchip/xc8/v3.00/avr/bin/../lib/gcc/avr/5.4.0/../../../../avr/lib/avr5\libm.a
END GROUP
START GROUP
LOAD c:/program files/microchip/xc8/v3.00/avr/bin/../lib/gcc/avr/5.4.0/avr5\libgcc.a
LOAD c:/program files/microchip/xc8/v3.00/avr/bin/../lib/gcc/avr/5.4.0/../../../../avr/lib/avr5\libm.a
LOAD c:/program files/microchip/xc8/v3.00/avr/bin/../lib/gcc/avr/5.4.0/../../../../avr/lib/avr5\libc.a
LOAD C:/Program Files/Microchip/MPLABX/v6.20/packs/Microchip/ATmega_DFP/3.1.264/xc8/avr/lib/avr5\libatmega328pb.a
END GROUP
                [0x0000000000000000]                __TEXT_REGION_ORIGIN__ = DEFINED (__TEXT_REGION_ORIGIN__)?__TEXT_REGION_ORIGIN__:0x0
                [0x0000000000800100]                __DATA_REGION_ORIGIN__ = DEFINED (__DATA_REGION_ORIGIN__)?__DATA_REGION_ORIGIN__:0x800060
                [0x0000000000008000]                __TEXT_REGION_LENGTH__ = DEFINED (__TEXT_REGION_LENGTH__)?__TEXT_REGION_LENGTH__:0x20000
                [0x0000000000000800]                __DATA_REGION_LENGTH__ = DEFINED (__DATA_REGION_LENGTH__)?__DATA_REGION_LENGTH__:0xffa0
                [0x0000000000000400]                __EEPROM_REGION_LENGTH__ = DEFINED (__EEPROM_REGION_LENGTH__)?__EEPROM_REGION_LENGTH__:0x10000
                [0x0000000000000003]                __FUSE_REGION_LENGTH__ = DEFINED (__FUSE_REGION_LENGTH__)?__FUSE_REGION_LENGTH__:0x400
                0x0000000000000400                __LOCK_REGION_LENGTH__ = DEFINED (__LOCK_REGION_LENGTH__)?__LOCK_REGION_LENGTH__:0x400
                0x0000000000000400                __SIGNATURE_REGION_LENGTH__ = DEFINED (__SIGNATURE_REGION_LENGTH__)?__SIGNATURE_REGION_LENGTH__:0x400
                0x0000000000000400                __USER_SIGNATURE_REGION_LENGTH__ = DEFINED (__USER_SIGNATURE_REGION_LENGTH__)?__USER_SIGNATURE_REGION_LENGTH__:0x400
                0x0000000000000400                __BOOTROW_REGION_LENGTH__ = DEFINED (__BOOTROW_REGION_LENGTH__)?__BOOTROW_REGION_LENGTH__:0x400

.hash
 *(.hash)

.dynsym
 *(.dynsym)

.dynstr
 *(.dynstr)

.gnu.version
 *(.gnu.version)

.gnu.version_d
 *(.gnu.version_d)

.gnu.version_r
 *(.gnu.version_r)

.rel.init
 *(.rel.init)

.rela.init
 *(.rela.init)

.rel.text
 *(.rel.text)
 *(.rel.text.*)
 *(.rel.gnu.linkonce.t*)

.rela.text
 *(.rela.text)
 *(.rela.text.*)
 *(.rela.gnu.linkonce.t*)

.rel.fini
 *(.rel.fini)

.rela.fini
 *(.rela.fini)

.rel.rodata
 *(.rel.rodata)
 *(.rel.rodata.*)
 *(.rel.gnu.linkonce.r*)

.rela.rodata
 *(.rela.rodata)
 *(.rela.rodata.*)
 *(.rela.gnu.linkonce.r*)

.rel.data
 *(.rel.data)
 *(.rel.data.*)
 *(.rel.gnu.linkonce.d*)

.rela.data
 *(.rela.data)
 *(.rela.data.*)
 *(.rela.gnu.linkonce.d*)

.rel.ctors
 *(.rel.ctors)

.rela.ctors
 *(.rela.ctors)

.rel.dtors
 *(.rel.dtors)

.rela.dtors
 *(.rela.dtors)

.rel.got
 *(.rel.got)

.rela.got
 *(.rela.got)

.rel.bss
 *(.rel.bss)

.rela.bss
 *(.rela.bss)

.rel.plt
 *(.rel.plt)

.rela.plt
 *(.rela.plt)

.text           0x0000000000000000      0x132
 *(.vectors)
 .vectors       0x0000000000000000       0xb4 C:/Program Files/Microchip/MPLABX/v6.20/packs/Microchip/ATmega_DFP/3.1.264/xc8/avr/lib/avr5/crtatmega328pb.o
                0x0000000000000000                __vector_default
                0x0000000000000000                __vectors
 *(.vectors)
 *(.progmem.gcc*)
 *(.dinit)
 .dinit         0x00000000000000b4       0x29 data_init
                0x00000000000000de                . = ALIGN (0x2)
 *fill*         0x00000000000000dd        0x1 
                0x00000000000000de                __trampolines_start = .
 *(.trampolines)
 .trampolines   0x00000000000000de        0x0 linker stubs
 *(.trampolines*)
                0x00000000000000de                __trampolines_end = .
 *libprintf_flt.a:*(.progmem.data)
 *libc.a:*(.progmem.data)
                0x00000000000000de                . = ALIGN (0x2)
 *(.jumptables)
 *(.jumptables*)
 *(.lowtext)
 *(.lowtext*)
                0x00000000000000de                __ctors_start = .
 *(.ctors)
                0x00000000000000de                __ctors_end = .
                0x00000000000000de                __dtors_start = .
 *(.dtors)
                0x00000000000000de                __dtors_end = .
 SORT(*)(.ctors)
 SORT(*)(.dtors)
 *(.init0)
 .init0         0x00000000000000de        0x0 C:/Program Files/Microchip/MPLABX/v6.20/packs/Microchip/ATmega_DFP/3.1.264/xc8/avr/lib/avr5/crtatmega328pb.o
                0x00000000000000de                __init
 *(.init0)
 *(.init1)
 *(.init1)
 *(.init2)
 .init2         0x00000000000000de        0xc C:/Program Files/Microchip/MPLABX/v6.20/packs/Microchip/ATmega_DFP/3.1.264/xc8/avr/lib/avr5/crtatmega328pb.o
 *(.init2)
 *(.init3)
 *(.init3)
 *(.init4)
 .init4         0x00000000000000ea       0x3c c:/program files/microchip/xc8/v3.00/avr/bin/../lib/gcc/avr/5.4.0/avr5\libgcc.a(_copy_data.o)
                0x00000000000000ea                __do_copy_data
                0x0000000000000118                __do_clear_bss
 *(.init4)
 *(.init5)
 *(.init5)
 *(.init6)
 *(.init6)
 *(.init7)
 *(.init7)
 *(.init8)
 *(.init8)
 *(.init9)
 .init9         0x0000000000000126        0x8 C:/Program Files/Microchip/MPLABX/v6.20/packs/Microchip/ATmega_DFP/3.1.264/xc8/avr/lib/avr5/crtatmega328pb.o
 *(.init9)
                0x000000000000012e                . = ALIGN (0x2)
 *(.fini9)
 .fini9         0x000000000000012e        0x0 c:/program files/microchip/xc8/v3.00/avr/bin/../lib/gcc/avr/5.4.0/avr5\libgcc.a(_exit.o)
                0x000000000000012e                _exit
 *(.fini9)
 *(.fini8)
 *(.fini8)
 *(.fini7)
 *(.fini7)
 *(.fini6)
 *(.fini6)
 *(.fini5)
 *(.fini5)
 *(.fini4)
 *(.fini4)
 *(.fini3)
 *(.fini3)
 *(.fini2)
 *(.fini2)
 *(.fini1)
 *(.fini1)
 *(.fini0)
 .fini0         0x000000000000012e        0x4 c:/program files/microchip/xc8/v3.00/avr/bin/../lib/gcc/avr/5.4.0/avr5\libgcc.a(_exit.o)
 *(.fini0)
                0x0000000000000132                _etext = .

.data           0x0000000000800100        0x0 load address 0x0000000000000132
                [!provide]                        PROVIDE (__data_start, .)
 *(.gnu.linkonce.d*)
 *(.gnu.linkonce.r*)
                0x0000000000800100                . = ALIGN (0x2)
                0x0000000000800100                _edata = .
                [!provide]                        PROVIDE (__data_end, .)

.bss            0x0000000000800100        0x2
                [!provide]                        PROVIDE (__bss_start, .)
 *(COMMON)
 COMMON         0x0000000000800100        0x2 c:/program files/microchip/xc8/v3.00/avr/bin/../lib/gcc/avr/5.4.0/../../../../avr/lib/avr5\libc.a(errno.o)
                0x0000000000800100                __errno_val
                [!provide]                        PROVIDE (__bss_end, .)
                0x0000000000000132                __data_load_start = LOADADDR (.data)
                0x0000000000000132                __data_load_end = (__data_load_start + SIZEOF (.data))

.noinit         0x0000000000800102        0x0
                [!provide]                        PROVIDE (__noinit_start, .)
 *(.noinit*)
                [!provide]                        PROVIDE (__noinit_end, .)
                0x0000000000800102                _end = .

.eeprom         0x0000000000810000        0x0
 *(.eeprom*)
                0x0000000000810000                __eeprom_end = .

.fuse
 *(.fuse)
 *(.lfuse)
 *(.hfuse)
 *(.efuse)

.lock
 *(.lock*)

.signature
 *(.signature*)

.user_signatures
 *(.user_signatures*)

.bootrow
 *(.bootrow*)

.stab
 *(.stab)

.stabstr
 *(.stabstr)

.stab.excl
 *(.stab.excl)

.stab.exclstr
 *(.stab.exclstr)

.stab.index
 *(.stab.index)

.stab.indexstr
 *(.stab.indexstr)

.comment        0x0000000000000000       0x5b
 *(.comment)
 .comment       0x0000000000000000       0x2f build/DebugWire/production/main.o
                                         0x30 (size before relaxing)
 .comment       0x000000000000002f       0x30 build/DebugWire/production/ssd1306.o
 .comment       0x000000000000002f       0x30 build/DebugWire/production/twi.o
 .comment       0x000000000000002f       0x30 build/DebugWire/production/Timer.o
 .comment       0x000000000000002f       0x30 build/DebugWire/production/Timer0.o
 .comment       0x000000000000002f       0x30 build/DebugWire/production/UART.o
 .comment       0x000000000000002f       0x30 build/DebugWire/production/ExternalInterrupt.o
 .comment       0x000000000000002f       0x2c c:/program files/microchip/xc8/v3.00/avr/bin/../lib/gcc/avr/5.4.0/../../../../avr/lib/avr5\libc.a(exit.o)
                                         0x2d (size before relaxing)
 .comment       0x000000000000005b       0x2d c:/program files/microchip/xc8/v3.00/avr/bin/../lib/gcc/avr/5.4.0/../../../../avr/lib/avr5\libc.a(__sio_printf_dosux.o)
 .comment       0x000000000000005b       0x2d c:/program files/microchip/xc8/v3.00/avr/bin/../lib/gcc/avr/5.4.0/../../../../avr/lib/avr5\libc.a(__sio_printf_doux.o)
 .comment       0x000000000000005b       0x2d c:/program files/microchip/xc8/v3.00/avr/bin/../lib/gcc/avr/5.4.0/../../../../avr/lib/avr5\libc.a(__sio_sprintf_doux.o)
 .comment       0x000000000000005b       0x2d c:/program files/microchip/xc8/v3.00/avr/bin/../lib/gcc/avr/5.4.0/../../../../avr/lib/avr5\libc.a(__fmt_d.o)
 .comment       0x000000000000005b       0x2d c:/program files/microchip/xc8/v3.00/avr/bin/../lib/gcc/avr/5.4.0/../../../../avr/lib/avr5\libc.a(__fmt_o.o)
 .comment       0x000000000000005b       0x2d c:/program files/microchip/xc8/v3.00/avr/bin/../lib/gcc/avr/5.4.0/../../../../avr/lib/avr5\libc.a(__fmt_s.o)
 .comment       0x000000000000005b       0x2d c:/program files/microchip/xc8/v3.00/avr/bin/../lib/gcc/avr/5.4.0/../../../../avr/lib/avr5\libc.a(__fmt_u.o)
 .comment       0x000000000000005b       0x2d c:/program files/microchip/xc8/v3.00/avr/bin/../lib/gcc/avr/5.4.0/../../../../avr/lib/avr5\libc.a(__fmt_x.o)
 .comment       0x000000000000005b       0x2d c:/program files/microchip/xc8/v3.00/avr/bin/../lib/gcc/avr/5.4.0/../../../../avr/lib/avr5\libc.a(__pop_int.o)
 .comment       0x000000000000005b       0x2d c:/program files/microchip/xc8/v3.00/avr/bin/../lib/gcc/avr/5.4.0/../../../../avr/lib/avr5\libc.a(__printf_core.o)
 .comment       0x000000000000005b       0x2d c:/program files/microchip/xc8/v3.00/avr/bin/../lib/gcc/avr/5.4.0/../../../../avr/lib/avr5\libc.a(fputc.o)
 .comment       0x000000000000005b       0x2d c:/program files/microchip/xc8/v3.00/avr/bin/../lib/gcc/avr/5.4.0/../../../../avr/lib/avr5\libc.a(puts.o)
 .comment       0x000000000000005b       0x2d c:/program files/microchip/xc8/v3.00/avr/bin/../lib/gcc/avr/5.4.0/../../../../avr/lib/avr5\libc.a(stdout.o)
 .comment       0x000000000000005b       0x2d c:/program files/microchip/xc8/v3.00/avr/bin/../lib/gcc/avr/5.4.0/../../../../avr/lib/avr5\libc.a(strlen.o)
 .comment       0x000000000000005b       0x2d c:/program files/microchip/xc8/v3.00/avr/bin/../lib/gcc/avr/5.4.0/../../../../avr/lib/avr5\libc.a(tolower.o)
 .comment       0x000000000000005b       0x2d c:/program files/microchip/xc8/v3.00/avr/bin/../lib/gcc/avr/5.4.0/../../../../avr/lib/avr5\libc.a(toupper.o)
 .comment       0x000000000000005b       0x2d c:/program files/microchip/xc8/v3.00/avr/bin/../lib/gcc/avr/5.4.0/../../../../avr/lib/avr5\libc.a(errno.o)
 .comment       0x000000000000005b       0x2d c:/program files/microchip/xc8/v3.00/avr/bin/../lib/gcc/avr/5.4.0/../../../../avr/lib/avr5\libc.a(_Exit.o)
 .comment       0x000000000000005b       0x2d c:/program files/microchip/xc8/v3.00/avr/bin/../lib/gcc/avr/5.4.0/../../../../avr/lib/avr5\libc.a(__int_vfprintf.o)
 .comment       0x000000000000005b       0x2d c:/program files/microchip/xc8/v3.00/avr/bin/../lib/gcc/avr/5.4.0/../../../../avr/lib/avr5\libc.a(__int_vsprintf.o)
 .comment       0x000000000000005b       0x2d c:/program files/microchip/xc8/v3.00/avr/bin/../lib/gcc/avr/5.4.0/../../../../avr/lib/avr5\libc.a(__int_vsnprintf.o)
 .comment       0x000000000000005b       0x2d c:/program files/microchip/xc8/v3.00/avr/bin/../lib/gcc/avr/5.4.0/../../../../avr/lib/avr5\libc.a(fputs.o)

.stack.descriptors.hdr
                0x0000000000000000      0x214
 .stack.descriptors.hdr
                0x0000000000000000        0xe c:/program files/microchip/xc8/v3.00/avr/bin/../lib/gcc/avr/5.4.0/../../../../avr/lib/avr5\libm.a(cmpsf2.o)
 .stack.descriptors.hdr
                0x000000000000000e        0xe c:/program files/microchip/xc8/v3.00/avr/bin/../lib/gcc/avr/5.4.0/../../../../avr/lib/avr5\libm.a(fixunssfsi.o)
 .stack.descriptors.hdr
                0x000000000000001c        0xe c:/program files/microchip/xc8/v3.00/avr/bin/../lib/gcc/avr/5.4.0/../../../../avr/lib/avr5\libm.a(fp_cmp.o)
 .stack.descriptors.hdr
                0x000000000000002a        0xe c:/program files/microchip/xc8/v3.00/avr/bin/../lib/gcc/avr/5.4.0/../../../../avr/lib/avr5\libm.a(fp_split3.o)
 .stack.descriptors.hdr
                0x0000000000000038        0xe c:/program files/microchip/xc8/v3.00/avr/bin/../lib/gcc/avr/5.4.0/../../../../avr/lib/avr5\libm.a(fp_zero.o)
 .stack.descriptors.hdr
                0x0000000000000046        0xe c:/program files/microchip/xc8/v3.00/avr/bin/../lib/gcc/avr/5.4.0/../../../../avr/lib/avr5\libm.a(gesf2.o)
 .stack.descriptors.hdr
                0x0000000000000054        0xe c:/program files/microchip/xc8/v3.00/avr/bin/../lib/gcc/avr/5.4.0/../../../../avr/lib/avr5\libm.a(mulsf3.o)
 .stack.descriptors.hdr
                0x0000000000000062        0xe c:/program files/microchip/xc8/v3.00/avr/bin/../lib/gcc/avr/5.4.0/../../../../avr/lib/avr5\libm.a(mulsf3x.o)
 .stack.descriptors.hdr
                0x0000000000000070        0xe c:/program files/microchip/xc8/v3.00/avr/bin/../lib/gcc/avr/5.4.0/../../../../avr/lib/avr5\libm.a(fp_inf.o)
 .stack.descriptors.hdr
                0x000000000000007e        0xe c:/program files/microchip/xc8/v3.00/avr/bin/../lib/gcc/avr/5.4.0/../../../../avr/lib/avr5\libm.a(fp_nan.o)
 .stack.descriptors.hdr
                0x000000000000008c        0xe c:/program files/microchip/xc8/v3.00/avr/bin/../lib/gcc/avr/5.4.0/../../../../avr/lib/avr5\libm.a(fp_pscA.o)
 .stack.descriptors.hdr
                0x000000000000009a        0xe c:/program files/microchip/xc8/v3.00/avr/bin/../lib/gcc/avr/5.4.0/../../../../avr/lib/avr5\libm.a(fp_pscB.o)
 .stack.descriptors.hdr
                0x00000000000000a8        0xe c:/program files/microchip/xc8/v3.00/avr/bin/../lib/gcc/avr/5.4.0/../../../../avr/lib/avr5\libm.a(fp_round.o)
 .stack.descriptors.hdr
                0x00000000000000b6        0xe c:/program files/microchip/xc8/v3.00/avr/bin/../lib/gcc/avr/5.4.0/../../../../avr/lib/avr5\libc.a(exit.o)
 .stack.descriptors.hdr
                0x00000000000000c4        0xe c:/program files/microchip/xc8/v3.00/avr/bin/../lib/gcc/avr/5.4.0/../../../../avr/lib/avr5\libc.a(__sio_printf_dosux.o)
 .stack.descriptors.hdr
                0x00000000000000d2        0xe c:/program files/microchip/xc8/v3.00/avr/bin/../lib/gcc/avr/5.4.0/../../../../avr/lib/avr5\libc.a(__sio_printf_doux.o)
 .stack.descriptors.hdr
                0x00000000000000e0        0xe c:/program files/microchip/xc8/v3.00/avr/bin/../lib/gcc/avr/5.4.0/../../../../avr/lib/avr5\libc.a(__sio_sprintf_doux.o)
 .stack.descriptors.hdr
                0x00000000000000ee        0xe c:/program files/microchip/xc8/v3.00/avr/bin/../lib/gcc/avr/5.4.0/../../../../avr/lib/avr5\libc.a(__fmt_d.o)
 .stack.descriptors.hdr
                0x00000000000000fc        0xe c:/program files/microchip/xc8/v3.00/avr/bin/../lib/gcc/avr/5.4.0/../../../../avr/lib/avr5\libc.a(__fmt_o.o)
 .stack.descriptors.hdr
                0x000000000000010a        0xe c:/program files/microchip/xc8/v3.00/avr/bin/../lib/gcc/avr/5.4.0/../../../../avr/lib/avr5\libc.a(__fmt_s.o)
 .stack.descriptors.hdr
                0x0000000000000118        0xe c:/program files/microchip/xc8/v3.00/avr/bin/../lib/gcc/avr/5.4.0/../../../../avr/lib/avr5\libc.a(__fmt_u.o)
 .stack.descriptors.hdr
                0x0000000000000126        0xe c:/program files/microchip/xc8/v3.00/avr/bin/../lib/gcc/avr/5.4.0/../../../../avr/lib/avr5\libc.a(__fmt_x.o)
 .stack.descriptors.hdr
                0x0000000000000134        0xe c:/program files/microchip/xc8/v3.00/avr/bin/../lib/gcc/avr/5.4.0/../../../../avr/lib/avr5\libc.a(__pop_int.o)
 .stack.descriptors.hdr
                0x0000000000000142        0xe c:/program files/microchip/xc8/v3.00/avr/bin/../lib/gcc/avr/5.4.0/../../../../avr/lib/avr5\libc.a(__printf_core.o)
 .stack.descriptors.hdr
                0x0000000000000150        0xe c:/program files/microchip/xc8/v3.00/avr/bin/../lib/gcc/avr/5.4.0/../../../../avr/lib/avr5\libc.a(fputc.o)
 .stack.descriptors.hdr
                0x000000000000015e        0xe c:/program files/microchip/xc8/v3.00/avr/bin/../lib/gcc/avr/5.4.0/../../../../avr/lib/avr5\libc.a(puts.o)
 .stack.descriptors.hdr
                0x000000000000016c        0xe c:/program files/microchip/xc8/v3.00/avr/bin/../lib/gcc/avr/5.4.0/../../../../avr/lib/avr5\libc.a(stdout.o)
 .stack.descriptors.hdr
                0x000000000000017a        0xe c:/program files/microchip/xc8/v3.00/avr/bin/../lib/gcc/avr/5.4.0/../../../../avr/lib/avr5\libc.a(strlen.o)
 .stack.descriptors.hdr
                0x0000000000000188        0xe c:/program files/microchip/xc8/v3.00/avr/bin/../lib/gcc/avr/5.4.0/../../../../avr/lib/avr5\libc.a(tolower.o)
 .stack.descriptors.hdr
                0x0000000000000196        0xe c:/program files/microchip/xc8/v3.00/avr/bin/../lib/gcc/avr/5.4.0/../../../../avr/lib/avr5\libc.a(toupper.o)
 .stack.descriptors.hdr
                0x00000000000001a4        0xe c:/program files/microchip/xc8/v3.00/avr/bin/../lib/gcc/avr/5.4.0/../../../../avr/lib/avr5\libc.a(errno.o)
 .stack.descriptors.hdr
                0x00000000000001b2        0xe c:/program files/microchip/xc8/v3.00/avr/bin/../lib/gcc/avr/5.4.0/../../../../avr/lib/avr5\libc.a(_Exit.o)
 .stack.descriptors.hdr
                0x00000000000001c0        0xe c:/program files/microchip/xc8/v3.00/avr/bin/../lib/gcc/avr/5.4.0/../../../../avr/lib/avr5\libc.a(__int_vfprintf.o)
 .stack.descriptors.hdr
                0x00000000000001ce        0xe c:/program files/microchip/xc8/v3.00/avr/bin/../lib/gcc/avr/5.4.0/../../../../avr/lib/avr5\libc.a(__int_vsprintf.o)
 .stack.descriptors.hdr
                0x00000000000001dc        0xe c:/program files/microchip/xc8/v3.00/avr/bin/../lib/gcc/avr/5.4.0/../../../../avr/lib/avr5\libc.a(__int_vsnprintf.o)
 .stack.descriptors.hdr
                0x00000000000001ea        0xe c:/program files/microchip/xc8/v3.00/avr/bin/../lib/gcc/avr/5.4.0/../../../../avr/lib/avr5\libc.a(fputs.o)
 .stack.descriptors.hdr
                0x00000000000001f8        0xe c:/program files/microchip/xc8/v3.00/avr/bin/../lib/gcc/avr/5.4.0/avr5\libgcc.a(_udivmodsi4.o)
 .stack.descriptors.hdr
                0x0000000000000206        0xe c:/program files/microchip/xc8/v3.00/avr/bin/../lib/gcc/avr/5.4.0/avr5\libgcc.a(_exit.o)

.note.GNU-stack
                0x0000000000000000        0x0
 .note.GNU-stack
                0x0000000000000000        0x0 c:/program files/microchip/xc8/v3.00/avr/bin/../lib/gcc/avr/5.4.0/../../../../avr/lib/avr5\libm.a(cmpsf2.o)
 .note.GNU-stack
                0x0000000000000000        0x0 c:/program files/microchip/xc8/v3.00/avr/bin/../lib/gcc/avr/5.4.0/../../../../avr/lib/avr5\libm.a(fixunssfsi.o)
 .note.GNU-stack
                0x0000000000000000        0x0 c:/program files/microchip/xc8/v3.00/avr/bin/../lib/gcc/avr/5.4.0/../../../../avr/lib/avr5\libm.a(fp_cmp.o)
 .note.GNU-stack
                0x0000000000000000        0x0 c:/program files/microchip/xc8/v3.00/avr/bin/../lib/gcc/avr/5.4.0/../../../../avr/lib/avr5\libm.a(fp_split3.o)
 .note.GNU-stack
                0x0000000000000000        0x0 c:/program files/microchip/xc8/v3.00/avr/bin/../lib/gcc/avr/5.4.0/../../../../avr/lib/avr5\libm.a(fp_zero.o)
 .note.GNU-stack
                0x0000000000000000        0x0 c:/program files/microchip/xc8/v3.00/avr/bin/../lib/gcc/avr/5.4.0/../../../../avr/lib/avr5\libm.a(gesf2.o)
 .note.GNU-stack
                0x0000000000000000        0x0 c:/program files/microchip/xc8/v3.00/avr/bin/../lib/gcc/avr/5.4.0/../../../../avr/lib/avr5\libm.a(mulsf3.o)
 .note.GNU-stack
                0x0000000000000000        0x0 c:/program files/microchip/xc8/v3.00/avr/bin/../lib/gcc/avr/5.4.0/../../../../avr/lib/avr5\libm.a(mulsf3x.o)
 .note.GNU-stack
                0x0000000000000000        0x0 c:/program files/microchip/xc8/v3.00/avr/bin/../lib/gcc/avr/5.4.0/../../../../avr/lib/avr5\libm.a(fp_inf.o)
 .note.GNU-stack
                0x0000000000000000        0x0 c:/program files/microchip/xc8/v3.00/avr/bin/../lib/gcc/avr/5.4.0/../../../../avr/lib/avr5\libm.a(fp_nan.o)
 .note.GNU-stack
                0x0000000000000000        0x0 c:/program files/microchip/xc8/v3.00/avr/bin/../lib/gcc/avr/5.4.0/../../../../avr/lib/avr5\libm.a(fp_pscA.o)
 .note.GNU-stack
                0x0000000000000000        0x0 c:/program files/microchip/xc8/v3.00/avr/bin/../lib/gcc/avr/5.4.0/../../../../avr/lib/avr5\libm.a(fp_pscB.o)
 .note.GNU-stack
                0x0000000000000000        0x0 c:/program files/microchip/xc8/v3.00/avr/bin/../lib/gcc/avr/5.4.0/../../../../avr/lib/avr5\libm.a(fp_round.o)
 .note.GNU-stack
                0x0000000000000000        0x0 c:/program files/microchip/xc8/v3.00/avr/bin/../lib/gcc/avr/5.4.0/../../../../avr/lib/avr5\libc.a(exit.o)
 .note.GNU-stack
                0x0000000000000000        0x0 c:/program files/microchip/xc8/v3.00/avr/bin/../lib/gcc/avr/5.4.0/../../../../avr/lib/avr5\libc.a(__sio_printf_dosux.o)
 .note.GNU-stack
                0x0000000000000000        0x0 c:/program files/microchip/xc8/v3.00/avr/bin/../lib/gcc/avr/5.4.0/../../../../avr/lib/avr5\libc.a(__sio_printf_doux.o)
 .note.GNU-stack
                0x0000000000000000        0x0 c:/program files/microchip/xc8/v3.00/avr/bin/../lib/gcc/avr/5.4.0/../../../../avr/lib/avr5\libc.a(__sio_sprintf_doux.o)
 .note.GNU-stack
                0x0000000000000000        0x0 c:/program files/microchip/xc8/v3.00/avr/bin/../lib/gcc/avr/5.4.0/../../../../avr/lib/avr5\libc.a(__fmt_d.o)
 .note.GNU-stack
                0x0000000000000000        0x0 c:/program files/microchip/xc8/v3.00/avr/bin/../lib/gcc/avr/5.4.0/../../../../avr/lib/avr5\libc.a(__fmt_o.o)
 .note.GNU-stack
                0x0000000000000000        0x0 c:/program files/microchip/xc8/v3.00/avr/bin/../lib/gcc/avr/5.4.0/../../../../avr/lib/avr5\libc.a(__fmt_s.o)
 .note.GNU-stack
                0x0000000000000000        0x0 c:/program files/microchip/xc8/v3.00/avr/bin/../lib/gcc/avr/5.4.0/../../../../avr/lib/avr5\libc.a(__fmt_u.o)
 .note.GNU-stack
                0x0000000000000000        0x0 c:/program files/microchip/xc8/v3.00/avr/bin/../lib/gcc/avr/5.4.0/../../../../avr/lib/avr5\libc.a(__fmt_x.o)
 .note.GNU-stack
                0x0000000000000000        0x0 c:/program files/microchip/xc8/v3.00/avr/bin/../lib/gcc/avr/5.4.0/../../../../avr/lib/avr5\libc.a(__pop_int.o)
 .note.GNU-stack
                0x0000000000000000        0x0 c:/program files/microchip/xc8/v3.00/avr/bin/../lib/gcc/avr/5.4.0/../../../../avr/lib/avr5\libc.a(__printf_core.o)
 .note.GNU-stack
                0x0000000000000000        0x0 c:/program files/microchip/xc8/v3.00/avr/bin/../lib/gcc/avr/5.4.0/../../../../avr/lib/avr5\libc.a(fputc.o)
 .note.GNU-stack
                0x0000000000000000        0x0 c:/program files/microchip/xc8/v3.00/avr/bin/../lib/gcc/avr/5.4.0/../../../../avr/lib/avr5\libc.a(puts.o)
 .note.GNU-stack
                0x0000000000000000        0x0 c:/program files/microchip/xc8/v3.00/avr/bin/../lib/gcc/avr/5.4.0/../../../../avr/lib/avr5\libc.a(stdout.o)
 .note.GNU-stack
                0x0000000000000000        0x0 c:/program files/microchip/xc8/v3.00/avr/bin/../lib/gcc/avr/5.4.0/../../../../avr/lib/avr5\libc.a(strlen.o)
 .note.GNU-stack
                0x0000000000000000        0x0 c:/program files/microchip/xc8/v3.00/avr/bin/../lib/gcc/avr/5.4.0/../../../../avr/lib/avr5\libc.a(tolower.o)
 .note.GNU-stack
                0x0000000000000000        0x0 c:/program files/microchip/xc8/v3.00/avr/bin/../lib/gcc/avr/5.4.0/../../../../avr/lib/avr5\libc.a(toupper.o)
 .note.GNU-stack
                0x0000000000000000        0x0 c:/program files/microchip/xc8/v3.00/avr/bin/../lib/gcc/avr/5.4.0/../../../../avr/lib/avr5\libc.a(errno.o)
 .note.GNU-stack
                0x0000000000000000        0x0 c:/program files/microchip/xc8/v3.00/avr/bin/../lib/gcc/avr/5.4.0/../../../../avr/lib/avr5\libc.a(_Exit.o)
 .note.GNU-stack
                0x0000000000000000        0x0 c:/program files/microchip/xc8/v3.00/avr/bin/../lib/gcc/avr/5.4.0/../../../../avr/lib/avr5\libc.a(__int_vfprintf.o)
 .note.GNU-stack
                0x0000000000000000        0x0 c:/program files/microchip/xc8/v3.00/avr/bin/../lib/gcc/avr/5.4.0/../../../../avr/lib/avr5\libc.a(__int_vsprintf.o)
 .note.GNU-stack
                0x0000000000000000        0x0 c:/program files/microchip/xc8/v3.00/avr/bin/../lib/gcc/avr/5.4.0/../../../../avr/lib/avr5\libc.a(__int_vsnprintf.o)
 .note.GNU-stack
                0x0000000000000000        0x0 c:/program files/microchip/xc8/v3.00/avr/bin/../lib/gcc/avr/5.4.0/../../../../avr/lib/avr5\libc.a(fputs.o)

.note.gnu.build-id
 *(.note.gnu.build-id)

.debug
 *(.debug)

.line
 *(.line)

.debug_srcinfo
 *(.debug_srcinfo)

.debug_sfnames
 *(.debug_sfnames)

.debug_aranges  0x0000000000000000      0x230
 *(.debug_aranges)
 .debug_aranges
                0x0000000000000000       0x60 build/DebugWire/production/main.o
 .debug_aranges
                0x0000000000000060       0xa0 build/DebugWire/production/ssd1306.o
 .debug_aranges
                0x0000000000000100       0x48 build/DebugWire/production/twi.o
 .debug_aranges
                0x0000000000000148       0x20 build/DebugWire/production/Timer.o
 .debug_aranges
                0x0000000000000168       0x38 build/DebugWire/production/Timer0.o
 .debug_aranges
                0x00000000000001a0       0x50 build/DebugWire/production/UART.o
 .debug_aranges
                0x00000000000001f0       0x40 build/DebugWire/production/ExternalInterrupt.o

.debug_pubnames
 *(.debug_pubnames)

.debug_info     0x0000000000000000     0x3796
 *(.debug_info .gnu.linkonce.wi.*)
 .debug_info    0x0000000000000000      0x8ea C:/Program Files/Microchip/MPLABX/v6.20/packs/Microchip/ATmega_DFP/3.1.264/xc8/avr/lib/avr5/crtatmega328pb.o
 .debug_info    0x00000000000008ea      0xc78 build/DebugWire/production/main.o
 .debug_info    0x0000000000001562      0xc35 build/DebugWire/production/ssd1306.o
 .debug_info    0x0000000000002197      0x3a6 build/DebugWire/production/twi.o
 .debug_info    0x000000000000253d      0x31c build/DebugWire/production/Timer.o
 .debug_info    0x0000000000002859      0x44e build/DebugWire/production/Timer0.o
 .debug_info    0x0000000000002ca7      0x568 build/DebugWire/production/UART.o
 .debug_info    0x000000000000320f      0x587 build/DebugWire/production/ExternalInterrupt.o

.debug_abbrev   0x0000000000000000      0xf96
 *(.debug_abbrev)
 .debug_abbrev  0x0000000000000000      0x86e C:/Program Files/Microchip/MPLABX/v6.20/packs/Microchip/ATmega_DFP/3.1.264/xc8/avr/lib/avr5/crtatmega328pb.o
 .debug_abbrev  0x000000000000086e      0x135 build/DebugWire/production/main.o
 .debug_abbrev  0x00000000000009a3      0x19c build/DebugWire/production/ssd1306.o
 .debug_abbrev  0x0000000000000b3f       0x89 build/DebugWire/production/twi.o
 .debug_abbrev  0x0000000000000bc8       0x7a build/DebugWire/production/Timer.o
 .debug_abbrev  0x0000000000000c42       0xba build/DebugWire/production/Timer0.o
 .debug_abbrev  0x0000000000000cfc      0x17e build/DebugWire/production/UART.o
 .debug_abbrev  0x0000000000000e7a      0x11c build/DebugWire/production/ExternalInterrupt.o

.debug_line     0x0000000000000000     0x17dd
 *(.debug_line .debug_line.* .debug_line_end)
 .debug_line    0x0000000000000000      0x1a6 C:/Program Files/Microchip/MPLABX/v6.20/packs/Microchip/ATmega_DFP/3.1.264/xc8/avr/lib/avr5/crtatmega328pb.o
 .debug_line    0x00000000000001a6      0x355 build/DebugWire/production/main.o
 .debug_line    0x00000000000004fb      0xb94 build/DebugWire/production/ssd1306.o
 .debug_line    0x000000000000108f      0x1f3 build/DebugWire/production/twi.o
 .debug_line    0x0000000000001282       0xad build/DebugWire/production/Timer.o
 .debug_line    0x000000000000132f      0x134 build/DebugWire/production/Timer0.o
 .debug_line    0x0000000000001463      0x1d1 build/DebugWire/production/UART.o
 .debug_line    0x0000000000001634      0x1a9 build/DebugWire/production/ExternalInterrupt.o

.debug_frame    0x0000000000000000      0x7c8
 *(.debug_frame)
 .debug_frame   0x0000000000000000      0x13c build/DebugWire/production/main.o
 .debug_frame   0x000000000000013c      0x234 build/DebugWire/production/ssd1306.o
 .debug_frame   0x0000000000000370       0xd4 build/DebugWire/production/twi.o
 .debug_frame   0x0000000000000444       0x34 build/DebugWire/production/Timer.o
 .debug_frame   0x0000000000000478       0xd8 build/DebugWire/production/Timer0.o
 .debug_frame   0x0000000000000550      0x13c build/DebugWire/production/UART.o
 .debug_frame   0x000000000000068c      0x13c build/DebugWire/production/ExternalInterrupt.o

.debug_str      0x0000000000000000      0x39e
 *(.debug_str)
 .debug_str     0x0000000000000000      0x318 C:/Program Files/Microchip/MPLABX/v6.20/packs/Microchip/ATmega_DFP/3.1.264/xc8/avr/lib/avr5/crtatmega328pb.o
 .debug_str     0x0000000000000318       0x25 build/DebugWire/production/main.o
 .debug_str     0x000000000000033d       0x21 build/DebugWire/production/ssd1306.o
 .debug_str     0x000000000000035e        0x8 build/DebugWire/production/twi.o
 .debug_str     0x0000000000000366        0x0 build/DebugWire/production/Timer.o
 .debug_str     0x0000000000000366        0x0 build/DebugWire/production/Timer0.o
 .debug_str     0x0000000000000366        0x0 build/DebugWire/production/UART.o
 .debug_str     0x0000000000000366       0x38 build/DebugWire/production/ExternalInterrupt.o

.debug_loc
 *(.debug_loc)

.debug_macinfo
 *(.debug_macinfo)

.debug_weaknames
 *(.debug_weaknames)

.debug_funcnames
 *(.debug_funcnames)

.debug_typenames
 *(.debug_typenames)

.debug_varnames
 *(.debug_varnames)

.debug_pubtypes
 *(.debug_pubtypes)

.debug_ranges   0x0000000000000000      0x1c0
 *(.debug_ranges)
 .debug_ranges  0x0000000000000000       0x50 build/DebugWire/production/main.o
 .debug_ranges  0x0000000000000050       0x90 build/DebugWire/production/ssd1306.o
 .debug_ranges  0x00000000000000e0       0x38 build/DebugWire/production/twi.o
 .debug_ranges  0x0000000000000118       0x10 build/DebugWire/production/Timer.o
 .debug_ranges  0x0000000000000128       0x28 build/DebugWire/production/Timer0.o
 .debug_ranges  0x0000000000000150       0x40 build/DebugWire/production/UART.o
 .debug_ranges  0x0000000000000190       0x30 build/DebugWire/production/ExternalInterrupt.o

.debug_macro
 *(.debug_macro)
OUTPUT(dist/DebugWire/production/DisplayTest.X.production.elf elf32-avr)
LOAD linker stubs
LOAD data_init

.note.gnu.avr.deviceinfo
                0x0000000000000000       0x40
 .note.gnu.avr.deviceinfo
                0x0000000000000000       0x40 C:/Program Files/Microchip/MPLABX/v6.20/packs/Microchip/ATmega_DFP/3.1.264/xc8/avr/lib/avr5/crtatmega328pb.o

.bss.DisplaySetupTimeInRAM
                0x000000000080039c        0x1
 .bss.DisplaySetupTimeInRAM
                0x000000000080039c        0x1 build/DebugWire/production/main.o

.bss.PrintOutInfo
                0x000000000080039d        0x1
 .bss.PrintOutInfo
                0x000000000080039d        0x1 build/DebugWire/production/main.o

.bss.I2CDisplayStatus
                0x000000000080039f        0x1
 .bss.I2CDisplayStatus
                0x000000000080039f        0x1 build/DebugWire/production/main.o

.bss.I2CDisplayStatusOperation
                0x00000000008003a0        0x1
 .bss.I2CDisplayStatusOperation
                0x00000000008003a0        0x1 build/DebugWire/production/main.o

.bss.I2CDisplayErrorFound
                0x00000000008003a1        0x1
 .bss.I2CDisplayErrorFound
                0x00000000008003a1        0x1 build/DebugWire/production/main.o

.bss.DisplayStartUpWaitTime
                0x00000000008003a2        0x1
 .bss.DisplayStartUpWaitTime
                0x00000000008003a2        0x1 build/DebugWire/production/main.o

.bss.DisplayErrorTestTimeout
                0x00000000008003a3        0x1
 .bss.DisplayErrorTestTimeout
                0x00000000008003a3        0x1 build/DebugWire/production/main.o

.bss.NumberOfTimerInterrupts
                0x0000000000800380        0x4
 .bss.NumberOfTimerInterrupts
                0x0000000000800380        0x4 build/DebugWire/production/main.o

.bss.NumberOfExternalInterruptsOnPin0
                0x0000000000800388        0x2
 .bss.NumberOfExternalInterruptsOnPin0
                0x0000000000800388        0x2 build/DebugWire/production/main.o

.bss.NumberOfExternalInterruptsOnPin0FromCallback
                0x000000000080038a        0x2
 .bss.NumberOfExternalInterruptsOnPin0FromCallback
                0x000000000080038a        0x2 build/DebugWire/production/main.o

.bss._indexCol  0x000000000080038c        0x2
 .bss._indexCol
                0x000000000080038c        0x2 build/DebugWire/production/ssd1306.o
                0x000000000080038c                _indexCol

.bss._indexPage
                0x000000000080038e        0x2
 .bss._indexPage
                0x000000000080038e        0x2 build/DebugWire/production/ssd1306.o
                0x000000000080038e                _indexPage

.bss.Timer0OverflowValue
                0x0000000000800390        0x2
 .bss.Timer0OverflowValue
                0x0000000000800390        0x2 build/DebugWire/production/Timer0.o

.bss.Timer0OverflowCounter
                0x0000000000800392        0x2
 .bss.Timer0OverflowCounter
                0x0000000000800392        0x2 build/DebugWire/production/Timer0.o

.bss.Callback_Function_Pointer
                0x0000000000800394        0x2
 .bss.Callback_Function_Pointer
                0x0000000000800394        0x2 build/DebugWire/production/Timer0.o

.bss.NumberOfTimer0OverflowInterrupts
                0x0000000000800384        0x4
 .bss.NumberOfTimer0OverflowInterrupts
                0x0000000000800384        0x4 build/DebugWire/production/Timer0.o

.bss.Callback_Function_Pointer
                0x0000000000800396        0x2
 .bss.Callback_Function_Pointer
                0x0000000000800396        0x2 build/DebugWire/production/UART.o

.bss.__stdout   0x000000000080039a        0x2
 .bss.__stdout  0x000000000080039a        0x2 c:/program files/microchip/xc8/v3.00/avr/bin/../lib/gcc/avr/5.4.0/../../../../avr/lib/avr5\libc.a(stdout.o)

progmem.data.FONTS
                0x0000000000000132      0x1e0
 progmem.data.FONTS
                0x0000000000000132      0x1e0 build/DebugWire/production/ssd1306.o

progmem.data.INIT_SSD1306
                0x0000000000000312       0x2c
 progmem.data.INIT_SSD1306
                0x0000000000000312       0x2c build/DebugWire/production/ssd1306.o
                0x0000000000000312                INIT_SSD1306

.text.vfpfcnvrt
                0x000000000000033e      0x3fc
 .text.vfpfcnvrt
                0x000000000000033e      0x3fc c:/program files/microchip/xc8/v3.00/avr/bin/../lib/gcc/avr/5.4.0/../../../../avr/lib/avr5\libc.a(__printf_core.o)
                0x000000000000033e                vfpfcnvrt

.text.main      0x000000000000073a      0x2ec
 .text.main     0x000000000000073a      0x2ec build/DebugWire/production/main.o
                0x000000000000073a                main

.text.SSD1306_DrawChar
                0x0000000000000a26      0x234
 .text.SSD1306_DrawChar
                0x0000000000000a26      0x234 build/DebugWire/production/ssd1306.o
                0x0000000000000a26                SSD1306_DrawChar

.text.SSD1306_Init
                0x0000000000000c5a      0x200
 .text.SSD1306_Init
                0x0000000000000c5a      0x200 build/DebugWire/production/ssd1306.o
                0x0000000000000c5a                SSD1306_Init

.text.__fmt_x   0x0000000000000e5a      0x1dc
 .text.__fmt_x  0x0000000000000e5a      0x1dc c:/program files/microchip/xc8/v3.00/avr/bin/../lib/gcc/avr/5.4.0/../../../../avr/lib/avr5\libc.a(__fmt_x.o)
                0x0000000000000e5a                __fmt_x_needed
                0x0000000000000e5a                __fmt_x

.text.SSD1306_ClearScreen
                0x0000000000001036       0xee
 .text.SSD1306_ClearScreen
                0x0000000000001036       0xee build/DebugWire/production/ssd1306.o
                0x0000000000001036                SSD1306_ClearScreen

.text.__fmt_d   0x0000000000001124       0xe4
 .text.__fmt_d  0x0000000000001124       0xe4 c:/program files/microchip/xc8/v3.00/avr/bin/../lib/gcc/avr/5.4.0/../../../../avr/lib/avr5\libc.a(__fmt_d.o)
                0x0000000000001124                __fmt_d
                0x0000000000001124                __fmt_d_needed

.text.AttachAndEnableExternalInterrupt
                0x0000000000001208       0xe2
 .text.AttachAndEnableExternalInterrupt
                0x0000000000001208       0xe2 build/DebugWire/production/ExternalInterrupt.o
                0x0000000000001208                AttachAndEnableExternalInterrupt

.text.__vector_16
                0x00000000000012ea       0xdc
 .text.__vector_16
                0x00000000000012ea       0xdc build/DebugWire/production/Timer0.o
                0x00000000000012ea                __vector_16

.text           0x00000000000013c6       0xd4
 .text          0x00000000000013c6       0xd4 c:/program files/microchip/xc8/v3.00/avr/bin/../lib/gcc/avr/5.4.0/../../../../avr/lib/avr5\libm.a(mulsf3x.o)
                0x00000000000013c6                __mulsf3x
                0x00000000000013ec                __mulsf3_pse

.text.__pop_int
                0x000000000000149a       0xd0
 .text.__pop_int
                0x000000000000149a       0xd0 c:/program files/microchip/xc8/v3.00/avr/bin/../lib/gcc/avr/5.4.0/../../../../avr/lib/avr5\libc.a(__pop_int.o)
                0x000000000000149a                __pop_int_needed
                0x000000000000149a                __pop_int

.text.SSD1306_SetWindow
                0x000000000000156a       0xca
 .text.SSD1306_SetWindow
                0x000000000000156a       0xca build/DebugWire/production/ssd1306.o
                0x000000000000156a                SSD1306_SetWindow

.text.__cvt_u   0x0000000000001634       0xca
 .text.__cvt_u  0x0000000000001634       0xca c:/program files/microchip/xc8/v3.00/avr/bin/../lib/gcc/avr/5.4.0/../../../../avr/lib/avr5\libc.a(__fmt_u.o)
                0x0000000000001634                __cvt_u

.text.__fmt_o   0x00000000000016fe       0xb2
 .text.__fmt_o  0x00000000000016fe       0xb2 c:/program files/microchip/xc8/v3.00/avr/bin/../lib/gcc/avr/5.4.0/../../../../avr/lib/avr5\libc.a(__fmt_o.o)
                0x00000000000016fe                __fmt_o
                0x00000000000016fe                __fmt_o_needed

.text.fputc     0x00000000000017b0       0x98
 .text.fputc    0x00000000000017b0       0x98 c:/program files/microchip/xc8/v3.00/avr/bin/../lib/gcc/avr/5.4.0/../../../../avr/lib/avr5\libc.a(fputc.o)
                0x00000000000017b0                fputc
                0x00000000000017b0                putc

.text.__fmt_u   0x0000000000001848       0x8e
 .text.__fmt_u  0x0000000000001848       0x8e c:/program files/microchip/xc8/v3.00/avr/bin/../lib/gcc/avr/5.4.0/../../../../avr/lib/avr5\libc.a(__fmt_u.o)
                0x0000000000001848                __fmt_u_needed
                0x0000000000001848                __fmt_u

.text.TWI_MT_Start
                0x00000000000018d6       0x8a
 .text.TWI_MT_Start
                0x00000000000018d6       0x8a build/DebugWire/production/twi.o
                0x00000000000018d6                TWI_MT_Start

.text.Setup_Timer0_Overflow_Interrupt
                0x0000000000001960       0x80
 .text.Setup_Timer0_Overflow_Interrupt
                0x0000000000001960       0x80 build/DebugWire/production/Timer0.o
                0x0000000000001960                Setup_Timer0_Overflow_Interrupt

.text.ReceiveTimeOutValueCounterInit
                0x00000000000019e0       0x7c
 .text.ReceiveTimeOutValueCounterInit
                0x00000000000019e0       0x7c build/DebugWire/production/main.o
                0x00000000000019e0                ReceiveTimeOutValueCounterInit

.text.SSD1306_UpdatePosition
                0x0000000000001a5c       0x7a
 .text.SSD1306_UpdatePosition
                0x0000000000001a5c       0x7a build/DebugWire/production/ssd1306.o
                0x0000000000001a5c                SSD1306_UpdatePosition

.text.__vector_18
                0x0000000000001ad6       0x7a
 .text.__vector_18
                0x0000000000001ad6       0x7a build/DebugWire/production/UART.o
                0x0000000000001ad6                __vector_18

.text.__vector_1
                0x0000000000001b50       0x78
 .text.__vector_1
                0x0000000000001b50       0x78 build/DebugWire/production/ExternalInterrupt.o
                0x0000000000001b50                __vector_1

.text.__vector_2
                0x0000000000001bc8       0x78
 .text.__vector_2
                0x0000000000001bc8       0x78 build/DebugWire/production/ExternalInterrupt.o
                0x0000000000001bc8                __vector_2

.text.__printf_core
                0x0000000000001c40       0x78
 .text.__printf_core
                0x0000000000001c40       0x78 c:/program files/microchip/xc8/v3.00/avr/bin/../lib/gcc/avr/5.4.0/../../../../avr/lib/avr5\libc.a(__printf_core.o)
                0x0000000000001c40                __printf_core

.text.PrintDisplayCodeOnUART
                0x0000000000001cb8       0x76
 .text.PrintDisplayCodeOnUART
                0x0000000000001cb8       0x76 build/DebugWire/production/main.o
                0x0000000000001cb8                PrintDisplayCodeOnUART

.text.TWI_MT_Send_SLAW
                0x0000000000001d2e       0x76
 .text.TWI_MT_Send_SLAW
                0x0000000000001d2e       0x76 build/DebugWire/production/twi.o
                0x0000000000001d2e                TWI_MT_Send_SLAW

.text.TWI_MT_Send_Data
                0x0000000000001da4       0x74
 .text.TWI_MT_Send_Data
                0x0000000000001da4       0x74 build/DebugWire/production/twi.o
                0x0000000000001da4                TWI_MT_Send_Data

.text.__vsnprintf
                0x0000000000001e18       0x74
 .text.__vsnprintf
                0x0000000000001e18       0x74 c:/program files/microchip/xc8/v3.00/avr/bin/../lib/gcc/avr/5.4.0/../../../../avr/lib/avr5\libc.a(__int_vsnprintf.o)
                0x0000000000001e18                __vsnprintf

.text.__pad     0x0000000000001e8c       0x72
 .text.__pad    0x0000000000001e8c       0x72 c:/program files/microchip/xc8/v3.00/avr/bin/../lib/gcc/avr/5.4.0/../../../../avr/lib/avr5\libc.a(__printf_core.o)
                0x0000000000001e8c                __pad

.text.GetBitValuesForClockSelect
                0x0000000000001efe       0x6e
 .text.GetBitValuesForClockSelect
                0x0000000000001efe       0x6e build/DebugWire/production/Timer.o
                0x0000000000001efe                GetBitValuesForClockSelect

.text.fputs     0x0000000000001f6c       0x64
 .text.fputs    0x0000000000001f6c       0x64 c:/program files/microchip/xc8/v3.00/avr/bin/../lib/gcc/avr/5.4.0/../../../../avr/lib/avr5\libc.a(fputs.o)
                0x0000000000001f6c                fputs
                0x0000000000001f6c                fputs_unlocked

.text           0x0000000000001fd0       0x5e
 .text          0x0000000000001fd0       0x5e c:/program files/microchip/xc8/v3.00/avr/bin/../lib/gcc/avr/5.4.0/../../../../avr/lib/avr5\libm.a(fixunssfsi.o)
                0x0000000000001fd0                __fixunssfsi

.text.read_prec_or_width
                0x000000000000202e       0x5c
 .text.read_prec_or_width
                0x000000000000202e       0x5c c:/program files/microchip/xc8/v3.00/avr/bin/../lib/gcc/avr/5.4.0/../../../../avr/lib/avr5\libc.a(__printf_core.o)

.text.SSD1306_DrawString
                0x000000000000208a       0x5a
 .text.SSD1306_DrawString
                0x000000000000208a       0x5a build/DebugWire/production/ssd1306.o
                0x000000000000208a                SSD1306_DrawString

.text.__fmt_s   0x00000000000020e4       0x54
 .text.__fmt_s  0x00000000000020e4       0x54 c:/program files/microchip/xc8/v3.00/avr/bin/../lib/gcc/avr/5.4.0/../../../../avr/lib/avr5\libc.a(__fmt_s.o)
                0x00000000000020e4                __fmt_s
                0x00000000000020e4                __fmt_0_needed
                0x00000000000020e4                __fmt_s_needed

.text.SSD1306_SetPosition
                0x0000000000002138       0x48
 .text.SSD1306_SetPosition
                0x0000000000002138       0x48 build/DebugWire/production/ssd1306.o
                0x0000000000002138                SSD1306_SetPosition

.text           0x0000000000002180       0x48
 .text          0x0000000000002180       0x48 c:/program files/microchip/xc8/v3.00/avr/bin/../lib/gcc/avr/5.4.0/../../../../avr/lib/avr5\libm.a(fp_cmp.o)
                0x0000000000002180                __fp_cmp

.text.TWI_Init  0x00000000000021c8       0x44
 .text.TWI_Init
                0x00000000000021c8       0x44 build/DebugWire/production/twi.o
                0x00000000000021c8                TWI_Init

.text           0x000000000000220c       0x44
 .text          0x000000000000220c       0x44 c:/program files/microchip/xc8/v3.00/avr/bin/../lib/gcc/avr/5.4.0/../../../../avr/lib/avr5\libm.a(fp_split3.o)
                0x000000000000220c                __fp_split3
                0x000000000000221c                __fp_splitA

.text.libgcc.div
                0x0000000000002250       0x44
 .text.libgcc.div
                0x0000000000002250       0x44 c:/program files/microchip/xc8/v3.00/avr/bin/../lib/gcc/avr/5.4.0/avr5\libgcc.a(_udivmodsi4.o)
                0x0000000000002250                __udivmodsi4

.text.ReceiveTimerSecondsValue
                0x0000000000002294       0x42
 .text.ReceiveTimerSecondsValue
                0x0000000000002294       0x42 build/DebugWire/production/main.o
                0x0000000000002294                ReceiveTimerSecondsValue

.text.RS232Init
                0x00000000000022d6       0x42
 .text.RS232Init
                0x00000000000022d6       0x42 build/DebugWire/production/UART.o
                0x00000000000022d6                RS232Init

.text.uart_putch
                0x0000000000002318       0x42
 .text.uart_putch
                0x0000000000002318       0x42 build/DebugWire/production/UART.o
                0x0000000000002318                uart_putch

.text.SSD1306_Send_Command
                0x000000000000235a       0x40
 .text.SSD1306_Send_Command
                0x000000000000235a       0x40 build/DebugWire/production/ssd1306.o
                0x000000000000235a                SSD1306_Send_Command

.text.__fmt_state
                0x000000000000239a       0x40
 .text.__fmt_state
                0x000000000000239a       0x40 c:/program files/microchip/xc8/v3.00/avr/bin/../lib/gcc/avr/5.4.0/../../../../avr/lib/avr5\libc.a(__printf_core.o)
                0x000000000000239a                __fmt_state

.text.ExternalInterruptFunction_0
                0x00000000000023da       0x3e
 .text.ExternalInterruptFunction_0
                0x00000000000023da       0x3e build/DebugWire/production/main.o
                0x00000000000023da                ExternalInterruptFunction_0

.text.SSD1306_Send_StartAndSLAW
                0x0000000000002418       0x3e
 .text.SSD1306_Send_StartAndSLAW
                0x0000000000002418       0x3e build/DebugWire/production/ssd1306.o
                0x0000000000002418                SSD1306_Send_StartAndSLAW

.text.__out     0x0000000000002456       0x3a
 .text.__out    0x0000000000002456       0x3a c:/program files/microchip/xc8/v3.00/avr/bin/../lib/gcc/avr/5.4.0/../../../../avr/lib/avr5\libc.a(__printf_core.o)
                0x0000000000002456                __out

.text.libgcc.prologue
                0x0000000000002490       0x38
 .text.libgcc.prologue
                0x0000000000002490       0x38 c:/program files/microchip/xc8/v3.00/avr/bin/../lib/gcc/avr/5.4.0/avr5\libgcc.a(_prologue.o)
                0x0000000000002490                __prologue_saves__

.text.libgcc.prologue
                0x00000000000024c8       0x36
 .text.libgcc.prologue
                0x00000000000024c8       0x36 c:/program files/microchip/xc8/v3.00/avr/bin/../lib/gcc/avr/5.4.0/avr5\libgcc.a(_epilogue.o)
                0x00000000000024c8                __epilogue_restores__

.text.__wrap_printf
                0x00000000000024fe       0x30
 .text.__wrap_printf
                0x00000000000024fe       0x30 c:/program files/microchip/xc8/v3.00/avr/bin/../lib/gcc/avr/5.4.0/../../../../avr/lib/avr5\libc.a(__sio_printf_dosux.o)
                0x00000000000024fe                _printf_cdopsuxX

.text.__wrap_printf
                0x000000000000252e       0x30
 .text.__wrap_printf
                0x000000000000252e       0x30 c:/program files/microchip/xc8/v3.00/avr/bin/../lib/gcc/avr/5.4.0/../../../../avr/lib/avr5\libc.a(__sio_printf_doux.o)
                0x000000000000252e                _printf_cdopuxX

.text.__vfprintf
                0x000000000000255e       0x30
 .text.__vfprintf
                0x000000000000255e       0x30 c:/program files/microchip/xc8/v3.00/avr/bin/../lib/gcc/avr/5.4.0/../../../../avr/lib/avr5\libc.a(__int_vfprintf.o)
                0x000000000000255e                __vfprintf

.text.ReceiveTimeoutValueErrorTest
                0x000000000000258e       0x2a
 .text.ReceiveTimeoutValueErrorTest
                0x000000000000258e       0x2a build/DebugWire/production/main.o
                0x000000000000258e                ReceiveTimeoutValueErrorTest

.text.SetupUARTFunctionCallbackPointer
                0x00000000000025b8       0x26
 .text.SetupUARTFunctionCallbackPointer
                0x00000000000025b8       0x26 build/DebugWire/production/UART.o
                0x00000000000025b8                SetupUARTFunctionCallbackPointer

.text.__wrap_sprintf
                0x00000000000025de       0x24
 .text.__wrap_sprintf
                0x00000000000025de       0x24 c:/program files/microchip/xc8/v3.00/avr/bin/../lib/gcc/avr/5.4.0/../../../../avr/lib/avr5\libc.a(__sio_sprintf_doux.o)
                0x00000000000025de                _sprintf_cdopuxX

.text.TestI2CDisplayStatus
                0x0000000000002602       0x22
 .text.TestI2CDisplayStatus
                0x0000000000002602       0x22 build/DebugWire/production/main.o
                0x0000000000002602                TestI2CDisplayStatus

.text.__vector_24
                0x0000000000002624       0x22
 .text.__vector_24
                0x0000000000002624       0x22 build/DebugWire/production/main.o
                0x0000000000002624                __vector_24

.text.Enable_Timer0_Overflow_Interrupt
                0x0000000000002646       0x22
 .text.Enable_Timer0_Overflow_Interrupt
                0x0000000000002646       0x22 build/DebugWire/production/Timer0.o
                0x0000000000002646                Enable_Timer0_Overflow_Interrupt

.text.Disable_Timer0_Overflow_Interrupt
                0x0000000000002668       0x22
 .text.Disable_Timer0_Overflow_Interrupt
                0x0000000000002668       0x22 build/DebugWire/production/Timer0.o
                0x0000000000002668                Disable_Timer0_Overflow_Interrupt

.text.SetupOutputStreamToUart
                0x000000000000268a       0x22
 .text.SetupOutputStreamToUart
                0x000000000000268a       0x22 build/DebugWire/production/UART.o
                0x000000000000268a                SetupOutputStreamToUart

.text.Enable_UART_Receive_Interrupt
                0x00000000000026ac       0x22
 .text.Enable_UART_Receive_Interrupt
                0x00000000000026ac       0x22 build/DebugWire/production/UART.o
                0x00000000000026ac                Enable_UART_Receive_Interrupt

.text           0x00000000000026ce       0x22
 .text          0x00000000000026ce       0x22 c:/program files/microchip/xc8/v3.00/avr/bin/../lib/gcc/avr/5.4.0/../../../../avr/lib/avr5\libm.a(fp_round.o)
                0x00000000000026ce                __fp_round

.text.strlen    0x00000000000026f0       0x1c
 .text.strlen   0x00000000000026f0       0x1c c:/program files/microchip/xc8/v3.00/avr/bin/../lib/gcc/avr/5.4.0/../../../../avr/lib/avr5\libc.a(strlen.o)
                0x00000000000026f0                strlen

.text.TWI_Stop  0x000000000000270c       0x1a
 .text.TWI_Stop
                0x000000000000270c       0x1a build/DebugWire/production/twi.o
                0x000000000000270c                TWI_Stop

.text.NoCallbackIsPerformedOnExternalInterrupt
                0x0000000000002726       0x1a
 .text.NoCallbackIsPerformedOnExternalInterrupt
                0x0000000000002726       0x1a build/DebugWire/production/ExternalInterrupt.o

.text.TreatUartReceivedCharAccordingToState
                0x0000000000002740       0x16
 .text.TreatUartReceivedCharAccordingToState
                0x0000000000002740       0x16 build/DebugWire/production/main.o
                0x0000000000002740                TreatUartReceivedCharAccordingToState

.text.exit      0x0000000000002756       0x16
 .text.exit     0x0000000000002756       0x16 c:/program files/microchip/xc8/v3.00/avr/bin/../lib/gcc/avr/5.4.0/../../../../avr/lib/avr5\libc.a(exit.o)
                0x0000000000002756                exit

.text.puts      0x000000000000276c       0x12
 .text.puts     0x000000000000276c       0x12 c:/program files/microchip/xc8/v3.00/avr/bin/../lib/gcc/avr/5.4.0/../../../../avr/lib/avr5\libc.a(puts.o)
                0x000000000000276c                puts

.text.toupper   0x000000000000277e       0x12
 .text.toupper  0x000000000000277e       0x12 c:/program files/microchip/xc8/v3.00/avr/bin/../lib/gcc/avr/5.4.0/../../../../avr/lib/avr5\libc.a(toupper.o)
                0x000000000000277e                toupper

.text.tolower   0x0000000000002790       0x10
 .text.tolower  0x0000000000002790       0x10 c:/program files/microchip/xc8/v3.00/avr/bin/../lib/gcc/avr/5.4.0/../../../../avr/lib/avr5\libc.a(tolower.o)
                0x0000000000002790                tolower

.text           0x00000000000027a0        0xe
 .text          0x00000000000027a0        0xe c:/program files/microchip/xc8/v3.00/avr/bin/../lib/gcc/avr/5.4.0/../../../../avr/lib/avr5\libm.a(fp_zero.o)
                0x00000000000027a0                __fp_zero
                0x00000000000027a2                __fp_szero

.text           0x00000000000027ae        0xe
 .text          0x00000000000027ae        0xe c:/program files/microchip/xc8/v3.00/avr/bin/../lib/gcc/avr/5.4.0/../../../../avr/lib/avr5\libm.a(fp_pscA.o)
                0x00000000000027ae                __fp_pscA

.text           0x00000000000027bc        0xe
 .text          0x00000000000027bc        0xe c:/program files/microchip/xc8/v3.00/avr/bin/../lib/gcc/avr/5.4.0/../../../../avr/lib/avr5\libm.a(fp_pscB.o)
                0x00000000000027bc                __fp_pscB

.text.__vsprintf
                0x00000000000027ca        0xe
 .text.__vsprintf
                0x00000000000027ca        0xe c:/program files/microchip/xc8/v3.00/avr/bin/../lib/gcc/avr/5.4.0/../../../../avr/lib/avr5\libc.a(__int_vsprintf.o)
                0x00000000000027ca                __vsprintf

.text           0x00000000000027d8        0xc
 .text          0x00000000000027d8        0xc c:/program files/microchip/xc8/v3.00/avr/bin/../lib/gcc/avr/5.4.0/../../../../avr/lib/avr5\libm.a(fp_inf.o)
                0x00000000000027d8                __fp_inf

.text           0x00000000000027e4        0xa
 .text          0x00000000000027e4        0xa c:/program files/microchip/xc8/v3.00/avr/bin/../lib/gcc/avr/5.4.0/../../../../avr/lib/avr5\libm.a(cmpsf2.o)
                0x00000000000027e4                __nesf2
                0x00000000000027e4                __eqsf2
                0x00000000000027e4                __cmpsf2
                0x00000000000027e4                __ltsf2
                0x00000000000027e4                __lesf2

.text           0x00000000000027ee        0xa
 .text          0x00000000000027ee        0xa c:/program files/microchip/xc8/v3.00/avr/bin/../lib/gcc/avr/5.4.0/../../../../avr/lib/avr5\libm.a(gesf2.o)
                0x00000000000027ee                __gesf2
                0x00000000000027ee                __gtsf2

.text           0x00000000000027f8        0x8
 .text          0x00000000000027f8        0x8 c:/program files/microchip/xc8/v3.00/avr/bin/../lib/gcc/avr/5.4.0/../../../../avr/lib/avr5\libm.a(mulsf3.o)
                0x00000000000027f8                __mulsf3

.text           0x0000000000002800        0x6
 .text          0x0000000000002800        0x6 c:/program files/microchip/xc8/v3.00/avr/bin/../lib/gcc/avr/5.4.0/../../../../avr/lib/avr5\libm.a(fp_nan.o)
                0x0000000000002800                __fp_nan

.text           0x0000000000002806        0x4
 .text          0x0000000000002806        0x4 C:/Program Files/Microchip/MPLABX/v6.20/packs/Microchip/ATmega_DFP/3.1.264/xc8/avr/lib/avr5/crtatmega328pb.o
                0x0000000000002806                __vector_38
                0x0000000000002806                __vector_22
                0x0000000000002806                __vector_28
                0x0000000000002806                __vector_32
                0x0000000000002806                __vector_34
                0x0000000000002806                __vector_12
                0x0000000000002806                __bad_interrupt
                0x0000000000002806                __vector_6
                0x0000000000002806                __vector_31
                0x0000000000002806                __vector_35
                0x0000000000002806                __vector_39
                0x0000000000002806                __vector_3
                0x0000000000002806                __vector_23
                0x0000000000002806                __vector_30
                0x0000000000002806                __vector_25
                0x0000000000002806                __vector_11
                0x0000000000002806                __vector_13
                0x0000000000002806                __vector_17
                0x0000000000002806                __vector_19
                0x0000000000002806                __vector_7
                0x0000000000002806                __vector_41
                0x0000000000002806                __vector_43
                0x0000000000002806                __vector_27
                0x0000000000002806                __vector_5
                0x0000000000002806                __vector_33
                0x0000000000002806                __vector_37
                0x0000000000002806                __vector_4
                0x0000000000002806                __vector_44
                0x0000000000002806                __vector_9
                0x0000000000002806                __vector_21
                0x0000000000002806                __vector_15
                0x0000000000002806                __vector_36
                0x0000000000002806                __vector_29
                0x0000000000002806                __vector_40
                0x0000000000002806                __vector_8
                0x0000000000002806                __vector_26
                0x0000000000002806                __vector_14
                0x0000000000002806                __vector_10
                0x0000000000002806                __vector_20
                0x0000000000002806                __vector_42

.text._Exit     0x000000000000280a        0x4
 .text._Exit    0x000000000000280a        0x4 c:/program files/microchip/xc8/v3.00/avr/bin/../lib/gcc/avr/5.4.0/../../../../avr/lib/avr5\libc.a(_Exit.o)
                0x000000000000280a                _Exit

.text.__dummy_fini
                0x000000000000280e        0x2
 .text.__dummy_fini
                0x000000000000280e        0x2 c:/program files/microchip/xc8/v3.00/avr/bin/../lib/gcc/avr/5.4.0/../../../../avr/lib/avr5\libc.a(exit.o)
                0x000000000000280e                _fini

.text.__dummy_funcs_on_exit
                0x0000000000002810        0x2
 .text.__dummy_funcs_on_exit
                0x0000000000002810        0x2 c:/program files/microchip/xc8/v3.00/avr/bin/../lib/gcc/avr/5.4.0/../../../../avr/lib/avr5\libc.a(exit.o)
                0x0000000000002810                __funcs_on_exit

.text.__dummy_simulator_exit
                0x0000000000002812        0x2
 .text.__dummy_simulator_exit
                0x0000000000002812        0x2 c:/program files/microchip/xc8/v3.00/avr/bin/../lib/gcc/avr/5.4.0/../../../../avr/lib/avr5\libc.a(exit.o)
                0x0000000000002812                __simulator_exit

.rodata         0x0000000000800102      0x22f load address 0x0000000000002814
 .rodata        0x0000000000800102      0x22f build/DebugWire/production/main.o

.rodata.state_table
                0x0000000000800331       0x16 load address 0x0000000000002a43
 .rodata.state_table
                0x0000000000800331       0x16 c:/program files/microchip/xc8/v3.00/avr/bin/../lib/gcc/avr/5.4.0/../../../../avr/lib/avr5\libc.a(__printf_core.o)

.data.Timer_PrescalerBitValues
                0x0000000000800347       0x14 load address 0x0000000000002a59
 .data.Timer_PrescalerBitValues
                0x0000000000800347       0x14 build/DebugWire/production/Timer.o

.data.uart_output
                0x000000000080035b       0x10 load address 0x0000000000002a6d
 .data.uart_output
                0x000000000080035b       0x10 build/DebugWire/production/UART.o

.data.ExternalInterruptCallbackStructArray
                0x000000000080036b        0x8 load address 0x0000000000002a7d
 .data.ExternalInterruptCallbackStructArray
                0x000000000080036b        0x8 build/DebugWire/production/ExternalInterrupt.o

.rodata.nuls.2781
                0x0000000000800373        0x7 load address 0x0000000000002a85
 .rodata.nuls.2781
                0x0000000000800373        0x7 c:/program files/microchip/xc8/v3.00/avr/bin/../lib/gcc/avr/5.4.0/../../../../avr/lib/avr5\libc.a(__fmt_s.o)

.rodata.nilstr.2962
                0x000000000080037a        0x6 load address 0x0000000000002a8c
 .rodata.nilstr.2962
                0x000000000080037a        0x6 c:/program files/microchip/xc8/v3.00/avr/bin/../lib/gcc/avr/5.4.0/../../../../avr/lib/avr5\libc.a(__printf_core.o)

.data._stdout   0x0000000000800398        0x2 load address 0x0000000000002a92
 .data._stdout  0x0000000000800398        0x2 c:/program files/microchip/xc8/v3.00/avr/bin/../lib/gcc/avr/5.4.0/../../../../avr/lib/avr5\libc.a(stdout.o)
                0x0000000000800398                _stdout

.data.I2CAddress
                0x000000000080039e        0x1 load address 0x0000000000002a94
 .data.I2CAddress
                0x000000000080039e        0x1 build/DebugWire/production/main.o
